Archive member included to satisfy reference by file (symbol)

/opt/Atollic_TrueSTUDIO_for_STM32_x86_64_9.3.0/ARMTools/bin/../lib/gcc/arm-atollic-eabi/6.3.1/../../../../arm-atollic-eabi/lib/armv7e-m/fpu/libc.a(lib_a-assert.o)
                              Middleware/Modbus/functions/mbutils.o (__assert_func)
/opt/Atollic_TrueSTUDIO_for_STM32_x86_64_9.3.0/ARMTools/bin/../lib/gcc/arm-atollic-eabi/6.3.1/../../../../arm-atollic-eabi/lib/armv7e-m/fpu/libc.a(lib_a-errno.o)
                              Src/syscalls.o (__errno)
/opt/Atollic_TrueSTUDIO_for_STM32_x86_64_9.3.0/ARMTools/bin/../lib/gcc/arm-atollic-eabi/6.3.1/../../../../arm-atollic-eabi/lib/armv7e-m/fpu/libc.a(lib_a-findfp.o)
                              Middlewares/Third_Party/FreeRTOS/Source/tasks.o (__sf_fake_stderr)
/opt/Atollic_TrueSTUDIO_for_STM32_x86_64_9.3.0/ARMTools/bin/../lib/gcc/arm-atollic-eabi/6.3.1/../../../../arm-atollic-eabi/lib/armv7e-m/fpu/libc.a(lib_a-fiprintf.o)
                              /opt/Atollic_TrueSTUDIO_for_STM32_x86_64_9.3.0/ARMTools/bin/../lib/gcc/arm-atollic-eabi/6.3.1/../../../../arm-atollic-eabi/lib/armv7e-m/fpu/libc.a(lib_a-assert.o) (fiprintf)
/opt/Atollic_TrueSTUDIO_for_STM32_x86_64_9.3.0/ARMTools/bin/../lib/gcc/arm-atollic-eabi/6.3.1/../../../../arm-atollic-eabi/lib/armv7e-m/fpu/libc.a(lib_a-fwalk.o)
                              /opt/Atollic_TrueSTUDIO_for_STM32_x86_64_9.3.0/ARMTools/bin/../lib/gcc/arm-atollic-eabi/6.3.1/../../../../arm-atollic-eabi/lib/armv7e-m/fpu/libc.a(lib_a-findfp.o) (_fwalk)
/opt/Atollic_TrueSTUDIO_for_STM32_x86_64_9.3.0/ARMTools/bin/../lib/gcc/arm-atollic-eabi/6.3.1/../../../../arm-atollic-eabi/lib/armv7e-m/fpu/libc.a(lib_a-impure.o)
                              /opt/Atollic_TrueSTUDIO_for_STM32_x86_64_9.3.0/ARMTools/bin/../lib/gcc/arm-atollic-eabi/6.3.1/../../../../arm-atollic-eabi/lib/armv7e-m/fpu/libc.a(lib_a-findfp.o) (_global_impure_ptr)
/opt/Atollic_TrueSTUDIO_for_STM32_x86_64_9.3.0/ARMTools/bin/../lib/gcc/arm-atollic-eabi/6.3.1/../../../../arm-atollic-eabi/lib/armv7e-m/fpu/libc.a(lib_a-init.o)
                              startup/startup_stm32f303xe.o (__libc_init_array)
/opt/Atollic_TrueSTUDIO_for_STM32_x86_64_9.3.0/ARMTools/bin/../lib/gcc/arm-atollic-eabi/6.3.1/../../../../arm-atollic-eabi/lib/armv7e-m/fpu/libc.a(lib_a-lock.o)
                              /opt/Atollic_TrueSTUDIO_for_STM32_x86_64_9.3.0/ARMTools/bin/../lib/gcc/arm-atollic-eabi/6.3.1/../../../../arm-atollic-eabi/lib/armv7e-m/fpu/libc.a(lib_a-findfp.o) (__retarget_lock_init_recursive)
/opt/Atollic_TrueSTUDIO_for_STM32_x86_64_9.3.0/ARMTools/bin/../lib/gcc/arm-atollic-eabi/6.3.1/../../../../arm-atollic-eabi/lib/armv7e-m/fpu/libc.a(lib_a-mallocr.o)
                              /opt/Atollic_TrueSTUDIO_for_STM32_x86_64_9.3.0/ARMTools/bin/../lib/gcc/arm-atollic-eabi/6.3.1/../../../../arm-atollic-eabi/lib/armv7e-m/fpu/libc.a(lib_a-findfp.o) (_malloc_r)
/opt/Atollic_TrueSTUDIO_for_STM32_x86_64_9.3.0/ARMTools/bin/../lib/gcc/arm-atollic-eabi/6.3.1/../../../../arm-atollic-eabi/lib/armv7e-m/fpu/libc.a(lib_a-memcpy-stub.o)
                              Middleware/Modbus/functions/mbfuncother.o (memcpy)
/opt/Atollic_TrueSTUDIO_for_STM32_x86_64_9.3.0/ARMTools/bin/../lib/gcc/arm-atollic-eabi/6.3.1/../../../../arm-atollic-eabi/lib/armv7e-m/fpu/libc.a(lib_a-memset.o)
                              Middlewares/Third_Party/FreeRTOS/Source/stream_buffer.o (memset)
/opt/Atollic_TrueSTUDIO_for_STM32_x86_64_9.3.0/ARMTools/bin/../lib/gcc/arm-atollic-eabi/6.3.1/../../../../arm-atollic-eabi/lib/armv7e-m/fpu/libc.a(lib_a-mlock.o)
                              /opt/Atollic_TrueSTUDIO_for_STM32_x86_64_9.3.0/ARMTools/bin/../lib/gcc/arm-atollic-eabi/6.3.1/../../../../arm-atollic-eabi/lib/armv7e-m/fpu/libc.a(lib_a-mallocr.o) (__malloc_lock)
/opt/Atollic_TrueSTUDIO_for_STM32_x86_64_9.3.0/ARMTools/bin/../lib/gcc/arm-atollic-eabi/6.3.1/../../../../arm-atollic-eabi/lib/armv7e-m/fpu/libc.a(lib_a-printf.o)
                              Src/modbus_helper.o (printf)
/opt/Atollic_TrueSTUDIO_for_STM32_x86_64_9.3.0/ARMTools/bin/../lib/gcc/arm-atollic-eabi/6.3.1/../../../../arm-atollic-eabi/lib/armv7e-m/fpu/libc.a(lib_a-reent.o)
                              Middlewares/Third_Party/FreeRTOS/Source/tasks.o (_reclaim_reent)
/opt/Atollic_TrueSTUDIO_for_STM32_x86_64_9.3.0/ARMTools/bin/../lib/gcc/arm-atollic-eabi/6.3.1/../../../../arm-atollic-eabi/lib/armv7e-m/fpu/libc.a(lib_a-sbrkr.o)
                              /opt/Atollic_TrueSTUDIO_for_STM32_x86_64_9.3.0/ARMTools/bin/../lib/gcc/arm-atollic-eabi/6.3.1/../../../../arm-atollic-eabi/lib/armv7e-m/fpu/libc.a(lib_a-mallocr.o) (_sbrk_r)
/opt/Atollic_TrueSTUDIO_for_STM32_x86_64_9.3.0/ARMTools/bin/../lib/gcc/arm-atollic-eabi/6.3.1/../../../../arm-atollic-eabi/lib/armv7e-m/fpu/libc.a(lib_a-sprintf.o)
                              Src/main.o (sprintf)
/opt/Atollic_TrueSTUDIO_for_STM32_x86_64_9.3.0/ARMTools/bin/../lib/gcc/arm-atollic-eabi/6.3.1/../../../../arm-atollic-eabi/lib/armv7e-m/fpu/libc.a(lib_a-stdio.o)
[...]
Memory Configuration

Name             Origin             Length             Attributes
RAM              0x0000000020000000 0x0000000000010000 xrw
CCMRAM           0x0000000010000000 0x0000000000004000 xrw
FLASH            0x0000000008000000 0x0000000000080000 xr
*default*        0x0000000000000000 0xffffffffffffffff

Linker script and memory map

LOAD /opt/Atollic_TrueSTUDIO_for_STM32_x86_64_9.3.0/ARMTools/bin/../lib/gcc/arm-atollic-eabi/6.3.1/armv7e-m/fpu/crti.o
LOAD /opt/Atollic_TrueSTUDIO_for_STM32_x86_64_9.3.0/ARMTools/bin/../lib/gcc/arm-atollic-eabi/6.3.1/armv7e-m/fpu/crtbegin.o
LOAD Drivers/STM32F3xx_HAL_Driver/Src/stm32f3xx_hal.o
LOAD Drivers/STM32F3xx_HAL_Driver/Src/stm32f3xx_hal_cortex.o
LOAD Drivers/STM32F3xx_HAL_Driver/Src/stm32f3xx_hal_dac.o
LOAD Drivers/STM32F3xx_HAL_Driver/Src/stm32f3xx_hal_dac_ex.o
LOAD Drivers/STM32F3xx_HAL_Driver/Src/stm32f3xx_hal_dma.o
LOAD Drivers/STM32F3xx_HAL_Driver/Src/stm32f3xx_hal_exti.o
LOAD Drivers/STM32F3xx_HAL_Driver/Src/stm32f3xx_hal_flash.o
LOAD Drivers/STM32F3xx_HAL_Driver/Src/stm32f3xx_hal_flash_ex.o
LOAD Drivers/STM32F3xx_HAL_Driver/Src/stm32f3xx_hal_gpio.o
LOAD Drivers/STM32F3xx_HAL_Driver/Src/stm32f3xx_hal_i2c.o
LOAD Drivers/STM32F3xx_HAL_Driver/Src/stm32f3xx_hal_i2c_ex.o
LOAD Drivers/STM32F3xx_HAL_Driver/Src/stm32f3xx_hal_pwr.o
LOAD Drivers/STM32F3xx_HAL_Driver/Src/stm32f3xx_hal_pwr_ex.o
LOAD Drivers/STM32F3xx_HAL_Driver/Src/stm32f3xx_hal_rcc.o
LOAD Drivers/STM32F3xx_HAL_Driver/Src/stm32f3xx_hal_rcc_ex.o
LOAD Drivers/STM32F3xx_HAL_Driver/Src/stm32f3xx_hal_tim.o
LOAD Drivers/STM32F3xx_HAL_Driver/Src/stm32f3xx_hal_tim_ex.o
LOAD Drivers/STM32F3xx_HAL_Driver/Src/stm32f3xx_hal_uart.o
LOAD Drivers/STM32F3xx_HAL_Driver/Src/stm32f3xx_hal_uart_ex.o
LOAD Middleware/Modbus/functions/mbfunccoils.o
LOAD Middleware/Modbus/functions/mbfuncdiag.o
LOAD Middleware/Modbus/functions/mbfuncdisc.o
LOAD Middleware/Modbus/functions/mbfuncholding.o
LOAD Middleware/Modbus/functions/mbfuncinput.o
LOAD Middleware/Modbus/functions/mbfuncother.o
LOAD Middleware/Modbus/functions/mbutils.o
LOAD Middleware/Modbus/mb.o
LOAD Middleware/Modbus/port/portevent.o
LOAD Middleware/Modbus/port/portserial.o
LOAD Middleware/Modbus/port/porttimer.o
LOAD Middleware/Modbus/rtu/mbcrc.o
LOAD Middleware/Modbus/rtu/mbrtu.o
LOAD Middlewares/Third_Party/FreeRTOS/Source/CMSIS_RTOS/cmsis_os.o
LOAD Middlewares/Third_Party/FreeRTOS/Source/croutine.o
LOAD Middlewares/Third_Party/FreeRTOS/Source/event_groups.o
LOAD Middlewares/Third_Party/FreeRTOS/Source/list.o
LOAD Middlewares/Third_Party/FreeRTOS/Source/portable/GCC/ARM_CM4F/port.o
LOAD Middlewares/Third_Party/FreeRTOS/Source/queue.o
LOAD Middlewares/Third_Party/FreeRTOS/Source/stream_buffer.o
LOAD Middlewares/Third_Party/FreeRTOS/Source/tasks.o
LOAD Middlewares/Third_Party/FreeRTOS/Source/timers.o
LOAD Src/adc.o
LOAD Src/energy.o
LOAD Src/fonts.o
LOAD Src/freertos.o
LOAD Src/main.o
LOAD Src/modbus_helper.o
LOAD Src/oled.o
LOAD Src/power.o
LOAD Src/soc.o
LOAD Src/sochelper.o
LOAD Src/stm32f3xx_hal_msp.o
LOAD Src/stm32f3xx_it.o
LOAD Src/syscalls.o
LOAD Src/system_stm32f3xx.o
LOAD startup/startup_stm32f303xe.o
                0x0000000000000080                malloc_getpagesize_P = 0x80
START GROUP
LOAD /opt/Atollic_TrueSTUDIO_for_STM32_x86_64_9.3.0/ARMTools/bin/../lib/gcc/arm-atollic-eabi/6.3.1/../../../../arm-atollic-eabi/lib/armv7e-m/fpu/libc.a
LOAD /opt/Atollic_TrueSTUDIO_for_STM32_x86_64_9.3.0/ARMTools/bin/../lib/gcc/arm-atollic-eabi/6.3.1/../../../../arm-atollic-eabi/lib/armv7e-m/fpu/libm.a
END GROUP
START GROUP
LOAD /opt/Atollic_TrueSTUDIO_for_STM32_x86_64_9.3.0/ARMTools/bin/../lib/gcc/arm-atollic-eabi/6.3.1/armv7e-m/fpu/libgcc.a
LOAD /opt/Atollic_TrueSTUDIO_for_STM32_x86_64_9.3.0/ARMTools/bin/../lib/gcc/arm-atollic-eabi/6.3.1/../../../../arm-atollic-eabi/lib/armv7e-m/fpu/libc.a
END GROUP
START GROUP
LOAD /opt/Atollic_TrueSTUDIO_for_STM32_x86_64_9.3.0/ARMTools/bin/../lib/gcc/arm-atollic-eabi/6.3.1/armv7e-m/fpu/libgcc.a
LOAD /opt/Atollic_TrueSTUDIO_for_STM32_x86_64_9.3.0/ARMTools/bin/../lib/gcc/arm-atollic-eabi/6.3.1/../../../../arm-atollic-eabi/lib/armv7e-m/fpu/libc.a
LOAD /opt/Atollic_TrueSTUDIO_for_STM32_x86_64_9.3.0/ARMTools/bin/../lib/gcc/arm-atollic-eabi/6.3.1/../../../../arm-atollic-eabi/lib/armv7e-m/fpu/libnosys.a
END GROUP
LOAD /opt/Atollic_TrueSTUDIO_for_STM32_x86_64_9.3.0/ARMTools/bin/../lib/gcc/arm-atollic-eabi/6.3.1/armv7e-m/fpu/crtend.o
LOAD /opt/Atollic_TrueSTUDIO_for_STM32_x86_64_9.3.0/ARMTools/bin/../lib/gcc/arm-atollic-eabi/6.3.1/armv7e-m/fpu/crtn.o
                0x0000000020010000                _estack = 0x20010000
                0x0000000000000200                _Min_Heap_Size = 0x200
                0x0000000000000400                _Min_Stack_Size = 0x400

.isr_vector     0x0000000008000000      0x194
                0x0000000008000000                . = ALIGN (0x4)
 *(.isr_vector)
 .isr_vector    0x0000000008000000      0x194 startup/startup_stm32f303xe.o
                0x0000000008000000                g_pfnVectors
                0x0000000008000194                . = ALIGN (0x4)

.text           0x00000000080001a0     0xaa8c
                0x00000000080001a0                . = ALIGN (0x4)
 *(.text)
 .text          0x00000000080001a0       0x40 /opt/Atollic_TrueSTUDIO_for_STM32_x86_64_9.3.0/ARMTools/bin/../lib/gcc/arm-atollic-eabi/6.3.1/armv7e-m/fpu/crtbegin.o
 .text          0x00000000080001e0       0xa0 /opt/Atollic_TrueSTUDIO_for_STM32_x86_64_9.3.0/ARMTools/bin/../lib/gcc/arm-atollic-eabi/6.3.1/../../../../arm-atollic-eabi/lib/armv7e-m/fpu/libc.a(lib_a-memchr.o)
                0x00000000080001e0                memchr
 .text          0x0000000008000280       0x10 /opt/Atollic_TrueSTUDIO_for_STM32_x86_64_9.3.0/ARMTools/bin/../lib/gcc/arm-atollic-eabi/6.3.1/../../../../arm-atollic-eabi/lib/armv7e-m/fpu/libc.a(lib_a-strlen.o)
                0x0000000008000280                strlen
 .text          0x0000000008000290      0x370 /opt/Atollic_TrueSTUDIO_for_STM32_x86_64_9.3.0/ARMTools/bin/../lib/gcc/arm-atollic-eabi/6.3.1/armv7e-m/fpu/libgcc.a(_arm_addsubdf3.o)
                0x0000000008000290                __aeabi_drsub
                0x0000000008000298                __aeabi_dsub
                0x0000000008000298                __subdf3
                0x000000000800029c                __adddf3
                0x000000000800029c                __aeabi_dadd
                0x0000000008000514                __aeabi_ui2d
                0x0000000008000514                __floatunsidf
                0x0000000008000534                __floatsidf
                0x0000000008000534                __aeabi_i2d
                0x0000000008000558                __extendsfdf2
                0x0000000008000558                __aeabi_f2d
                0x0000000008000594                __aeabi_ul2d
                0x0000000008000594                __floatundidf
                0x00000000080005a4                __floatdidf
                0x00000000080005a4                __aeabi_l2d
 .text          0x0000000008000600      0x424 /opt/Atollic_TrueSTUDIO_for_STM32_x86_64_9.3.0/ARMTools/bin/../lib/gcc/arm-atollic-eabi/6.3.1/armv7e-m/fpu/libgcc.a(_arm_muldivdf3.o)
                0x0000000008000600                __aeabi_dmul
                0x0000000008000600                __muldf3
                0x0000000008000854                __aeabi_ddiv
                0x0000000008000854                __divdf3
 .text          0x0000000008000a24      0x110 /opt/Atollic_TrueSTUDIO_for_STM32_x86_64_9.3.0/ARMTools/bin/../lib/gcc/arm-atollic-eabi/6.3.1/armv7e-m/fpu/libgcc.a(_arm_cmpdf2.o)
                0x0000000008000a24                __gtdf2
                0x0000000008000a24                __gedf2
                0x0000000008000a2c                __ltdf2
                0x0000000008000a2c                __ledf2
                0x0000000008000a34                __cmpdf2
                0x0000000008000a34                __eqdf2
                0x0000000008000a34                __nedf2
                0x0000000008000ab0                __aeabi_cdrcmple
                0x0000000008000ac0                __aeabi_cdcmple
                0x0000000008000ac0                __aeabi_cdcmpeq
                0x0000000008000ad0                __aeabi_dcmpeq
                0x0000000008000ae4                __aeabi_dcmplt
                0x0000000008000af8                __aeabi_dcmple
                0x0000000008000b0c                __aeabi_dcmpge
                0x0000000008000b20                __aeabi_dcmpgt
 .text          0x0000000008000b34       0x2c /opt/Atollic_TrueSTUDIO_for_STM32_x86_64_9.3.0/ARMTools/bin/../lib/gcc/arm-atollic-eabi/6.3.1/armv7e-m/fpu/libgcc.a(_arm_unorddf2.o)
                0x0000000008000b34                __aeabi_dcmpun
                0x0000000008000b34                __unorddf2
 .text          0x0000000008000b60       0x50 /opt/Atollic_TrueSTUDIO_for_STM32_x86_64_9.3.0/ARMTools/bin/../lib/gcc/arm-atollic-eabi/6.3.1/armv7e-m/fpu/libgcc.a(_arm_fixdfsi.o)
                0x0000000008000b60                __fixdfsi
                0x0000000008000b60                __aeabi_d2iz
 .text          0x0000000008000bb0       0x40 /opt/Atollic_TrueSTUDIO_for_STM32_x86_64_9.3.0/ARMTools/bin/../lib/gcc/arm-atollic-eabi/6.3.1/armv7e-m/fpu/libgcc.a(_arm_fixunsdfsi.o)
                0x0000000008000bb0                __fixunsdfsi
                0x0000000008000bb0                __aeabi_d2uiz
 .text          0x0000000008000bf0       0xa0 /opt/Atollic_TrueSTUDIO_for_STM32_x86_64_9.3.0/ARMTools/bin/../lib/gcc/arm-atollic-eabi/6.3.1/armv7e-m/fpu/libgcc.a(_arm_truncdfsf2.o)
                0x0000000008000bf0                __aeabi_d2f
                0x0000000008000bf0                __truncdfsf2
 .text          0x0000000008000c90       0x30 /opt/Atollic_TrueSTUDIO_for_STM32_x86_64_9.3.0/ARMTools/bin/../lib/gcc/arm-atollic-eabi/6.3.1/armv7e-m/fpu/libgcc.a(_aeabi_uldivmod.o)
                0x0000000008000c90                __aeabi_uldivmod
 .text          0x0000000008000cc0      0x2dc /opt/Atollic_TrueSTUDIO_for_STM32_x86_64_9.3.0/ARMTools/bin/../lib/gcc/arm-atollic-eabi/6.3.1/armv7e-m/fpu/libgcc.a(_udivmoddi4.o)
                0x0000000008000cc0                __udivmoddi4
 .text          0x0000000008000f9c        0x4 /opt/Atollic_TrueSTUDIO_for_STM32_x86_64_9.3.0/ARMTools/bin/../lib/gcc/arm-atollic-eabi/6.3.1/armv7e-m/fpu/libgcc.a(_dvmd_tls.o)
                0x0000000008000f9c                __aeabi_ldiv0
                0x0000000008000f9c                __aeabi_idiv0
 *(.text*)
 .text.HAL_InitTick
                0x0000000008000fa0       0x48 Drivers/STM32F3xx_HAL_Driver/Src/stm32f3xx_hal.o
                0x0000000008000fa0                HAL_InitTick
 .text.HAL_Init
                0x0000000008000fe8       0x24 Drivers/STM32F3xx_HAL_Driver/Src/stm32f3xx_hal.o
                0x0000000008000fe8                HAL_Init
 .text.HAL_IncTick
                0x000000000800100c       0x18 Drivers/STM32F3xx_HAL_Driver/Src/stm32f3xx_hal.o
                0x000000000800100c                HAL_IncTick
 .text.HAL_GetTick
                0x0000000008001024        0xc Drivers/STM32F3xx_HAL_Driver/Src/stm32f3xx_hal.o
                0x0000000008001024                HAL_GetTick
 .text.HAL_Delay
                0x0000000008001030       0x28 Drivers/STM32F3xx_HAL_Driver/Src/stm32f3xx_hal.o
                0x0000000008001030                HAL_Delay
 .text.HAL_NVIC_SetPriorityGrouping
                0x0000000008001058       0x24 Drivers/STM32F3xx_HAL_Driver/Src/stm32f3xx_hal_cortex.o
                0x0000000008001058                HAL_NVIC_SetPriorityGrouping
 .text.HAL_NVIC_SetPriority
                0x000000000800107c       0x68 Drivers/STM32F3xx_HAL_Driver/Src/stm32f3xx_hal_cortex.o
                0x000000000800107c                HAL_NVIC_SetPriority
 .text.HAL_NVIC_EnableIRQ
                0x00000000080010e4       0x1c Drivers/STM32F3xx_HAL_Driver/Src/stm32f3xx_hal_cortex.o
                0x00000000080010e4                HAL_NVIC_EnableIRQ
 .text.HAL_SYSTICK_Config
                0x0000000008001100       0x2c Drivers/STM32F3xx_HAL_Driver/Src/stm32f3xx_hal_cortex.o
                0x0000000008001100                HAL_SYSTICK_Config
 .text.HAL_DAC_Init
                0x000000000800112c       0x26 Drivers/STM32F3xx_HAL_Driver/Src/stm32f3xx_hal_dac.o
                0x000000000800112c                HAL_DAC_Init
 .text.HAL_DAC_DMAUnderrunCallbackCh1
                0x0000000008001152        0x2 Drivers/STM32F3xx_HAL_Driver/Src/stm32f3xx_hal_dac.o
                0x0000000008001152                HAL_DAC_DMAUnderrunCallbackCh1
 .text.HAL_DAC_SetValue
                0x0000000008001154       0x24 Drivers/STM32F3xx_HAL_Driver/Src/stm32f3xx_hal_dac_ex.o
                0x0000000008001154                HAL_DAC_SetValue
 .text.HAL_DAC_Start
                0x0000000008001178       0x4e Drivers/STM32F3xx_HAL_Driver/Src/stm32f3xx_hal_dac_ex.o
                0x0000000008001178                HAL_DAC_Start
 .text.HAL_DAC_ConfigChannel
                0x00000000080011c6       0x40 Drivers/STM32F3xx_HAL_Driver/Src/stm32f3xx_hal_dac_ex.o
                0x00000000080011c6                HAL_DAC_ConfigChannel
 .text.HAL_DACEx_DMAUnderrunCallbackCh2
                0x0000000008001206        0x2 Drivers/STM32F3xx_HAL_Driver/Src/stm32f3xx_hal_dac_ex.o
                0x0000000008001206                HAL_DACEx_DMAUnderrunCallbackCh2
 .text.HAL_DAC_IRQHandler
                0x0000000008001208       0x60 Drivers/STM32F3xx_HAL_Driver/Src/stm32f3xx_hal_dac_ex.o
                0x0000000008001208                HAL_DAC_IRQHandler
 .text.HAL_DMA_Abort_IT
                0x0000000008001268       0x48 Drivers/STM32F3xx_HAL_Driver/Src/stm32f3xx_hal_dma.o
                0x0000000008001268                HAL_DMA_Abort_IT
 .text.HAL_GPIO_Init
                0x00000000080012b0      0x1a0 Drivers/STM32F3xx_HAL_Driver/Src/stm32f3xx_hal_gpio.o
                0x00000000080012b0                HAL_GPIO_Init
 .text.HAL_GPIO_ReadPin
                0x0000000008001450        0xc Drivers/STM32F3xx_HAL_Driver/Src/stm32f3xx_hal_gpio.o
                0x0000000008001450                HAL_GPIO_ReadPin
 .text.HAL_GPIO_WritePin
                0x000000000800145c        0xa Drivers/STM32F3xx_HAL_Driver/Src/stm32f3xx_hal_gpio.o
                0x000000000800145c                HAL_GPIO_WritePin
 .text.HAL_GPIO_TogglePin
                0x0000000008001466        0xc Drivers/STM32F3xx_HAL_Driver/Src/stm32f3xx_hal_gpio.o
                0x0000000008001466                HAL_GPIO_TogglePin
 *fill*         0x0000000008001472        0x2 
 .text.HAL_GPIO_EXTI_IRQHandler
                0x0000000008001474       0x18 Drivers/STM32F3xx_HAL_Driver/Src/stm32f3xx_hal_gpio.o
                0x0000000008001474                HAL_GPIO_EXTI_IRQHandler
 .text.I2C_Flush_TXDR
                0x000000000800148c       0x1c Drivers/STM32F3xx_HAL_Driver/Src/stm32f3xx_hal_i2c.o
 .text.I2C_TransferConfig
                0x00000000080014a8       0x34 Drivers/STM32F3xx_HAL_Driver/Src/stm32f3xx_hal_i2c.o
 .text.I2C_WaitOnFlagUntilTimeout
                0x00000000080014dc       0x56 Drivers/STM32F3xx_HAL_Driver/Src/stm32f3xx_hal_i2c.o
 .text.I2C_IsAcknowledgeFailed
                0x0000000008001532       0x7a Drivers/STM32F3xx_HAL_Driver/Src/stm32f3xx_hal_i2c.o
 .text.I2C_WaitOnTXISFlagUntilTimeout
                0x00000000080015ac       0x4e Drivers/STM32F3xx_HAL_Driver/Src/stm32f3xx_hal_i2c.o
 *fill*         0x00000000080015fa        0x2 
 .text.I2C_RequestMemoryWrite
                0x00000000080015fc       0x64 Drivers/STM32F3xx_HAL_Driver/Src/stm32f3xx_hal_i2c.o
 .text.I2C_RequestMemoryRead
                0x0000000008001660       0x64 Drivers/STM32F3xx_HAL_Driver/Src/stm32f3xx_hal_i2c.o
 .text.I2C_WaitOnSTOPFlagUntilTimeout
                0x00000000080016c4       0x4a Drivers/STM32F3xx_HAL_Driver/Src/stm32f3xx_hal_i2c.o
 .text.HAL_I2C_Init
                0x000000000800170e       0xa2 Drivers/STM32F3xx_HAL_Driver/Src/stm32f3xx_hal_i2c.o
                0x000000000800170e                HAL_I2C_Init
 .text.HAL_I2C_Mem_Write
                0x00000000080017b0      0x16e Drivers/STM32F3xx_HAL_Driver/Src/stm32f3xx_hal_i2c.o
                0x00000000080017b0                HAL_I2C_Mem_Write
 *fill*         0x000000000800191e        0x2 
 .text.HAL_I2C_Mem_Read
                0x0000000008001920      0x17c Drivers/STM32F3xx_HAL_Driver/Src/stm32f3xx_hal_i2c.o
                0x0000000008001920                HAL_I2C_Mem_Read
 .text.HAL_I2CEx_ConfigAnalogFilter
                0x0000000008001a9c       0x4c Drivers/STM32F3xx_HAL_Driver/Src/stm32f3xx_hal_i2c_ex.o
                0x0000000008001a9c                HAL_I2CEx_ConfigAnalogFilter
 .text.HAL_I2CEx_ConfigDigitalFilter
                0x0000000008001ae8       0x4a Drivers/STM32F3xx_HAL_Driver/Src/stm32f3xx_hal_i2c_ex.o
                0x0000000008001ae8                HAL_I2CEx_ConfigDigitalFilter
 *fill*         0x0000000008001b32        0x2 
 .text.HAL_RCC_OscConfig
                0x0000000008001b34      0x538 Drivers/STM32F3xx_HAL_Driver/Src/stm32f3xx_hal_rcc.o
                0x0000000008001b34                HAL_RCC_OscConfig
 .text.HAL_RCC_GetSysClockFreq
                0x000000000800206c       0x58 Drivers/STM32F3xx_HAL_Driver/Src/stm32f3xx_hal_rcc.o
                0x000000000800206c                HAL_RCC_GetSysClockFreq
 .text.HAL_RCC_ClockConfig
                0x00000000080020c4      0x15c Drivers/STM32F3xx_HAL_Driver/Src/stm32f3xx_hal_rcc.o
                0x00000000080020c4                HAL_RCC_ClockConfig
 .text.HAL_RCC_GetPCLK1Freq
                0x0000000008002220       0x30 Drivers/STM32F3xx_HAL_Driver/Src/stm32f3xx_hal_rcc.o
                0x0000000008002220                HAL_RCC_GetPCLK1Freq
 .text.HAL_RCC_GetPCLK2Freq
                0x0000000008002250       0x30 Drivers/STM32F3xx_HAL_Driver/Src/stm32f3xx_hal_rcc.o
                0x0000000008002250                HAL_RCC_GetPCLK2Freq
 .text.HAL_RCCEx_PeriphCLKConfig
                0x0000000008002280      0x288 Drivers/STM32F3xx_HAL_Driver/Src/stm32f3xx_hal_rcc_ex.o
                0x0000000008002280                HAL_RCCEx_PeriphCLKConfig
 .text.HAL_TIM_Base_Start_IT
                0x0000000008002508       0x2c Drivers/STM32F3xx_HAL_Driver/Src/stm32f3xx_hal_tim.o
                0x0000000008002508                HAL_TIM_Base_Start_IT
 .text.HAL_TIM_Base_Stop_IT
                0x0000000008002534       0x2a Drivers/STM32F3xx_HAL_Driver/Src/stm32f3xx_hal_tim.o
                0x0000000008002534                HAL_TIM_Base_Stop_IT
 .text.HAL_TIM_OC_DelayElapsedCallback
                0x000000000800255e        0x2 Drivers/STM32F3xx_HAL_Driver/Src/stm32f3xx_hal_tim.o
                0x000000000800255e                HAL_TIM_OC_DelayElapsedCallback
 .text.HAL_TIM_IC_CaptureCallback
                0x0000000008002560        0x2 Drivers/STM32F3xx_HAL_Driver/Src/stm32f3xx_hal_tim.o
                0x0000000008002560                HAL_TIM_IC_CaptureCallback
 .text.HAL_TIM_PWM_PulseFinishedCallback
                0x0000000008002562        0x2 Drivers/STM32F3xx_HAL_Driver/Src/stm32f3xx_hal_tim.o
                0x0000000008002562                HAL_TIM_PWM_PulseFinishedCallback
 .text.HAL_TIM_TriggerCallback
                0x0000000008002564        0x2 Drivers/STM32F3xx_HAL_Driver/Src/stm32f3xx_hal_tim.o
                0x0000000008002564                HAL_TIM_TriggerCallback
 .text.HAL_TIM_IRQHandler
                0x0000000008002566      0x160 Drivers/STM32F3xx_HAL_Driver/Src/stm32f3xx_hal_tim.o
                0x0000000008002566                HAL_TIM_IRQHandler
 *fill*         0x00000000080026c6        0x2 
 .text.TIM_Base_SetConfig
                0x00000000080026c8       0xd4 Drivers/STM32F3xx_HAL_Driver/Src/stm32f3xx_hal_tim.o
                0x00000000080026c8                TIM_Base_SetConfig
 .text.HAL_TIM_Base_Init
                0x000000000800279c       0x34 Drivers/STM32F3xx_HAL_Driver/Src/stm32f3xx_hal_tim.o
                0x000000000800279c                HAL_TIM_Base_Init
 .text.HAL_TIMEx_MasterConfigSynchronization
                0x00000000080027d0       0x98 Drivers/STM32F3xx_HAL_Driver/Src/stm32f3xx_hal_tim_ex.o
                0x00000000080027d0                HAL_TIMEx_MasterConfigSynchronization
 .text.HAL_TIMEx_CommutCallback
                0x0000000008002868        0x2 Drivers/STM32F3xx_HAL_Driver/Src/stm32f3xx_hal_tim_ex.o
                0x0000000008002868                HAL_TIMEx_CommutCallback
 .text.HAL_TIMEx_BreakCallback
                0x000000000800286a        0x2 Drivers/STM32F3xx_HAL_Driver/Src/stm32f3xx_hal_tim_ex.o
                0x000000000800286a                HAL_TIMEx_BreakCallback
 .text.HAL_TIMEx_Break2Callback
                0x000000000800286c        0x2 Drivers/STM32F3xx_HAL_Driver/Src/stm32f3xx_hal_tim_ex.o
                0x000000000800286c                HAL_TIMEx_Break2Callback
 .text.UART_EndRxTransfer
                0x000000000800286e       0x1c Drivers/STM32F3xx_HAL_Driver/Src/stm32f3xx_hal_uart.o
 .text.HAL_UART_TxCpltCallback
                0x000000000800288a        0x2 Drivers/STM32F3xx_HAL_Driver/Src/stm32f3xx_hal_uart.o
                0x000000000800288a                HAL_UART_TxCpltCallback
 .text.HAL_UART_ErrorCallback
                0x000000000800288c        0x2 Drivers/STM32F3xx_HAL_Driver/Src/stm32f3xx_hal_uart.o
                0x000000000800288c                HAL_UART_ErrorCallback
 *fill*         0x000000000800288e        0x2 
 .text.HAL_UART_IRQHandler
                0x0000000008002890      0x148 Drivers/STM32F3xx_HAL_Driver/Src/stm32f3xx_hal_uart.o
                0x0000000008002890                HAL_UART_IRQHandler
 .text.UART_DMAAbortOnError
                0x00000000080029d8       0x14 Drivers/STM32F3xx_HAL_Driver/Src/stm32f3xx_hal_uart.o
 .text.UART_SetConfig
                0x00000000080029ec      0x220 Drivers/STM32F3xx_HAL_Driver/Src/stm32f3xx_hal_uart.o
                0x00000000080029ec                UART_SetConfig
 .text.UART_AdvFeatureConfig
                0x0000000008002c0c       0xa8 Drivers/STM32F3xx_HAL_Driver/Src/stm32f3xx_hal_uart.o
                0x0000000008002c0c                UART_AdvFeatureConfig
 .text.UART_WaitOnFlagUntilTimeout
                0x0000000008002cb4       0x86 Drivers/STM32F3xx_HAL_Driver/Src/stm32f3xx_hal_uart.o
                0x0000000008002cb4                UART_WaitOnFlagUntilTimeout
 .text.HAL_UART_Transmit
                0x0000000008002d3a       0xae Drivers/STM32F3xx_HAL_Driver/Src/stm32f3xx_hal_uart.o
                0x0000000008002d3a                HAL_UART_Transmit
 .text.UART_CheckIdleState
                0x0000000008002de8       0x60 Drivers/STM32F3xx_HAL_Driver/Src/stm32f3xx_hal_uart.o
                0x0000000008002de8                UART_CheckIdleState
 .text.HAL_UART_Init
                0x0000000008002e48       0x5c Drivers/STM32F3xx_HAL_Driver/Src/stm32f3xx_hal_uart.o
                0x0000000008002e48                HAL_UART_Init
 .text.HAL_UARTEx_WakeupCallback
                0x0000000008002ea4        0x2 Drivers/STM32F3xx_HAL_Driver/Src/stm32f3xx_hal_uart_ex.o
                0x0000000008002ea4                HAL_UARTEx_WakeupCallback
 .text.eMBFuncReadCoils
                0x0000000008002ea6       0x6c Middleware/Modbus/functions/mbfunccoils.o
                0x0000000008002ea6                eMBFuncReadCoils
 .text.eMBFuncWriteCoil
                0x0000000008002f12       0x4a Middleware/Modbus/functions/mbfunccoils.o
                0x0000000008002f12                eMBFuncWriteCoil
 .text.eMBFuncWriteMultipleCoils
                0x0000000008002f5c       0x58 Middleware/Modbus/functions/mbfunccoils.o
                0x0000000008002f5c                eMBFuncWriteMultipleCoils
 .text.eMBFuncReadDiscreteInputs
                0x0000000008002fb4       0x6a Middleware/Modbus/functions/mbfuncdisc.o
                0x0000000008002fb4                eMBFuncReadDiscreteInputs
 .text.eMBFuncWriteHoldingRegister
                0x000000000800301e       0x2e Middleware/Modbus/functions/mbfuncholding.o
                0x000000000800301e                eMBFuncWriteHoldingRegister
 .text.eMBFuncWriteMultipleHoldingRegister
                0x000000000800304c       0x4a Middleware/Modbus/functions/mbfuncholding.o
                0x000000000800304c                eMBFuncWriteMultipleHoldingRegister
 .text.eMBFuncReadHoldingRegister
                0x0000000008003096       0x58 Middleware/Modbus/functions/mbfuncholding.o
                0x0000000008003096                eMBFuncReadHoldingRegister
 .text.eMBFuncReadWriteMultipleHoldingRegister
                0x00000000080030ee       0x9c Middleware/Modbus/functions/mbfuncholding.o
                0x00000000080030ee                eMBFuncReadWriteMultipleHoldingRegister
 .text.eMBFuncReadInputRegister
                0x000000000800318a       0x58 Middleware/Modbus/functions/mbfuncinput.o
                0x000000000800318a                eMBFuncReadInputRegister
 *fill*         0x00000000080031e2        0x2 
 .text.eMBFuncReportSlaveID
                0x00000000080031e4       0x24 Middleware/Modbus/functions/mbfuncother.o
                0x00000000080031e4                eMBFuncReportSlaveID
 .text.prveMBError2Exception
                0x0000000008003208       0x10 Middleware/Modbus/functions/mbutils.o
                0x0000000008003208                prveMBError2Exception
 .text.eMBInit  0x0000000008003218       0xb0 Middleware/Modbus/mb.o
                0x0000000008003218                eMBInit
 .text.eMBEnable
                0x00000000080032c8       0x24 Middleware/Modbus/mb.o
                0x00000000080032c8                eMBEnable
 .text.eMBPoll  0x00000000080032ec       0xec Middleware/Modbus/mb.o
                0x00000000080032ec                eMBPoll
 .text.xMBPortEventInit
                0x00000000080033d8       0x10 Middleware/Modbus/port/portevent.o
                0x00000000080033d8                xMBPortEventInit
 .text.xMBPortEventPost
                0x00000000080033e8       0x18 Middleware/Modbus/port/portevent.o
                0x00000000080033e8                xMBPortEventPost
 .text.xMBPortEventGet
                0x0000000008003400       0x20 Middleware/Modbus/port/portevent.o
                0x0000000008003400                xMBPortEventGet
 .text.vMBPortSerialEnable
                0x0000000008003420       0x30 Middleware/Modbus/port/portserial.o
                0x0000000008003420                vMBPortSerialEnable
 .text.xMBPortSerialInit
                0x0000000008003450        0x4 Middleware/Modbus/port/portserial.o
                0x0000000008003450                xMBPortSerialInit
 .text.xMBPortSerialPutByte
                0x0000000008003454       0x24 Middleware/Modbus/port/portserial.o
                0x0000000008003454                xMBPortSerialPutByte
 .text.xMBPortSerialGetByte
                0x0000000008003478       0x10 Middleware/Modbus/port/portserial.o
                0x0000000008003478                xMBPortSerialGetByte
 .text.xMBPortTimersInit
                0x0000000008003488       0x58 Middleware/Modbus/port/porttimer.o
                0x0000000008003488                xMBPortTimersInit
 .text.vMBPortTimersEnable
                0x00000000080034e0       0x1c Middleware/Modbus/port/porttimer.o
                0x00000000080034e0                vMBPortTimersEnable
 .text.vMBPortTimersDisable
                0x00000000080034fc        0xc Middleware/Modbus/port/porttimer.o
                0x00000000080034fc                vMBPortTimersDisable
 .text.usMBCRC16
                0x0000000008003508       0x2c Middleware/Modbus/rtu/mbcrc.o
                0x0000000008003508                usMBCRC16
 .text.eMBRTUInit
                0x0000000008003534       0x38 Middleware/Modbus/rtu/mbrtu.o
                0x0000000008003534                eMBRTUInit
 .text.eMBRTUStart
                0x000000000800356c       0x1c Middleware/Modbus/rtu/mbrtu.o
                0x000000000800356c                eMBRTUStart
 .text.eMBRTUStop
                0x0000000008003588       0x12 Middleware/Modbus/rtu/mbrtu.o
                0x0000000008003588                eMBRTUStop
 *fill*         0x000000000800359a        0x2 
 .text.eMBRTUReceive
                0x000000000800359c       0x68 Middleware/Modbus/rtu/mbrtu.o
                0x000000000800359c                eMBRTUReceive
 .text.eMBRTUSend
                0x0000000008003604       0x78 Middleware/Modbus/rtu/mbrtu.o
                0x0000000008003604                eMBRTUSend
 .text.xMBRTUReceiveFSM
                0x000000000800367c       0x94 Middleware/Modbus/rtu/mbrtu.o
                0x000000000800367c                xMBRTUReceiveFSM
 .text.xMBRTUTransmitFSM
                0x0000000008003710       0x88 Middleware/Modbus/rtu/mbrtu.o
                0x0000000008003710                xMBRTUTransmitFSM
 .text.xMBRTUTimerT35Expired
                0x0000000008003798       0x64 Middleware/Modbus/rtu/mbrtu.o
                0x0000000008003798                xMBRTUTimerT35Expired
 .text.osKernelStart
                0x00000000080037fc        0xa Middlewares/Third_Party/FreeRTOS/Source/CMSIS_RTOS/cmsis_os.o
                0x00000000080037fc                osKernelStart
 .text.osThreadCreate
                0x0000000008003806       0x2a Middlewares/Third_Party/FreeRTOS/Source/CMSIS_RTOS/cmsis_os.o
                0x0000000008003806                osThreadCreate
 .text.vListInitialise
                0x0000000008003830       0x16 Middlewares/Third_Party/FreeRTOS/Source/list.o
                0x0000000008003830                vListInitialise
 .text.vListInitialiseItem
                0x0000000008003846        0x6 Middlewares/Third_Party/FreeRTOS/Source/list.o
                0x0000000008003846                vListInitialiseItem
 .text.vListInsertEnd
                0x000000000800384c       0x18 Middlewares/Third_Party/FreeRTOS/Source/list.o
                0x000000000800384c                vListInsertEnd
 .text.uxListRemove
                0x0000000008003864       0x22 Middlewares/Third_Party/FreeRTOS/Source/list.o
                0x0000000008003864                uxListRemove
 *fill*         0x0000000008003886        0x2 
 .text.prvTaskExitError
                0x0000000008003888       0x40 Middlewares/Third_Party/FreeRTOS/Source/portable/GCC/ARM_CM4F/port.o
 .text.unlikely.prvPortStartFirstTask
                0x00000000080038c8       0x28 Middlewares/Third_Party/FreeRTOS/Source/portable/GCC/ARM_CM4F/port.o
 .text.unlikely.vPortEnableVFP
                0x00000000080038f0       0x14 Middlewares/Third_Party/FreeRTOS/Source/portable/GCC/ARM_CM4F/port.o
 .text.pxPortInitialiseStack
                0x0000000008003904       0x2c Middlewares/Third_Party/FreeRTOS/Source/portable/GCC/ARM_CM4F/port.o
                0x0000000008003904                pxPortInitialiseStack
 .text.SVC_Handler
                0x0000000008003930       0x24 Middlewares/Third_Party/FreeRTOS/Source/portable/GCC/ARM_CM4F/port.o
                0x0000000008003930                SVC_Handler
 .text.vPortEnterCritical
                0x0000000008003954       0x44 Middlewares/Third_Party/FreeRTOS/Source/portable/GCC/ARM_CM4F/port.o
                0x0000000008003954                vPortEnterCritical
 .text.vPortExitCritical
                0x0000000008003998       0x28 Middlewares/Third_Party/FreeRTOS/Source/portable/GCC/ARM_CM4F/port.o
                0x0000000008003998                vPortExitCritical
 .text.PendSV_Handler
                0x00000000080039c0       0x64 Middlewares/Third_Party/FreeRTOS/Source/portable/GCC/ARM_CM4F/port.o
                0x00000000080039c0                PendSV_Handler
 .text.xPortSysTickHandler
                0x0000000008003a24       0x2c Middlewares/Third_Party/FreeRTOS/Source/portable/GCC/ARM_CM4F/port.o
                0x0000000008003a24                xPortSysTickHandler
 .text.vPortSetupTimerInterrupt
                0x0000000008003a50       0x34 Middlewares/Third_Party/FreeRTOS/Source/portable/GCC/ARM_CM4F/port.o
                0x0000000008003a50                vPortSetupTimerInterrupt
 .text.xPortStartScheduler
                0x0000000008003a84      0x10c Middlewares/Third_Party/FreeRTOS/Source/portable/GCC/ARM_CM4F/port.o
                0x0000000008003a84                xPortStartScheduler
 .text.prvIdleTask
                0x0000000008003b90       0x5c Middlewares/Third_Party/FreeRTOS/Source/tasks.o
 .text.prvResetNextTaskUnblockTime
                0x0000000008003bec       0x24 Middlewares/Third_Party/FreeRTOS/Source/tasks.o
 .text.xTaskCreateStatic
                0x0000000008003c10      0x1c0 Middlewares/Third_Party/FreeRTOS/Source/tasks.o
                0x0000000008003c10                xTaskCreateStatic
 .text.vTaskStartScheduler
                0x0000000008003dd0       0x7c Middlewares/Third_Party/FreeRTOS/Source/tasks.o
                0x0000000008003dd0                vTaskStartScheduler
 .text.xTaskIncrementTick
                0x0000000008003e4c       0xd8 Middlewares/Third_Party/FreeRTOS/Source/tasks.o
                0x0000000008003e4c                xTaskIncrementTick
 .text.vTaskSwitchContext
                0x0000000008003f24       0x80 Middlewares/Third_Party/FreeRTOS/Source/tasks.o
                0x0000000008003f24                vTaskSwitchContext
 .text.xTaskGetSchedulerState
                0x0000000008003fa4       0x20 Middlewares/Third_Party/FreeRTOS/Source/tasks.o
                0x0000000008003fa4                xTaskGetSchedulerState
 .text.LTC2990_ConfigureControlReg
                0x0000000008003fc4       0x24 Src/adc.o
                0x0000000008003fc4                LTC2990_ConfigureControlReg
 .text.LTC2990_Trigger
                0x0000000008003fe8       0x24 Src/adc.o
                0x0000000008003fe8                LTC2990_Trigger
 .text.LTC2990_WaitForConversion
                0x000000000800400c       0x52 Src/adc.o
                0x000000000800400c                LTC2990_WaitForConversion
 *fill*         0x000000000800405e        0x2 
 .text.LTC2990_ReadVcc
                0x0000000008004060       0x94 Src/adc.o
                0x0000000008004060                LTC2990_ReadVcc
 *fill*         0x00000000080040f4        0x4 
 .text.LTC2990_ReadV2
                0x00000000080040f8       0x90 Src/adc.o
                0x00000000080040f8                LTC2990_ReadV2
 .text.LTC2990_ReadV1
                0x0000000008004188       0x90 Src/adc.o
                0x0000000008004188                LTC2990_ReadV1
 .text.LTC2990_ReadCurrent
                0x0000000008004218       0x3c Src/adc.o
                0x0000000008004218                LTC2990_ReadCurrent
 .text.LTC2990_ReadVoltage
                0x0000000008004254       0x24 Src/adc.o
                0x0000000008004254                LTC2990_ReadVoltage
 .text.performDischargeStep
                0x0000000008004278       0x78 Src/energy.o
                0x0000000008004278                performDischargeStep
 .text.setupEnergyAvailableDischarge
                0x00000000080042f0       0x10 Src/energy.o
                0x00000000080042f0                setupEnergyAvailableDischarge
 .text.calculateEnergyAvailableDischarge
                0x0000000008004300       0x18 Src/energy.o
                0x0000000008004300                calculateEnergyAvailableDischarge
 .text.getEnergyAvaialbelDischarge
                0x0000000008004318        0xc Src/energy.o
                0x0000000008004318                getEnergyAvaialbelDischarge
 .text.vApplicationGetIdleTaskMemory
                0x0000000008004324       0x18 Src/freertos.o
                0x0000000008004324                vApplicationGetIdleTaskMemory
 .text.SystemClock_Config
                0x000000000800433c       0x78 Src/main.o
                0x000000000800433c                SystemClock_Config
 .text.startup.main
                0x00000000080043b4      0x2c0 Src/main.o
                0x00000000080043b4                main
 .text.getLatestADCValues
                0x0000000008004674       0x5c Src/main.o
                0x0000000008004674                getLatestADCValues
 .text.updateOLED
                0x00000000080046d0      0x1b0 Src/main.o
                0x00000000080046d0                updateOLED
 .text.calcSOC  0x0000000008004880       0x54 Src/main.o
                0x0000000008004880                calcSOC
 .text.StartDefaultTask
                0x00000000080048d4       0x70 Src/main.o
                0x00000000080048d4                StartDefaultTask
 .text.HAL_GPIO_EXTI_Callback
                0x0000000008004944       0x18 Src/main.o
                0x0000000008004944                HAL_GPIO_EXTI_Callback
 *fill*         0x000000000800495c        0x4 
 .text.Discharging_Set
                0x0000000008004960       0x5c Src/main.o
                0x0000000008004960                Discharging_Set
 .text.Change_State.part.2
                0x00000000080049bc       0x1c Src/main.o
 .text.Charging_Enable
                0x00000000080049d8       0x18 Src/main.o
                0x00000000080049d8                Charging_Enable
 .text.Change_State
                0x00000000080049f0       0x38 Src/main.o
                0x00000000080049f0                Change_State
 .text.HAL_TIM_PeriodElapsedCallback
                0x0000000008004a28      0x118 Src/main.o
                0x0000000008004a28                HAL_TIM_PeriodElapsedCallback
 .text.enable_modbusrtu
                0x0000000008004b40       0x30 Src/modbus_helper.o
                0x0000000008004b40                enable_modbusrtu
 .text.updateModbusInputRegisters
                0x0000000008004b70       0x84 Src/modbus_helper.o
                0x0000000008004b70                updateModbusInputRegisters
 .text.modbus_task
                0x0000000008004bf4       0x20 Src/modbus_helper.o
                0x0000000008004bf4                modbus_task
 .text.modbus_task_init
                0x0000000008004c14       0x2c Src/modbus_helper.o
                0x0000000008004c14                modbus_task_init
 .text.eMBRegInputCB
                0x0000000008004c40       0x40 Src/modbus_helper.o
                0x0000000008004c40                eMBRegInputCB
 .text.eMBRegHoldingCB
                0x0000000008004c80       0x68 Src/modbus_helper.o
                0x0000000008004c80                eMBRegHoldingCB
 .text.eMBRegCoilsCB
                0x0000000008004ce8        0x4 Src/modbus_helper.o
                0x0000000008004ce8                eMBRegCoilsCB
 .text.eMBRegDiscreteCB
                0x0000000008004cec        0x4 Src/modbus_helper.o
                0x0000000008004cec                eMBRegDiscreteCB
 .text.ssd1306_WriteCommand
                0x0000000008004cf0       0x28 Src/oled.o
                0x0000000008004cf0                ssd1306_WriteCommand
 .text.ssd1306_Fill
                0x0000000008004d18       0x1c Src/oled.o
                0x0000000008004d18                ssd1306_Fill
 .text.ssd1306_UpdateScreen
                0x0000000008004d34       0x4c Src/oled.o
                0x0000000008004d34                ssd1306_UpdateScreen
 .text.ssd1306_Init
                0x0000000008004d80       0xcc Src/oled.o
                0x0000000008004d80                ssd1306_Init
 .text.ssd1306_DrawPixel
                0x0000000008004e4c       0x48 Src/oled.o
                0x0000000008004e4c                ssd1306_DrawPixel
 .text.ssd1306_WriteChar
                0x0000000008004e94       0x9c Src/oled.o
                0x0000000008004e94                ssd1306_WriteChar
 .text.ssd1306_WriteString
                0x0000000008004f30       0x2a Src/oled.o
                0x0000000008004f30                ssd1306_WriteString
 *fill*         0x0000000008004f5a        0x2 
 .text.ssd1306_SetCursor
                0x0000000008004f5c        0xc Src/oled.o
                0x0000000008004f5c                ssd1306_SetCursor
 .text.computePower
                0x0000000008004f68       0x48 Src/power.o
                0x0000000008004f68                computePower
 .text.calcdeltaAh
                0x0000000008004fb0       0x14 Src/soc.o
                0x0000000008004fb0                calcdeltaAh
 .text.socByOCV
                0x0000000008004fc4       0x14 Src/soc.o
                0x0000000008004fc4                socByOCV
 .text.lookupSOCByOCV
                0x0000000008004fd8       0x84 Src/sochelper.o
                0x0000000008004fd8                lookupSOCByOCV
 .text.HAL_MspInit
                0x000000000800505c       0x40 Src/stm32f3xx_hal_msp.o
                0x000000000800505c                HAL_MspInit
 .text.HAL_DAC_MspInit
                0x000000000800509c       0x6c Src/stm32f3xx_hal_msp.o
                0x000000000800509c                HAL_DAC_MspInit
 .text.HAL_I2C_MspInit
                0x0000000008005108       0x68 Src/stm32f3xx_hal_msp.o
                0x0000000008005108                HAL_I2C_MspInit
 .text.HAL_TIM_Base_MspInit
                0x0000000008005170       0xc0 Src/stm32f3xx_hal_msp.o
                0x0000000008005170                HAL_TIM_Base_MspInit
 .text.HAL_UART_MspInit
                0x0000000008005230       0xc4 Src/stm32f3xx_hal_msp.o
                0x0000000008005230                HAL_UART_MspInit
 .text.NMI_Handler
                0x00000000080052f4        0x2 Src/stm32f3xx_it.o
                0x00000000080052f4                NMI_Handler
 .text.HardFault_Handler
                0x00000000080052f6       0x1a Src/stm32f3xx_it.o
                0x00000000080052f6                HardFault_Handler
 .text.MemManage_Handler
                0x0000000008005310        0x2 Src/stm32f3xx_it.o
                0x0000000008005310                MemManage_Handler
 .text.BusFault_Handler
                0x0000000008005312        0x2 Src/stm32f3xx_it.o
                0x0000000008005312                BusFault_Handler
 .text.UsageFault_Handler
                0x0000000008005314        0x2 Src/stm32f3xx_it.o
                0x0000000008005314                UsageFault_Handler
 .text.DebugMon_Handler
                0x0000000008005316        0x2 Src/stm32f3xx_it.o
                0x0000000008005316                DebugMon_Handler
 .text.SysTick_Handler
                0x0000000008005318       0x18 Src/stm32f3xx_it.o
                0x0000000008005318                SysTick_Handler
 .text.EXTI9_5_IRQHandler
                0x0000000008005330       0x16 Src/stm32f3xx_it.o
                0x0000000008005330                EXTI9_5_IRQHandler
 *fill*         0x0000000008005346        0x2 
 .text.TIM1_UP_TIM16_IRQHandler
                0x0000000008005348        0xc Src/stm32f3xx_it.o
                0x0000000008005348                TIM1_UP_TIM16_IRQHandler
 .text.TIM1_TRG_COM_TIM17_IRQHandler
                0x0000000008005354        0xc Src/stm32f3xx_it.o
                0x0000000008005354                TIM1_TRG_COM_TIM17_IRQHandler
 .text.USART1_IRQHandler
                0x0000000008005360       0x4c Src/stm32f3xx_it.o
                0x0000000008005360                USART1_IRQHandler
 .text.TIM6_DAC_IRQHandler
                0x00000000080053ac       0x1c Src/stm32f3xx_it.o
                0x00000000080053ac                TIM6_DAC_IRQHandler
 .text.TIM7_IRQHandler
                0x00000000080053c8       0x40 Src/stm32f3xx_it.o
                0x00000000080053c8                TIM7_IRQHandler
 .text.prvGetRegistersFromStack
                0x0000000008005408       0x24 Src/stm32f3xx_it.o
                0x0000000008005408                prvGetRegistersFromStack
 .text._getpid  0x000000000800542c        0x4 Src/syscalls.o
                0x000000000800542c                _getpid
 .text._kill    0x0000000008005430       0x10 Src/syscalls.o
                0x0000000008005430                _kill
 .text._exit    0x0000000008005440        0xc Src/syscalls.o
                0x0000000008005440                _exit
 .text._read    0x000000000800544c       0x1c Src/syscalls.o
                0x000000000800544c                _read
 .text._write   0x0000000008005468       0x1c Src/syscalls.o
                0x0000000008005468                _write
 .text._sbrk    0x0000000008005484       0x34 Src/syscalls.o
                0x0000000008005484                _sbrk
 .text._close   0x00000000080054b8        0x6 Src/syscalls.o
                0x00000000080054b8                _close
 .text._fstat   0x00000000080054be        0xa Src/syscalls.o
                0x00000000080054be                _fstat
 .text._isatty  0x00000000080054c8        0x4 Src/syscalls.o
                0x00000000080054c8                _isatty
 .text._lseek   0x00000000080054cc        0x4 Src/syscalls.o
                0x00000000080054cc                _lseek
 .text.SystemInit
                0x00000000080054d0       0x1c Src/system_stm32f3xx.o
                0x00000000080054d0                SystemInit
 .text.Reset_Handler
                0x00000000080054ec       0x50 startup/startup_stm32f303xe.o
                0x00000000080054ec                Reset_Handler
 .text.Default_Handler
                0x000000000800553c        0x2 startup/startup_stm32f303xe.o
                0x000000000800553c                RTC_Alarm_IRQHandler
                0x000000000800553c                TIM8_TRG_COM_IRQHandler
                0x000000000800553c                TIM8_CC_IRQHandler
                0x000000000800553c                SPI4_IRQHandler
                0x000000000800553c                TIM1_CC_IRQHandler
                0x000000000800553c                USB_HP_IRQHandler
                0x000000000800553c                PVD_IRQHandler
                0x000000000800553c                TAMP_STAMP_IRQHandler
                0x000000000800553c                EXTI3_IRQHandler
                0x000000000800553c                I2C3_ER_IRQHandler
                0x000000000800553c                USB_HP_CAN_TX_IRQHandler
                0x000000000800553c                EXTI0_IRQHandler
                0x000000000800553c                I2C2_EV_IRQHandler
                0x000000000800553c                FPU_IRQHandler
                0x000000000800553c                ADC1_2_IRQHandler
                0x000000000800553c                SPI1_IRQHandler
                0x000000000800553c                CAN_SCE_IRQHandler
                0x000000000800553c                TIM8_UP_IRQHandler
                0x000000000800553c                DMA2_Channel2_IRQHandler
                0x000000000800553c                DMA1_Channel4_IRQHandler
                0x000000000800553c                TIM20_TRG_COM_IRQHandler
                0x000000000800553c                USART3_IRQHandler
                0x000000000800553c                DMA1_Channel7_IRQHandler
                0x000000000800553c                UART5_IRQHandler
                0x000000000800553c                ADC3_IRQHandler
                0x000000000800553c                TIM4_IRQHandler
                0x000000000800553c                CAN_RX1_IRQHandler
                0x000000000800553c                DMA2_Channel1_IRQHandler
                0x000000000800553c                I2C1_EV_IRQHandler
                0x000000000800553c                DMA1_Channel6_IRQHandler
                0x000000000800553c                UART4_IRQHandler
                0x000000000800553c                DMA2_Channel4_IRQHandler
                0x000000000800553c                TIM3_IRQHandler
                0x000000000800553c                RCC_IRQHandler
                0x000000000800553c                TIM20_UP_IRQHandler
                0x000000000800553c                DMA1_Channel1_IRQHandler
                0x000000000800553c                Default_Handler
                0x000000000800553c                USBWakeUp_RMP_IRQHandler
                0x000000000800553c                EXTI15_10_IRQHandler
                0x000000000800553c                I2C3_EV_IRQHandler
                0x000000000800553c                RTC_WKUP_IRQHandler
                0x000000000800553c                SPI2_IRQHandler
                0x000000000800553c                USB_LP_CAN_RX0_IRQHandler
                0x000000000800553c                DMA2_Channel5_IRQHandler
                0x000000000800553c                DMA1_Channel5_IRQHandler
                0x000000000800553c                USB_LP_IRQHandler
                0x000000000800553c                EXTI4_IRQHandler
                0x000000000800553c                DMA1_Channel3_IRQHandler
                0x000000000800553c                ADC4_IRQHandler
                0x000000000800553c                WWDG_IRQHandler
                0x000000000800553c                TIM2_IRQHandler
                0x000000000800553c                COMP7_IRQHandler
                0x000000000800553c                COMP1_2_3_IRQHandler
                0x000000000800553c                EXTI1_IRQHandler
                0x000000000800553c                USART2_IRQHandler
                0x000000000800553c                COMP4_5_6_IRQHandler
                0x000000000800553c                TIM20_BRK_IRQHandler
                0x000000000800553c                I2C2_ER_IRQHandler
                0x000000000800553c                DMA1_Channel2_IRQHandler
                0x000000000800553c                TIM8_BRK_IRQHandler
                0x000000000800553c                FLASH_IRQHandler
                0x000000000800553c                TIM20_CC_IRQHandler
                0x000000000800553c                SPI3_IRQHandler
                0x000000000800553c                I2C1_ER_IRQHandler
                0x000000000800553c                FMC_IRQHandler
                0x000000000800553c                USBWakeUp_IRQHandler
                0x000000000800553c                DMA2_Channel3_IRQHandler
                0x000000000800553c                EXTI2_TSC_IRQHandler
                0x000000000800553c                TIM1_BRK_TIM15_IRQHandler
 *fill*         0x000000000800553e        0x2 
 .text.__assert_func
                0x0000000008005540       0x3c /opt/Atollic_TrueSTUDIO_for_STM32_x86_64_9.3.0/ARMTools/bin/../lib/gcc/arm-atollic-eabi/6.3.1/../../../../arm-atollic-eabi/lib/armv7e-m/fpu/libc.a(lib_a-assert.o)
                0x0000000008005540                __assert_func
 .text.__errno  0x000000000800557c        0xc /opt/Atollic_TrueSTUDIO_for_STM32_x86_64_9.3.0/ARMTools/bin/../lib/gcc/arm-atollic-eabi/6.3.1/../../../../arm-atollic-eabi/lib/armv7e-m/fpu/libc.a(lib_a-errno.o)
                0x000000000800557c                __errno
 .text._cleanup_r
                0x0000000008005588        0xc /opt/Atollic_TrueSTUDIO_for_STM32_x86_64_9.3.0/ARMTools/bin/../lib/gcc/arm-atollic-eabi/6.3.1/../../../../arm-atollic-eabi/lib/armv7e-m/fpu/libc.a(lib_a-findfp.o)
                0x0000000008005588                _cleanup_r
 .text.std.isra.0
                0x0000000008005594       0x48 /opt/Atollic_TrueSTUDIO_for_STM32_x86_64_9.3.0/ARMTools/bin/../lib/gcc/arm-atollic-eabi/6.3.1/../../../../arm-atollic-eabi/lib/armv7e-m/fpu/libc.a(lib_a-findfp.o)
 .text.__sfmoreglue
                0x00000000080055dc       0x2c /opt/Atollic_TrueSTUDIO_for_STM32_x86_64_9.3.0/ARMTools/bin/../lib/gcc/arm-atollic-eabi/6.3.1/../../../../arm-atollic-eabi/lib/armv7e-m/fpu/libc.a(lib_a-findfp.o)
                0x00000000080055dc                __sfmoreglue
 .text.__sfp_lock_acquire
                0x0000000008005608        0xc /opt/Atollic_TrueSTUDIO_for_STM32_x86_64_9.3.0/ARMTools/bin/../lib/gcc/arm-atollic-eabi/6.3.1/../../../../arm-atollic-eabi/lib/armv7e-m/fpu/libc.a(lib_a-findfp.o)
                0x0000000008005608                __sfp_lock_acquire
 .text.__sfp_lock_release
                0x0000000008005614        0xc /opt/Atollic_TrueSTUDIO_for_STM32_x86_64_9.3.0/ARMTools/bin/../lib/gcc/arm-atollic-eabi/6.3.1/../../../../arm-atollic-eabi/lib/armv7e-m/fpu/libc.a(lib_a-findfp.o)
                0x0000000008005614                __sfp_lock_release
 .text.__sinit_lock_acquire
                0x0000000008005620        0xc /opt/Atollic_TrueSTUDIO_for_STM32_x86_64_9.3.0/ARMTools/bin/../lib/gcc/arm-atollic-eabi/6.3.1/../../../../arm-atollic-eabi/lib/armv7e-m/fpu/libc.a(lib_a-findfp.o)
                0x0000000008005620                __sinit_lock_acquire
 .text.__sinit_lock_release
                0x000000000800562c        0xc /opt/Atollic_TrueSTUDIO_for_STM32_x86_64_9.3.0/ARMTools/bin/../lib/gcc/arm-atollic-eabi/6.3.1/../../../../arm-atollic-eabi/lib/armv7e-m/fpu/libc.a(lib_a-findfp.o)
                0x000000000800562c                __sinit_lock_release
 .text.__sinit  0x0000000008005638       0x74 /opt/Atollic_TrueSTUDIO_for_STM32_x86_64_9.3.0/ARMTools/bin/../lib/gcc/arm-atollic-eabi/6.3.1/../../../../arm-atollic-eabi/lib/armv7e-m/fpu/libc.a(lib_a-findfp.o)
                0x0000000008005638                __sinit
 .text.__sfp    0x00000000080056ac       0x8c /opt/Atollic_TrueSTUDIO_for_STM32_x86_64_9.3.0/ARMTools/bin/../lib/gcc/arm-atollic-eabi/6.3.1/../../../../arm-atollic-eabi/lib/armv7e-m/fpu/libc.a(lib_a-findfp.o)
                0x00000000080056ac                __sfp
 .text.fiprintf
                0x0000000008005738       0x24 /opt/Atollic_TrueSTUDIO_for_STM32_x86_64_9.3.0/ARMTools/bin/../lib/gcc/arm-atollic-eabi/6.3.1/../../../../arm-atollic-eabi/lib/armv7e-m/fpu/libc.a(lib_a-fiprintf.o)
                0x0000000008005738                fiprintf
 .text._fwalk_reent
                0x000000000800575c       0x3c /opt/Atollic_TrueSTUDIO_for_STM32_x86_64_9.3.0/ARMTools/bin/../lib/gcc/arm-atollic-eabi/6.3.1/../../../../arm-atollic-eabi/lib/armv7e-m/fpu/libc.a(lib_a-fwalk.o)
                0x000000000800575c                _fwalk_reent
 .text.__libc_init_array
                0x0000000008005798       0x48 /opt/Atollic_TrueSTUDIO_for_STM32_x86_64_9.3.0/ARMTools/bin/../lib/gcc/arm-atollic-eabi/6.3.1/../../../../arm-atollic-eabi/lib/armv7e-m/fpu/libc.a(lib_a-init.o)
                0x0000000008005798                __libc_init_array
 .text.__retarget_lock_init_recursive
                0x00000000080057e0        0x2 /opt/Atollic_TrueSTUDIO_for_STM32_x86_64_9.3.0/ARMTools/bin/../lib/gcc/arm-atollic-eabi/6.3.1/../../../../arm-atollic-eabi/lib/armv7e-m/fpu/libc.a(lib_a-lock.o)
                0x00000000080057e0                __retarget_lock_init_recursive
 .text.__retarget_lock_close_recursive
                0x00000000080057e2        0x2 /opt/Atollic_TrueSTUDIO_for_STM32_x86_64_9.3.0/ARMTools/bin/../lib/gcc/arm-atollic-eabi/6.3.1/../../../../arm-atollic-eabi/lib/armv7e-m/fpu/libc.a(lib_a-lock.o)
                0x00000000080057e2                __retarget_lock_close_recursive
 .text.__retarget_lock_acquire_recursive
                0x00000000080057e4        0x2 /opt/Atollic_TrueSTUDIO_for_STM32_x86_64_9.3.0/ARMTools/bin/../lib/gcc/arm-atollic-eabi/6.3.1/../../../../arm-atollic-eabi/lib/armv7e-m/fpu/libc.a(lib_a-lock.o)
                0x00000000080057e4                __retarget_lock_acquire_recursive
 .text.__retarget_lock_release_recursive
                0x00000000080057e6        0x2 /opt/Atollic_TrueSTUDIO_for_STM32_x86_64_9.3.0/ARMTools/bin/../lib/gcc/arm-atollic-eabi/6.3.1/../../../../arm-atollic-eabi/lib/armv7e-m/fpu/libc.a(lib_a-lock.o)
                0x00000000080057e6                __retarget_lock_release_recursive
 .text._malloc_r
                0x00000000080057e8      0x41c /opt/Atollic_TrueSTUDIO_for_STM32_x86_64_9.3.0/ARMTools/bin/../lib/gcc/arm-atollic-eabi/6.3.1/../../../../arm-atollic-eabi/lib/armv7e-m/fpu/libc.a(lib_a-mallocr.o)
                0x00000000080057e8                _malloc_r
 .text.memcpy   0x0000000008005c04       0x16 /opt/Atollic_TrueSTUDIO_for_STM32_x86_64_9.3.0/ARMTools/bin/../lib/gcc/arm-atollic-eabi/6.3.1/../../../../arm-atollic-eabi/lib/armv7e-m/fpu/libc.a(lib_a-memcpy-stub.o)
                0x0000000008005c04                memcpy
 .text.memset   0x0000000008005c1a       0x10 /opt/Atollic_TrueSTUDIO_for_STM32_x86_64_9.3.0/ARMTools/bin/../lib/gcc/arm-atollic-eabi/6.3.1/../../../../arm-atollic-eabi/lib/armv7e-m/fpu/libc.a(lib_a-memset.o)
                0x0000000008005c1a                memset
 *fill*         0x0000000008005c2a        0x2 
 .text.__malloc_lock
                0x0000000008005c2c        0xc /opt/Atollic_TrueSTUDIO_for_STM32_x86_64_9.3.0/ARMTools/bin/../lib/gcc/arm-atollic-eabi/6.3.1/../../../../arm-atollic-eabi/lib/armv7e-m/fpu/libc.a(lib_a-mlock.o)
                0x0000000008005c2c                __malloc_lock
 .text.__malloc_unlock
                0x0000000008005c38        0xc /opt/Atollic_TrueSTUDIO_for_STM32_x86_64_9.3.0/ARMTools/bin/../lib/gcc/arm-atollic-eabi/6.3.1/../../../../arm-atollic-eabi/lib/armv7e-m/fpu/libc.a(lib_a-mlock.o)
                0x0000000008005c38                __malloc_unlock
 .text.printf   0x0000000008005c44       0x30 /opt/Atollic_TrueSTUDIO_for_STM32_x86_64_9.3.0/ARMTools/bin/../lib/gcc/arm-atollic-eabi/6.3.1/../../../../arm-atollic-eabi/lib/armv7e-m/fpu/libc.a(lib_a-printf.o)
                0x0000000008005c44                printf
 .text.cleanup_glue
                0x0000000008005c74       0x1a /opt/Atollic_TrueSTUDIO_for_STM32_x86_64_9.3.0/ARMTools/bin/../lib/gcc/arm-atollic-eabi/6.3.1/../../../../arm-atollic-eabi/lib/armv7e-m/fpu/libc.a(lib_a-reent.o)
                0x0000000008005c74                cleanup_glue
 *fill*         0x0000000008005c8e        0x2 
 .text._reclaim_reent
                0x0000000008005c90       0xcc /opt/Atollic_TrueSTUDIO_for_STM32_x86_64_9.3.0/ARMTools/bin/../lib/gcc/arm-atollic-eabi/6.3.1/../../../../arm-atollic-eabi/lib/armv7e-m/fpu/libc.a(lib_a-reent.o)
                0x0000000008005c90                _reclaim_reent
 .text._sbrk_r  0x0000000008005d5c       0x20 /opt/Atollic_TrueSTUDIO_for_STM32_x86_64_9.3.0/ARMTools/bin/../lib/gcc/arm-atollic-eabi/6.3.1/../../../../arm-atollic-eabi/lib/armv7e-m/fpu/libc.a(lib_a-sbrkr.o)
                0x0000000008005d5c                _sbrk_r
 .text.sprintf  0x0000000008005d7c       0x48 /opt/Atollic_TrueSTUDIO_for_STM32_x86_64_9.3.0/ARMTools/bin/../lib/gcc/arm-atollic-eabi/6.3.1/../../../../arm-atollic-eabi/lib/armv7e-m/fpu/libc.a(lib_a-sprintf.o)
                0x0000000008005d7c                sprintf
 .text.__sread  0x0000000008005dc4       0x22 /opt/Atollic_TrueSTUDIO_for_STM32_x86_64_9.3.0/ARMTools/bin/../lib/gcc/arm-atollic-eabi/6.3.1/../../../../arm-atollic-eabi/lib/armv7e-m/fpu/libc.a(lib_a-stdio.o)
                0x0000000008005dc4                __sread
 .text.__swrite
                0x0000000008005de6       0x38 /opt/Atollic_TrueSTUDIO_for_STM32_x86_64_9.3.0/ARMTools/bin/../lib/gcc/arm-atollic-eabi/6.3.1/../../../../arm-atollic-eabi/lib/armv7e-m/fpu/libc.a(lib_a-stdio.o)
                0x0000000008005de6                __swrite
 .text.__sseek  0x0000000008005e1e       0x24 /opt/Atollic_TrueSTUDIO_for_STM32_x86_64_9.3.0/ARMTools/bin/../lib/gcc/arm-atollic-eabi/6.3.1/../../../../arm-atollic-eabi/lib/armv7e-m/fpu/libc.a(lib_a-stdio.o)
                0x0000000008005e1e                __sseek
 .text.__sclose
                0x0000000008005e42        0x8 /opt/Atollic_TrueSTUDIO_for_STM32_x86_64_9.3.0/ARMTools/bin/../lib/gcc/arm-atollic-eabi/6.3.1/../../../../arm-atollic-eabi/lib/armv7e-m/fpu/libc.a(lib_a-stdio.o)
                0x0000000008005e42                __sclose
 *fill*         0x0000000008005e4a        0x6 
 .text._svfprintf_r
                0x0000000008005e50      0xfa8 /opt/Atollic_TrueSTUDIO_for_STM32_x86_64_9.3.0/ARMTools/bin/../lib/gcc/arm-atollic-eabi/6.3.1/../../../../arm-atollic-eabi/lib/armv7e-m/fpu/libc.a(lib_a-svfprintf.o)
                0x0000000008005e50                _svfprintf_r
 .text.__sprint_r
                0x0000000008006df8       0x6a /opt/Atollic_TrueSTUDIO_for_STM32_x86_64_9.3.0/ARMTools/bin/../lib/gcc/arm-atollic-eabi/6.3.1/../../../../arm-atollic-eabi/lib/armv7e-m/fpu/libc.a(lib_a-vfiprintf.o)
                0x0000000008006df8                __sprint_r
 *fill*         0x0000000008006e62        0x2 
 .text._vfiprintf_r
                0x0000000008006e64      0x8ac /opt/Atollic_TrueSTUDIO_for_STM32_x86_64_9.3.0/ARMTools/bin/../lib/gcc/arm-atollic-eabi/6.3.1/../../../../arm-atollic-eabi/lib/armv7e-m/fpu/libc.a(lib_a-vfiprintf.o)
                0x0000000008006e64                _vfiprintf_r
 .text.__sbprintf
                0x0000000008007710       0x80 /opt/Atollic_TrueSTUDIO_for_STM32_x86_64_9.3.0/ARMTools/bin/../lib/gcc/arm-atollic-eabi/6.3.1/../../../../arm-atollic-eabi/lib/armv7e-m/fpu/libc.a(lib_a-vfiprintf.o)
 .text._vfprintf_r
                0x0000000008007790     0x1078 /opt/Atollic_TrueSTUDIO_for_STM32_x86_64_9.3.0/ARMTools/bin/../lib/gcc/arm-atollic-eabi/6.3.1/../../../../arm-atollic-eabi/lib/armv7e-m/fpu/libc.a(lib_a-vfprintf.o)
                0x0000000008007790                _vfprintf_r
 .text.__sbprintf
                0x0000000008008808       0x80 /opt/Atollic_TrueSTUDIO_for_STM32_x86_64_9.3.0/ARMTools/bin/../lib/gcc/arm-atollic-eabi/6.3.1/../../../../arm-atollic-eabi/lib/armv7e-m/fpu/libc.a(lib_a-vfprintf.o)
 .text._write_r
                0x0000000008008888       0x24 /opt/Atollic_TrueSTUDIO_for_STM32_x86_64_9.3.0/ARMTools/bin/../lib/gcc/arm-atollic-eabi/6.3.1/../../../../arm-atollic-eabi/lib/armv7e-m/fpu/libc.a(lib_a-writer.o)
                0x0000000008008888                _write_r
 .text.__swsetup_r
                0x00000000080088ac       0xdc /opt/Atollic_TrueSTUDIO_for_STM32_x86_64_9.3.0/ARMTools/bin/../lib/gcc/arm-atollic-eabi/6.3.1/../../../../arm-atollic-eabi/lib/armv7e-m/fpu/libc.a(lib_a-wsetup.o)
                0x00000000080088ac                __swsetup_r
 .text.abort    0x0000000008008988        0xe /opt/Atollic_TrueSTUDIO_for_STM32_x86_64_9.3.0/ARMTools/bin/../lib/gcc/arm-atollic-eabi/6.3.1/../../../../arm-atollic-eabi/lib/armv7e-m/fpu/libc.a(lib_a-abort.o)
                0x0000000008008988                abort
 *fill*         0x0000000008008996        0x2 
 .text._close_r
                0x0000000008008998       0x20 /opt/Atollic_TrueSTUDIO_for_STM32_x86_64_9.3.0/ARMTools/bin/../lib/gcc/arm-atollic-eabi/6.3.1/../../../../arm-atollic-eabi/lib/armv7e-m/fpu/libc.a(lib_a-closer.o)
                0x0000000008008998                _close_r
 .text.quorem   0x00000000080089b8      0x118 /opt/Atollic_TrueSTUDIO_for_STM32_x86_64_9.3.0/ARMTools/bin/../lib/gcc/arm-atollic-eabi/6.3.1/../../../../arm-atollic-eabi/lib/armv7e-m/fpu/libc.a(lib_a-dtoa.o)
 .text._dtoa_r  0x0000000008008ad0      0xb9c /opt/Atollic_TrueSTUDIO_for_STM32_x86_64_9.3.0/ARMTools/bin/../lib/gcc/arm-atollic-eabi/6.3.1/../../../../arm-atollic-eabi/lib/armv7e-m/fpu/libc.a(lib_a-dtoa.o)
                0x0000000008008ad0                _dtoa_r
 .text._fclose_r
                0x000000000800966c       0xd8 /opt/Atollic_TrueSTUDIO_for_STM32_x86_64_9.3.0/ARMTools/bin/../lib/gcc/arm-atollic-eabi/6.3.1/../../../../arm-atollic-eabi/lib/armv7e-m/fpu/libc.a(lib_a-fclose.o)
                0x000000000800966c                _fclose_r
 .text.__sflush_r
                0x0000000008009744      0x124 /opt/Atollic_TrueSTUDIO_for_STM32_x86_64_9.3.0/ARMTools/bin/../lib/gcc/arm-atollic-eabi/6.3.1/../../../../arm-atollic-eabi/lib/armv7e-m/fpu/libc.a(lib_a-fflush.o)
                0x0000000008009744                __sflush_r
 .text._fflush_r
                0x0000000008009868       0x78 /opt/Atollic_TrueSTUDIO_for_STM32_x86_64_9.3.0/ARMTools/bin/../lib/gcc/arm-atollic-eabi/6.3.1/../../../../arm-atollic-eabi/lib/armv7e-m/fpu/libc.a(lib_a-fflush.o)
                0x0000000008009868                _fflush_r
 .text.__fputwc
                0x00000000080098e0       0x82 /opt/Atollic_TrueSTUDIO_for_STM32_x86_64_9.3.0/ARMTools/bin/../lib/gcc/arm-atollic-eabi/6.3.1/../../../../arm-atollic-eabi/lib/armv7e-m/fpu/libc.a(lib_a-fputwc.o)
                0x00000000080098e0                __fputwc
 .text._fputwc_r
                0x0000000008009962       0x52 /opt/Atollic_TrueSTUDIO_for_STM32_x86_64_9.3.0/ARMTools/bin/../lib/gcc/arm-atollic-eabi/6.3.1/../../../../arm-atollic-eabi/lib/armv7e-m/fpu/libc.a(lib_a-fputwc.o)
                0x0000000008009962                _fputwc_r
 .text._malloc_trim_r
                0x00000000080099b4       0xac /opt/Atollic_TrueSTUDIO_for_STM32_x86_64_9.3.0/ARMTools/bin/../lib/gcc/arm-atollic-eabi/6.3.1/../../../../arm-atollic-eabi/lib/armv7e-m/fpu/libc.a(lib_a-freer.o)
                0x00000000080099b4                _malloc_trim_r
 .text._free_r  0x0000000008009a60      0x178 /opt/Atollic_TrueSTUDIO_for_STM32_x86_64_9.3.0/ARMTools/bin/../lib/gcc/arm-atollic-eabi/6.3.1/../../../../arm-atollic-eabi/lib/armv7e-m/fpu/libc.a(lib_a-freer.o)
                0x0000000008009a60                _free_r
 .text.__sfvwrite_r
                0x0000000008009bd8      0x29c /opt/Atollic_TrueSTUDIO_for_STM32_x86_64_9.3.0/ARMTools/bin/../lib/gcc/arm-atollic-eabi/6.3.1/../../../../arm-atollic-eabi/lib/armv7e-m/fpu/libc.a(lib_a-fvwrite.o)
                0x0000000008009bd8                __sfvwrite_r
 .text.__locale_mb_cur_max
                0x0000000008009e74       0x1c /opt/Atollic_TrueSTUDIO_for_STM32_x86_64_9.3.0/ARMTools/bin/../lib/gcc/arm-atollic-eabi/6.3.1/../../../../arm-atollic-eabi/lib/armv7e-m/fpu/libc.a(lib_a-locale.o)
                0x0000000008009e74                __locale_mb_cur_max
 .text._localeconv_r
                0x0000000008009e90       0x1c /opt/Atollic_TrueSTUDIO_for_STM32_x86_64_9.3.0/ARMTools/bin/../lib/gcc/arm-atollic-eabi/6.3.1/../../../../arm-atollic-eabi/lib/armv7e-m/fpu/libc.a(lib_a-localeconv.o)
                0x0000000008009e90                _localeconv_r
 .text._lseek_r
                0x0000000008009eac       0x24 /opt/Atollic_TrueSTUDIO_for_STM32_x86_64_9.3.0/ARMTools/bin/../lib/gcc/arm-atollic-eabi/6.3.1/../../../../arm-atollic-eabi/lib/armv7e-m/fpu/libc.a(lib_a-lseekr.o)
                0x0000000008009eac                _lseek_r
 .text.__swhatbuf_r
                0x0000000008009ed0       0x56 /opt/Atollic_TrueSTUDIO_for_STM32_x86_64_9.3.0/ARMTools/bin/../lib/gcc/arm-atollic-eabi/6.3.1/../../../../arm-atollic-eabi/lib/armv7e-m/fpu/libc.a(lib_a-makebuf.o)
                0x0000000008009ed0                __swhatbuf_r
 *fill*         0x0000000008009f26        0x2 
 .text.__smakebuf_r
                0x0000000008009f28       0x80 /opt/Atollic_TrueSTUDIO_for_STM32_x86_64_9.3.0/ARMTools/bin/../lib/gcc/arm-atollic-eabi/6.3.1/../../../../arm-atollic-eabi/lib/armv7e-m/fpu/libc.a(lib_a-makebuf.o)
                0x0000000008009f28                __smakebuf_r
 .text.malloc   0x0000000008009fa8       0x10 /opt/Atollic_TrueSTUDIO_for_STM32_x86_64_9.3.0/ARMTools/bin/../lib/gcc/arm-atollic-eabi/6.3.1/../../../../arm-atollic-eabi/lib/armv7e-m/fpu/libc.a(lib_a-malloc.o)
                0x0000000008009fa8                malloc
 .text.__ascii_mbtowc
                0x0000000008009fb8       0x24 /opt/Atollic_TrueSTUDIO_for_STM32_x86_64_9.3.0/ARMTools/bin/../lib/gcc/arm-atollic-eabi/6.3.1/../../../../arm-atollic-eabi/lib/armv7e-m/fpu/libc.a(lib_a-mbtowc_r.o)
                0x0000000008009fb8                __ascii_mbtowc
 .text.memmove  0x0000000008009fdc       0x34 /opt/Atollic_TrueSTUDIO_for_STM32_x86_64_9.3.0/ARMTools/bin/../lib/gcc/arm-atollic-eabi/6.3.1/../../../../arm-atollic-eabi/lib/armv7e-m/fpu/libc.a(lib_a-memmove.o)
                0x0000000008009fdc                memmove
 .text._Balloc  0x000000000800a010       0x68 /opt/Atollic_TrueSTUDIO_for_STM32_x86_64_9.3.0/ARMTools/bin/../lib/gcc/arm-atollic-eabi/6.3.1/../../../../arm-atollic-eabi/lib/armv7e-m/fpu/libc.a(lib_a-mprec.o)
                0x000000000800a010                _Balloc
 .text._Bfree   0x000000000800a078       0x2e /opt/Atollic_TrueSTUDIO_for_STM32_x86_64_9.3.0/ARMTools/bin/../lib/gcc/arm-atollic-eabi/6.3.1/../../../../arm-atollic-eabi/lib/armv7e-m/fpu/libc.a(lib_a-mprec.o)
                0x000000000800a078                _Bfree
 .text.__multadd
                0x000000000800a0a6       0x76 /opt/Atollic_TrueSTUDIO_for_STM32_x86_64_9.3.0/ARMTools/bin/../lib/gcc/arm-atollic-eabi/6.3.1/../../../../arm-atollic-eabi/lib/armv7e-m/fpu/libc.a(lib_a-mprec.o)
                0x000000000800a0a6                __multadd
 .text.__hi0bits
                0x000000000800a11c       0x3e /opt/Atollic_TrueSTUDIO_for_STM32_x86_64_9.3.0/ARMTools/bin/../lib/gcc/arm-atollic-eabi/6.3.1/../../../../arm-atollic-eabi/lib/armv7e-m/fpu/libc.a(lib_a-mprec.o)
                0x000000000800a11c                __hi0bits
 .text.__lo0bits
                0x000000000800a15a       0x5e /opt/Atollic_TrueSTUDIO_for_STM32_x86_64_9.3.0/ARMTools/bin/../lib/gcc/arm-atollic-eabi/6.3.1/../../../../arm-atollic-eabi/lib/armv7e-m/fpu/libc.a(lib_a-mprec.o)
                0x000000000800a15a                __lo0bits
 .text.__i2b    0x000000000800a1b8       0x12 /opt/Atollic_TrueSTUDIO_for_STM32_x86_64_9.3.0/ARMTools/bin/../lib/gcc/arm-atollic-eabi/6.3.1/../../../../arm-atollic-eabi/lib/armv7e-m/fpu/libc.a(lib_a-mprec.o)
                0x000000000800a1b8                __i2b
 .text.__multiply
                0x000000000800a1ca      0x11a /opt/Atollic_TrueSTUDIO_for_STM32_x86_64_9.3.0/ARMTools/bin/../lib/gcc/arm-atollic-eabi/6.3.1/../../../../arm-atollic-eabi/lib/armv7e-m/fpu/libc.a(lib_a-mprec.o)
                0x000000000800a1ca                __multiply
 .text.__pow5mult
                0x000000000800a2e4       0x9c /opt/Atollic_TrueSTUDIO_for_STM32_x86_64_9.3.0/ARMTools/bin/../lib/gcc/arm-atollic-eabi/6.3.1/../../../../arm-atollic-eabi/lib/armv7e-m/fpu/libc.a(lib_a-mprec.o)
                0x000000000800a2e4                __pow5mult
 .text.__lshift
                0x000000000800a380       0xa2 /opt/Atollic_TrueSTUDIO_for_STM32_x86_64_9.3.0/ARMTools/bin/../lib/gcc/arm-atollic-eabi/6.3.1/../../../../arm-atollic-eabi/lib/armv7e-m/fpu/libc.a(lib_a-mprec.o)
                0x000000000800a380                __lshift
 .text.__mcmp   0x000000000800a422       0x34 /opt/Atollic_TrueSTUDIO_for_STM32_x86_64_9.3.0/ARMTools/bin/../lib/gcc/arm-atollic-eabi/6.3.1/../../../../arm-atollic-eabi/lib/armv7e-m/fpu/libc.a(lib_a-mprec.o)
                0x000000000800a422                __mcmp
 .text.__mdiff  0x000000000800a456       0xbc /opt/Atollic_TrueSTUDIO_for_STM32_x86_64_9.3.0/ARMTools/bin/../lib/gcc/arm-atollic-eabi/6.3.1/../../../../arm-atollic-eabi/lib/armv7e-m/fpu/libc.a(lib_a-mprec.o)
                0x000000000800a456                __mdiff
 .text.__d2b    0x000000000800a512       0x9e /opt/Atollic_TrueSTUDIO_for_STM32_x86_64_9.3.0/ARMTools/bin/../lib/gcc/arm-atollic-eabi/6.3.1/../../../../arm-atollic-eabi/lib/armv7e-m/fpu/libc.a(lib_a-mprec.o)
                0x000000000800a512                __d2b
 .text._read_r  0x000000000800a5b0       0x24 /opt/Atollic_TrueSTUDIO_for_STM32_x86_64_9.3.0/ARMTools/bin/../lib/gcc/arm-atollic-eabi/6.3.1/../../../../arm-atollic-eabi/lib/armv7e-m/fpu/libc.a(lib_a-readr.o)
                0x000000000800a5b0                _read_r
 .text._realloc_r
                0x000000000800a5d4      0x300 /opt/Atollic_TrueSTUDIO_for_STM32_x86_64_9.3.0/ARMTools/bin/../lib/gcc/arm-atollic-eabi/6.3.1/../../../../arm-atollic-eabi/lib/armv7e-m/fpu/libc.a(lib_a-reallocr.o)
                0x000000000800a5d4                _realloc_r
 .text._raise_r
                0x000000000800a8d4       0x50 /opt/Atollic_TrueSTUDIO_for_STM32_x86_64_9.3.0/ARMTools/bin/../lib/gcc/arm-atollic-eabi/6.3.1/../../../../arm-atollic-eabi/lib/armv7e-m/fpu/libc.a(lib_a-signal.o)
                0x000000000800a8d4                _raise_r
 .text.raise    0x000000000800a924       0x10 /opt/Atollic_TrueSTUDIO_for_STM32_x86_64_9.3.0/ARMTools/bin/../lib/gcc/arm-atollic-eabi/6.3.1/../../../../arm-atollic-eabi/lib/armv7e-m/fpu/libc.a(lib_a-signal.o)
                0x000000000800a924                raise
 .text._kill_r  0x000000000800a934       0x24 /opt/Atollic_TrueSTUDIO_for_STM32_x86_64_9.3.0/ARMTools/bin/../lib/gcc/arm-atollic-eabi/6.3.1/../../../../arm-atollic-eabi/lib/armv7e-m/fpu/libc.a(lib_a-signalr.o)
                0x000000000800a934                _kill_r
 .text._getpid_r
                0x000000000800a958        0x4 /opt/Atollic_TrueSTUDIO_for_STM32_x86_64_9.3.0/ARMTools/bin/../lib/gcc/arm-atollic-eabi/6.3.1/../../../../arm-atollic-eabi/lib/armv7e-m/fpu/libc.a(lib_a-signalr.o)
                0x000000000800a958                _getpid_r
 .text.__ssprint_r
                0x000000000800a95c       0xf4 /opt/Atollic_TrueSTUDIO_for_STM32_x86_64_9.3.0/ARMTools/bin/../lib/gcc/arm-atollic-eabi/6.3.1/../../../../arm-atollic-eabi/lib/armv7e-m/fpu/libc.a(lib_a-svfiprintf.o)
                0x000000000800a95c                __ssprint_r
 .text.__swbuf_r
                0x000000000800aa50       0xbc /opt/Atollic_TrueSTUDIO_for_STM32_x86_64_9.3.0/ARMTools/bin/../lib/gcc/arm-atollic-eabi/6.3.1/../../../../arm-atollic-eabi/lib/armv7e-m/fpu/libc.a(lib_a-wbuf.o)
                0x000000000800aa50                __swbuf_r
 .text._wcrtomb_r
                0x000000000800ab0c       0x50 /opt/Atollic_TrueSTUDIO_for_STM32_x86_64_9.3.0/ARMTools/bin/../lib/gcc/arm-atollic-eabi/6.3.1/../../../../arm-atollic-eabi/lib/armv7e-m/fpu/libc.a(lib_a-wcrtomb.o)
                0x000000000800ab0c                _wcrtomb_r
 .text.__ascii_wctomb
                0x000000000800ab5c       0x1a /opt/Atollic_TrueSTUDIO_for_STM32_x86_64_9.3.0/ARMTools/bin/../lib/gcc/arm-atollic-eabi/6.3.1/../../../../arm-atollic-eabi/lib/armv7e-m/fpu/libc.a(lib_a-wctomb_r.o)
                0x000000000800ab5c                __ascii_wctomb
 .text._calloc_r
                0x000000000800ab76       0x5a /opt/Atollic_TrueSTUDIO_for_STM32_x86_64_9.3.0/ARMTools/bin/../lib/gcc/arm-atollic-eabi/6.3.1/../../../../arm-atollic-eabi/lib/armv7e-m/fpu/libc.a(lib_a-callocr.o)
                0x000000000800ab76                _calloc_r
 .text._fstat_r
                0x000000000800abd0       0x24 /opt/Atollic_TrueSTUDIO_for_STM32_x86_64_9.3.0/ARMTools/bin/../lib/gcc/arm-atollic-eabi/6.3.1/../../../../arm-atollic-eabi/lib/armv7e-m/fpu/libc.a(lib_a-fstatr.o)
                0x000000000800abd0                _fstat_r
 .text._isatty_r
                0x000000000800abf4       0x20 /opt/Atollic_TrueSTUDIO_for_STM32_x86_64_9.3.0/ARMTools/bin/../lib/gcc/arm-atollic-eabi/6.3.1/../../../../arm-atollic-eabi/lib/armv7e-m/fpu/libc.a(lib_a-isattyr.o)
                0x000000000800abf4                _isatty_r
 *(.glue_7)
 .glue_7        0x000000000800ac14        0x0 linker stubs
 *(.glue_7t)
 .glue_7t       0x000000000800ac14        0x0 linker stubs
 *(.eh_frame)
 .eh_frame      0x000000000800ac14        0x0 /opt/Atollic_TrueSTUDIO_for_STM32_x86_64_9.3.0/ARMTools/bin/../lib/gcc/arm-atollic-eabi/6.3.1/armv7e-m/fpu/crtbegin.o
 *(.init)
 .init          0x000000000800ac14        0x4 /opt/Atollic_TrueSTUDIO_for_STM32_x86_64_9.3.0/ARMTools/bin/../lib/gcc/arm-atollic-eabi/6.3.1/armv7e-m/fpu/crti.o
                0x000000000800ac14                _init
 .init          0x000000000800ac18        0x8 /opt/Atollic_TrueSTUDIO_for_STM32_x86_64_9.3.0/ARMTools/bin/../lib/gcc/arm-atollic-eabi/6.3.1/armv7e-m/fpu/crtn.o
 *(.fini)
 .fini          0x000000000800ac20        0x4 /opt/Atollic_TrueSTUDIO_for_STM32_x86_64_9.3.0/ARMTools/bin/../lib/gcc/arm-atollic-eabi/6.3.1/armv7e-m/fpu/crti.o
                0x000000000800ac20                _fini
 .fini          0x000000000800ac24        0x8 /opt/Atollic_TrueSTUDIO_for_STM32_x86_64_9.3.0/ARMTools/bin/../lib/gcc/arm-atollic-eabi/6.3.1/armv7e-m/fpu/crtn.o
                0x000000000800ac2c                . = ALIGN (0x4)
                0x000000000800ac2c                _etext = .

.vfp11_veneer   0x000000000800ac2c        0x0
 .vfp11_veneer  0x000000000800ac2c        0x0 linker stubs

.v4_bx          0x000000000800ac2c        0x0
 .v4_bx         0x000000000800ac2c        0x0 linker stubs

.iplt           0x000000000800ac2c        0x0
 .iplt          0x000000000800ac2c        0x0 /opt/Atollic_TrueSTUDIO_for_STM32_x86_64_9.3.0/ARMTools/bin/../lib/gcc/arm-atollic-eabi/6.3.1/armv7e-m/fpu/crtbegin.o

.rodata         0x000000000800ac30     0x2220
                0x000000000800ac30                . = ALIGN (0x4)
 *(.rodata)
 .rodata        0x000000000800ac30       0x1c Src/main.o
 .rodata        0x000000000800ac4c       0x1c Src/modbus_helper.o
 *(.rodata*)
 .rodata.aPLLMULFactorTable
                0x000000000800ac68       0x10 Drivers/STM32F3xx_HAL_Driver/Src/stm32f3xx_hal_rcc.o
                0x000000000800ac68                aPLLMULFactorTable
 .rodata.aPredivFactorTable
                0x000000000800ac78       0x10 Drivers/STM32F3xx_HAL_Driver/Src/stm32f3xx_hal_rcc.o
                0x000000000800ac78                aPredivFactorTable
 .rodata.CSWTCH.52
                0x000000000800ac88        0x4 Drivers/STM32F3xx_HAL_Driver/Src/stm32f3xx_hal_uart.o
 .rodata.CSWTCH.7
                0x000000000800ac8c        0x8 Middleware/Modbus/functions/mbutils.o
 .rodata.aucCRCHi
                0x000000000800ac94      0x100 Middleware/Modbus/rtu/mbcrc.o
 .rodata.aucCRCLo
                0x000000000800ad94      0x100 Middleware/Modbus/rtu/mbcrc.o
 .rodata.__func__.9215
                0x000000000800ae94        0xe Middleware/Modbus/rtu/mbrtu.o
 .rodata.__func__.9228
                0x000000000800aea2       0x11 Middleware/Modbus/rtu/mbrtu.o
 .rodata.__func__.9238
                0x000000000800aeb3       0x12 Middleware/Modbus/rtu/mbrtu.o
 .rodata.__func__.9251
                0x000000000800aec5       0x16 Middleware/Modbus/rtu/mbrtu.o
 .rodata.eMBRTUReceive.str1.1
                0x000000000800aedb       0x46 Middleware/Modbus/rtu/mbrtu.o
 .rodata.xMBRTUReceiveFSM.str1.1
                0x000000000800af21       0x1b Middleware/Modbus/rtu/mbrtu.o
 .rodata.xMBRTUTimerT35Expired.str1.1
                0x000000000800af3c       0x63 Middleware/Modbus/rtu/mbrtu.o
 .rodata.xMBRTUTransmitFSM.str1.1
                0x000000000800af9f       0x1b Middleware/Modbus/rtu/mbrtu.o
 .rodata.vTaskStartScheduler.str1.1
                0x000000000800afba       0x1b Middlewares/Third_Party/FreeRTOS/Source/tasks.o
                                          0x5 (size before relaxing)
 .rodata.Font16x26
                0x000000000800afba     0x134c Src/fonts.o
 .rodata.Font7x10
                0x000000000800c306      0x76c Src/fonts.o
 .rodata.main.str1.1
                0x000000000800ca72        0x4 Src/main.o
 .rodata.str1.1
                0x000000000800ca76        0xc Src/main.o
 .rodata.updateOLED.str1.1
                0x000000000800ca82       0x45 Src/main.o
                                         0x50 (size before relaxing)
 .rodata.enable_modbusrtu.str1.1
                0x000000000800cac7       0x15 Src/modbus_helper.o
 .rodata.str1.1
                0x000000000800cadc        0xb Src/modbus_helper.o
 .rodata.AHBPrescTable
                0x000000000800cae7       0x10 Src/system_stm32f3xx.o
                0x000000000800cae7                AHBPrescTable
 .rodata.APBPrescTable
                0x000000000800caf7        0x8 Src/system_stm32f3xx.o
                0x000000000800caf7                APBPrescTable
 .rodata.__assert_func.str1.1
                0x000000000800caff       0x3c /opt/Atollic_TrueSTUDIO_for_STM32_x86_64_9.3.0/ARMTools/bin/../lib/gcc/arm-atollic-eabi/6.3.1/../../../../arm-atollic-eabi/lib/armv7e-m/fpu/libc.a(lib_a-assert.o)
                                         0x3d (size before relaxing)
 *fill*         0x000000000800cb3b        0x1 
 .rodata.__sf_fake_stderr
                0x000000000800cb3c       0x20 /opt/Atollic_TrueSTUDIO_for_STM32_x86_64_9.3.0/ARMTools/bin/../lib/gcc/arm-atollic-eabi/6.3.1/../../../../arm-atollic-eabi/lib/armv7e-m/fpu/libc.a(lib_a-findfp.o)
                0x000000000800cb3c                __sf_fake_stderr
 .rodata.__sf_fake_stdin
                0x000000000800cb5c       0x20 /opt/Atollic_TrueSTUDIO_for_STM32_x86_64_9.3.0/ARMTools/bin/../lib/gcc/arm-atollic-eabi/6.3.1/../../../../arm-atollic-eabi/lib/armv7e-m/fpu/libc.a(lib_a-findfp.o)
                0x000000000800cb5c                __sf_fake_stdin
 .rodata.__sf_fake_stdout
                0x000000000800cb7c       0x20 /opt/Atollic_TrueSTUDIO_for_STM32_x86_64_9.3.0/ARMTools/bin/../lib/gcc/arm-atollic-eabi/6.3.1/../../../../arm-atollic-eabi/lib/armv7e-m/fpu/libc.a(lib_a-findfp.o)
                0x000000000800cb7c                __sf_fake_stdout
 .rodata._global_impure_ptr
                0x000000000800cb9c        0x4 /opt/Atollic_TrueSTUDIO_for_STM32_x86_64_9.3.0/ARMTools/bin/../lib/gcc/arm-atollic-eabi/6.3.1/../../../../arm-atollic-eabi/lib/armv7e-m/fpu/libc.a(lib_a-impure.o)
                0x000000000800cb9c                _global_impure_ptr
 .rodata._svfprintf_r.str1.1
                0x000000000800cba0       0x34 /opt/Atollic_TrueSTUDIO_for_STM32_x86_64_9.3.0/ARMTools/bin/../lib/gcc/arm-atollic-eabi/6.3.1/../../../../arm-atollic-eabi/lib/armv7e-m/fpu/libc.a(lib_a-svfprintf.o)
 .rodata.blanks.8359
                0x000000000800cbd4       0x10 /opt/Atollic_TrueSTUDIO_for_STM32_x86_64_9.3.0/ARMTools/bin/../lib/gcc/arm-atollic-eabi/6.3.1/../../../../arm-atollic-eabi/lib/armv7e-m/fpu/libc.a(lib_a-svfprintf.o)
 .rodata.zeroes.8360
                0x000000000800cbe4       0x10 /opt/Atollic_TrueSTUDIO_for_STM32_x86_64_9.3.0/ARMTools/bin/../lib/gcc/arm-atollic-eabi/6.3.1/../../../../arm-atollic-eabi/lib/armv7e-m/fpu/libc.a(lib_a-svfprintf.o)
 .rodata._vfiprintf_r.str1.1
                0x000000000800cbf4       0x22 /opt/Atollic_TrueSTUDIO_for_STM32_x86_64_9.3.0/ARMTools/bin/../lib/gcc/arm-atollic-eabi/6.3.1/../../../../arm-atollic-eabi/lib/armv7e-m/fpu/libc.a(lib_a-vfiprintf.o)
 .rodata.blanks.8353
                0x000000000800cbf4       0x10 /opt/Atollic_TrueSTUDIO_for_STM32_x86_64_9.3.0/ARMTools/bin/../lib/gcc/arm-atollic-eabi/6.3.1/../../../../arm-atollic-eabi/lib/armv7e-m/fpu/libc.a(lib_a-vfiprintf.o)
 .rodata.zeroes.8354
                0x000000000800cc04       0x10 /opt/Atollic_TrueSTUDIO_for_STM32_x86_64_9.3.0/ARMTools/bin/../lib/gcc/arm-atollic-eabi/6.3.1/../../../../arm-atollic-eabi/lib/armv7e-m/fpu/libc.a(lib_a-vfiprintf.o)
 .rodata._vfprintf_r.str1.1
                0x000000000800cc14       0x34 /opt/Atollic_TrueSTUDIO_for_STM32_x86_64_9.3.0/ARMTools/bin/../lib/gcc/arm-atollic-eabi/6.3.1/../../../../arm-atollic-eabi/lib/armv7e-m/fpu/libc.a(lib_a-vfprintf.o)
 .rodata.blanks.8374
                0x000000000800cc14       0x10 /opt/Atollic_TrueSTUDIO_for_STM32_x86_64_9.3.0/ARMTools/bin/../lib/gcc/arm-atollic-eabi/6.3.1/../../../../arm-atollic-eabi/lib/armv7e-m/fpu/libc.a(lib_a-vfprintf.o)
 .rodata.zeroes.8375
                0x000000000800cc24       0x10 /opt/Atollic_TrueSTUDIO_for_STM32_x86_64_9.3.0/ARMTools/bin/../lib/gcc/arm-atollic-eabi/6.3.1/../../../../arm-atollic-eabi/lib/armv7e-m/fpu/libc.a(lib_a-vfprintf.o)
 .rodata._dtoa_r.str1.1
                0x000000000800cc34        0xd /opt/Atollic_TrueSTUDIO_for_STM32_x86_64_9.3.0/ARMTools/bin/../lib/gcc/arm-atollic-eabi/6.3.1/../../../../arm-atollic-eabi/lib/armv7e-m/fpu/libc.a(lib_a-dtoa.o)
                                          0xf (size before relaxing)
 .rodata._setlocale_r.str1.1
                0x000000000800cc41        0x8 /opt/Atollic_TrueSTUDIO_for_STM32_x86_64_9.3.0/ARMTools/bin/../lib/gcc/arm-atollic-eabi/6.3.1/../../../../arm-atollic-eabi/lib/armv7e-m/fpu/libc.a(lib_a-locale.o)
                                          0x9 (size before relaxing)
 .rodata.str1.1
                0x000000000800cc49        0x2 /opt/Atollic_TrueSTUDIO_for_STM32_x86_64_9.3.0/ARMTools/bin/../lib/gcc/arm-atollic-eabi/6.3.1/../../../../arm-atollic-eabi/lib/armv7e-m/fpu/libc.a(lib_a-locale.o)
 *fill*         0x000000000800cc4b        0x5 
 .rodata.__mprec_bigtens
                0x000000000800cc50       0x28 /opt/Atollic_TrueSTUDIO_for_STM32_x86_64_9.3.0/ARMTools/bin/../lib/gcc/arm-atollic-eabi/6.3.1/../../../../arm-atollic-eabi/lib/armv7e-m/fpu/libc.a(lib_a-mprec.o)
                0x000000000800cc50                __mprec_bigtens
 .rodata.__mprec_tens
                0x000000000800cc78       0xc8 /opt/Atollic_TrueSTUDIO_for_STM32_x86_64_9.3.0/ARMTools/bin/../lib/gcc/arm-atollic-eabi/6.3.1/../../../../arm-atollic-eabi/lib/armv7e-m/fpu/libc.a(lib_a-mprec.o)
                0x000000000800cc78                __mprec_tens
 .rodata.p05.7196
                0x000000000800cd40        0xc /opt/Atollic_TrueSTUDIO_for_STM32_x86_64_9.3.0/ARMTools/bin/../lib/gcc/arm-atollic-eabi/6.3.1/../../../../arm-atollic-eabi/lib/armv7e-m/fpu/libc.a(lib_a-mprec.o)
 .rodata._ctype_
                0x000000000800cd4c      0x101 /opt/Atollic_TrueSTUDIO_for_STM32_x86_64_9.3.0/ARMTools/bin/../lib/gcc/arm-atollic-eabi/6.3.1/../../../../arm-atollic-eabi/lib/armv7e-m/fpu/libc.a(lib_a-ctype_.o)
                0x000000000800cd4c                _ctype_
                0x000000000800ce50                . = ALIGN (0x4)
 *fill*         0x000000000800ce4d        0x3 

.ARM.extab
 *(.ARM.extab* .gnu.linkonce.armextab.*)

.ARM            0x000000000800ce50        0x8
                0x000000000800ce50                __exidx_start = .
 *(.ARM.exidx*)
 .ARM.exidx     0x000000000800ce50        0x8 /opt/Atollic_TrueSTUDIO_for_STM32_x86_64_9.3.0/ARMTools/bin/../lib/gcc/arm-atollic-eabi/6.3.1/armv7e-m/fpu/libgcc.a(_udivmoddi4.o)
                0x000000000800ce58                __exidx_end = .

.rel.dyn        0x000000000800ce58        0x0
 .rel.iplt      0x000000000800ce58        0x0 /opt/Atollic_TrueSTUDIO_for_STM32_x86_64_9.3.0/ARMTools/bin/../lib/gcc/arm-atollic-eabi/6.3.1/armv7e-m/fpu/crtbegin.o

.preinit_array  0x000000000800ce58        0x0
                0x000000000800ce58                PROVIDE (__preinit_array_start, .)
 *(.preinit_array*)
                0x000000000800ce58                PROVIDE (__preinit_array_end, .)

.init_array     0x000000000800ce58        0x4
                0x000000000800ce58                PROVIDE (__init_array_start, .)
 *(SORT(.init_array.*))
 *(.init_array*)
 .init_array    0x000000000800ce58        0x4 /opt/Atollic_TrueSTUDIO_for_STM32_x86_64_9.3.0/ARMTools/bin/../lib/gcc/arm-atollic-eabi/6.3.1/armv7e-m/fpu/crtbegin.o
                0x000000000800ce5c                PROVIDE (__init_array_end, .)

.fini_array     0x000000000800ce5c        0x4
                [!provide]                        PROVIDE (__fini_array_start, .)
 *(SORT(.fini_array.*))
 *(.fini_array*)
 .fini_array    0x000000000800ce5c        0x4 /opt/Atollic_TrueSTUDIO_for_STM32_x86_64_9.3.0/ARMTools/bin/../lib/gcc/arm-atollic-eabi/6.3.1/armv7e-m/fpu/crtbegin.o
                [!provide]                        PROVIDE (__fini_array_end, .)
                0x000000000800ce60                _sidata = LOADADDR (.data)

.data           0x0000000020000000      0x804 load address 0x000000000800ce60
                0x0000000020000000                . = ALIGN (0x4)
                0x0000000020000000                _sdata = .
 *(.data)
 *(.data*)
 .data.uwTickFreq
                0x0000000020000000        0x1 Drivers/STM32F3xx_HAL_Driver/Src/stm32f3xx_hal.o
                0x0000000020000000                uwTickFreq
 *fill*         0x0000000020000001        0x3 
 .data.uwTickPrio
                0x0000000020000004        0x4 Drivers/STM32F3xx_HAL_Driver/Src/stm32f3xx_hal.o
                0x0000000020000004                uwTickPrio
 .data.eMBState
                0x0000000020000008        0x1 Middleware/Modbus/mb.o
 *fill*         0x0000000020000009        0x3 
 .data.xFuncHandlers
                0x000000002000000c       0x80 Middleware/Modbus/mb.o
 .data.uxCriticalNesting
                0x000000002000008c        0x4 Middlewares/Third_Party/FreeRTOS/Source/portable/GCC/ARM_CM4F/port.o
 .data.defaultOcvTable
                0x0000000020000090       0x3c Src/energy.o
 .data.defaultSocTable
                0x00000000200000cc       0x3c Src/energy.o
 .data.Font_16x26
                0x0000000020000108        0x8 Src/fonts.o
                0x0000000020000108                Font_16x26
 .data.Font_7x10
                0x0000000020000110        0x8 Src/fonts.o
                0x0000000020000110                Font_7x10
 .data.defaultOcvTable
                0x0000000020000118       0x3c Src/soc.o
 .data.defaultSocTable
                0x0000000020000154       0x3c Src/soc.o
 .data.SystemCoreClock
                0x0000000020000190        0x4 Src/system_stm32f3xx.o
                0x0000000020000190                SystemCoreClock
 .data._impure_ptr
                0x0000000020000194        0x4 /opt/Atollic_TrueSTUDIO_for_STM32_x86_64_9.3.0/ARMTools/bin/../lib/gcc/arm-atollic-eabi/6.3.1/../../../../arm-atollic-eabi/lib/armv7e-m/fpu/libc.a(lib_a-impure.o)
                0x0000000020000194                _impure_ptr
 .data.impure_data
                0x0000000020000198       0xf0 /opt/Atollic_TrueSTUDIO_for_STM32_x86_64_9.3.0/ARMTools/bin/../lib/gcc/arm-atollic-eabi/6.3.1/../../../../arm-atollic-eabi/lib/armv7e-m/fpu/libc.a(lib_a-impure.o)
 .data.__malloc_av_
                0x0000000020000288      0x408 /opt/Atollic_TrueSTUDIO_for_STM32_x86_64_9.3.0/ARMTools/bin/../lib/gcc/arm-atollic-eabi/6.3.1/../../../../arm-atollic-eabi/lib/armv7e-m/fpu/libc.a(lib_a-mallocr.o)
                0x0000000020000288                __malloc_av_
 .data.__malloc_sbrk_base
                0x0000000020000690        0x4 /opt/Atollic_TrueSTUDIO_for_STM32_x86_64_9.3.0/ARMTools/bin/../lib/gcc/arm-atollic-eabi/6.3.1/../../../../arm-atollic-eabi/lib/armv7e-m/fpu/libc.a(lib_a-mallocr.o)
                0x0000000020000690                __malloc_sbrk_base
 .data.__malloc_trim_threshold
                0x0000000020000694        0x4 /opt/Atollic_TrueSTUDIO_for_STM32_x86_64_9.3.0/ARMTools/bin/../lib/gcc/arm-atollic-eabi/6.3.1/../../../../arm-atollic-eabi/lib/armv7e-m/fpu/libc.a(lib_a-mallocr.o)
                0x0000000020000694                __malloc_trim_threshold
 .data.__global_locale
                0x0000000020000698      0x16c /opt/Atollic_TrueSTUDIO_for_STM32_x86_64_9.3.0/ARMTools/bin/../lib/gcc/arm-atollic-eabi/6.3.1/../../../../arm-atollic-eabi/lib/armv7e-m/fpu/libc.a(lib_a-locale.o)
                0x0000000020000698                __global_locale
                0x0000000020000804                . = ALIGN (0x4)
                0x0000000020000804                _edata = .
                0x000000000800d664                _siccmram = LOADADDR (.ccmram)

.igot.plt       0x0000000020000804        0x0 load address 0x000000000800d664
 .igot.plt      0x0000000020000804        0x0 /opt/Atollic_TrueSTUDIO_for_STM32_x86_64_9.3.0/ARMTools/bin/../lib/gcc/arm-atollic-eabi/6.3.1/armv7e-m/fpu/crtbegin.o

.ccmram         0x0000000010000000        0x0 load address 0x000000000800d664
                0x0000000010000000                . = ALIGN (0x4)
                0x0000000010000000                _sccmram = .
 *(.ccmram)
 *(.ccmram*)
                0x0000000010000000                . = ALIGN (0x4)
                0x0000000010000000                _eccmram = .
                0x0000000010000000                . = ALIGN (0x4)

.bss            0x0000000020000804     0x3e34
                0x0000000020000804                _sbss = .
                0x0000000020000804                __bss_start__ = _sbss
 *(.bss)
 .bss           0x0000000020000804       0x1c /opt/Atollic_TrueSTUDIO_for_STM32_x86_64_9.3.0/ARMTools/bin/../lib/gcc/arm-atollic-eabi/6.3.1/armv7e-m/fpu/crtbegin.o
 *(.bss*)
 .bss.ucMBSlaveID
                0x0000000020000820       0x20 Middleware/Modbus/functions/mbfuncother.o
 .bss.usMBSlaveIDLen
                0x0000000020000840        0x2 Middleware/Modbus/functions/mbfuncother.o
 .bss.eException.9270
                0x0000000020000842        0x1 Middleware/Modbus/mb.o
 *fill*         0x0000000020000843        0x1 
 .bss.peMBFrameReceiveCur
                0x0000000020000844        0x4 Middleware/Modbus/mb.o
 .bss.peMBFrameSendCur
                0x0000000020000848        0x4 Middleware/Modbus/mb.o
 .bss.pvMBFrameCloseCur
                0x000000002000084c        0x4 Middleware/Modbus/mb.o
 .bss.pvMBFrameStartCur
                0x0000000020000850        0x4 Middleware/Modbus/mb.o
 .bss.pvMBFrameStopCur
                0x0000000020000854        0x4 Middleware/Modbus/mb.o
 .bss.ucFunctionCode.9268
                0x0000000020000858        0x1 Middleware/Modbus/mb.o
 .bss.ucMBAddress
                0x0000000020000859        0x1 Middleware/Modbus/mb.o
 *fill*         0x000000002000085a        0x2 
 .bss.ucMBFrame.9266
                0x000000002000085c        0x4 Middleware/Modbus/mb.o
 .bss.ucRcvAddress.9267
                0x0000000020000860        0x1 Middleware/Modbus/mb.o
 *fill*         0x0000000020000861        0x1 
 .bss.usLength.9269
                0x0000000020000862        0x2 Middleware/Modbus/mb.o
 .bss.eQueuedEvent
                0x0000000020000864        0x1 Middleware/Modbus/port/portevent.o
 .bss.xEventInQueue
                0x0000000020000865        0x1 Middleware/Modbus/port/portevent.o
 .bss.downcounter
                0x0000000020000866        0x2 Middleware/Modbus/port/porttimer.o
                0x0000000020000866                downcounter
 .bss.timeout   0x0000000020000868        0x2 Middleware/Modbus/port/porttimer.o
                0x0000000020000868                timeout
 .bss.eRcvState
                0x000000002000086a        0x1 Middleware/Modbus/rtu/mbrtu.o
 .bss.eSndState
                0x000000002000086b        0x1 Middleware/Modbus/rtu/mbrtu.o
 .bss.pucSndBufferCur
                0x000000002000086c        0x4 Middleware/Modbus/rtu/mbrtu.o
 .bss.usRcvBufferPos
                0x0000000020000870        0x2 Middleware/Modbus/rtu/mbrtu.o
 .bss.usSndBufferCount
                0x0000000020000872        0x2 Middleware/Modbus/rtu/mbrtu.o
 .bss.ucMaxSysCallPriority
                0x0000000020000874        0x1 Middlewares/Third_Party/FreeRTOS/Source/portable/GCC/ARM_CM4F/port.o
 *fill*         0x0000000020000875        0x3 
 .bss.ulMaxPRIGROUPValue
                0x0000000020000878        0x4 Middlewares/Third_Party/FreeRTOS/Source/portable/GCC/ARM_CM4F/port.o
 .bss.pxCurrentTCB
                0x000000002000087c        0x4 Middlewares/Third_Party/FreeRTOS/Source/tasks.o
                0x000000002000087c                pxCurrentTCB
 .bss.pxDelayedTaskList
                0x0000000020000880        0x4 Middlewares/Third_Party/FreeRTOS/Source/tasks.o
 .bss.pxOverflowDelayedTaskList
                0x0000000020000884        0x4 Middlewares/Third_Party/FreeRTOS/Source/tasks.o
 .bss.pxReadyTasksLists
                0x0000000020000888       0x8c Middlewares/Third_Party/FreeRTOS/Source/tasks.o
 .bss.uxCurrentNumberOfTasks
                0x0000000020000914        0x4 Middlewares/Third_Party/FreeRTOS/Source/tasks.o
 .bss.uxDeletedTasksWaitingCleanUp
                0x0000000020000918        0x4 Middlewares/Third_Party/FreeRTOS/Source/tasks.o
 .bss.uxPendedTicks
                0x000000002000091c        0x4 Middlewares/Third_Party/FreeRTOS/Source/tasks.o
 .bss.uxSchedulerSuspended