Archive member included to satisfy reference by file (symbol)

/opt/Atollic_TrueSTUDIO_for_STM32_x86_64_9.3.0/ARMTools/bin/../lib/gcc/arm-atollic-eabi/6.3.1/../../../../arm-atollic-eabi/lib/armv7e-m/fpu/libc.a(lib_a-assert.o)
                              Middleware/Modbus/functions/mbutils.o (__assert_func)
/opt/Atollic_TrueSTUDIO_for_STM32_x86_64_9.3.0/ARMTools/bin/../lib/gcc/arm-atollic-eabi/6.3.1/../../../../arm-atollic-eabi/lib/armv7e-m/fpu/libc.a(lib_a-errno.o)
                              Src/syscalls.o (__errno)
/opt/Atollic_TrueSTUDIO_for_STM32_x86_64_9.3.0/ARMTools/bin/../lib/gcc/arm-atollic-eabi/6.3.1/../../../../arm-atollic-eabi/lib/armv7e-m/fpu/libc.a(lib_a-findfp.o)
                              Middlewares/Third_Party/FreeRTOS/Source/tasks.o (__sf_fake_stderr)
/opt/Atollic_TrueSTUDIO_for_STM32_x86_64_9.3.0/ARMTools/bin/../lib/gcc/arm-atollic-eabi/6.3.1/../../../../arm-atollic-eabi/lib/armv7e-m/fpu/libc.a(lib_a-fiprintf.o)
                              /opt/Atollic_TrueSTUDIO_for_STM32_x86_64_9.3.0/ARMTools/bin/../lib/gcc/arm-atollic-eabi/6.3.1/../../../../arm-atollic-eabi/lib/armv7e-m/fpu/libc.a(lib_a-assert.o) (fiprintf)
/opt/Atollic_TrueSTUDIO_for_STM32_x86_64_9.3.0/ARMTools/bin/../lib/gcc/arm-atollic-eabi/6.3.1/../../../../arm-atollic-eabi/lib/armv7e-m/fpu/libc.a(lib_a-fwalk.o)
                              /opt/Atollic_TrueSTUDIO_for_STM32_x86_64_9.3.0/ARMTools/bin/../lib/gcc/arm-atollic-eabi/6.3.1/../../../../arm-atollic-eabi/lib/armv7e-m/fpu/libc.a(lib_a-findfp.o) (_fwalk)
/opt/Atollic_TrueSTUDIO_for_STM32_x86_64_9.3.0/ARMTools/bin/../lib/gcc/arm-atollic-eabi/6.3.1/../../../../arm-atollic-eabi/lib/armv7e-m/fpu/libc.a(lib_a-impure.o)
                              /opt/Atollic_TrueSTUDIO_for_STM32_x86_64_9.3.0/ARMTools/bin/../lib/gcc/arm-atollic-eabi/6.3.1/../../../../arm-atollic-eabi/lib/armv7e-m/fpu/libc.a(lib_a-findfp.o) (_global_impure_ptr)
/opt/Atollic_TrueSTUDIO_for_STM32_x86_64_9.3.0/ARMTools/bin/../lib/gcc/arm-atollic-eabi/6.3.1/../../../../arm-atollic-eabi/lib/armv7e-m/fpu/libc.a(lib_a-init.o)
                              startup/startup_stm32f303xe.o (__libc_init_array)
/opt/Atollic_TrueSTUDIO_for_STM32_x86_64_9.3.0/ARMTools/bin/../lib/gcc/arm-atollic-eabi/6.3.1/../../../../arm-atollic-eabi/lib/armv7e-m/fpu/libc.a(lib_a-lock.o)
                              /opt/Atollic_TrueSTUDIO_for_STM32_x86_64_9.3.0/ARMTools/bin/../lib/gcc/arm-atollic-eabi/6.3.1/../../../../arm-atollic-eabi/lib/armv7e-m/fpu/libc.a(lib_a-findfp.o) (__retarget_lock_init_recursive)
/opt/Atollic_TrueSTUDIO_for_STM32_x86_64_9.3.0/ARMTools/bin/../lib/gcc/arm-atollic-eabi/6.3.1/../../../../arm-atollic-eabi/lib/armv7e-m/fpu/libc.a(lib_a-mallocr.o)
                              /opt/Atollic_TrueSTUDIO_for_STM32_x86_64_9.3.0/ARMTools/bin/../lib/gcc/arm-atollic-eabi/6.3.1/../../../../arm-atollic-eabi/lib/armv7e-m/fpu/libc.a(lib_a-findfp.o) (_malloc_r)
/opt/Atollic_TrueSTUDIO_for_STM32_x86_64_9.3.0/ARMTools/bin/../lib/gcc/arm-atollic-eabi/6.3.1/../../../../arm-atollic-eabi/lib/armv7e-m/fpu/libc.a(lib_a-memcpy-stub.o)
                              Middleware/Modbus/functions/mbfuncother.o (memcpy)
/opt/Atollic_TrueSTUDIO_for_STM32_x86_64_9.3.0/ARMTools/bin/../lib/gcc/arm-atollic-eabi/6.3.1/../../../../arm-atollic-eabi/lib/armv7e-m/fpu/libc.a(lib_a-memset.o)
                              Middlewares/Third_Party/FreeRTOS/Source/stream_buffer.o (memset)
/opt/Atollic_TrueSTUDIO_for_STM32_x86_64_9.3.0/ARMTools/bin/../lib/gcc/arm-atollic-eabi/6.3.1/../../../../arm-atollic-eabi/lib/armv7e-m/fpu/libc.a(lib_a-mlock.o)
                              /opt/Atollic_TrueSTUDIO_for_STM32_x86_64_9.3.0/ARMTools/bin/../lib/gcc/arm-atollic-eabi/6.3.1/../../../../arm-atollic-eabi/lib/armv7e-m/fpu/libc.a(lib_a-mallocr.o) (__malloc_lock)
/opt/Atollic_TrueSTUDIO_for_STM32_x86_64_9.3.0/ARMTools/bin/../lib/gcc/arm-atollic-eabi/6.3.1/../../../../arm-atollic-eabi/lib/armv7e-m/fpu/libc.a(lib_a-reent.o)
                              Middlewares/Third_Party/FreeRTOS/Source/tasks.o (_reclaim_reent)
/opt/Atollic_TrueSTUDIO_for_STM32_x86_64_9.3.0/ARMTools/bin/../lib/gcc/arm-atollic-eabi/6.3.1/../../../../arm-atollic-eabi/lib/armv7e-m/fpu/libc.a(lib_a-sbrkr.o)
                              /opt/Atollic_TrueSTUDIO_for_STM32_x86_64_9.3.0/ARMTools/bin/../lib/gcc/arm-atollic-eabi/6.3.1/../../../../arm-atollic-eabi/lib/armv7e-m/fpu/libc.a(lib_a-mallocr.o) (_sbrk_r)
/opt/Atollic_TrueSTUDIO_for_STM32_x86_64_9.3.0/ARMTools/bin/../lib/gcc/arm-atollic-eabi/6.3.1/../../../../arm-atollic-eabi/lib/armv7e-m/fpu/libc.a(lib_a-sprintf.o)
                              Src/main.o (sprintf)
/opt/Atollic_TrueSTUDIO_for_STM32_x86_64_9.3.0/ARMTools/bin/../lib/gcc/arm-atollic-eabi/6.3.1/../../../../arm-atollic-eabi/lib/armv7e-m/fpu/libc.a(lib_a-stdio.o)
                              /opt/Atollic_TrueSTUDIO_for_STM32_x86_64_9.3.0/ARMTools/bin/../lib/gcc/arm-atollic-eabi/6.3.1/../../../../arm-atollic-eabi/lib/armv7e-m/fpu/libc.a(lib_a-findfp.o) (__sread)
[...]
Memory Configuration

Name             Origin             Length             Attributes
RAM              0x0000000020000000 0x0000000000010000 xrw
CCMRAM           0x0000000010000000 0x0000000000004000 xrw
FLASH            0x0000000008000000 0x0000000000080000 xr
*default*        0x0000000000000000 0xffffffffffffffff

Linker script and memory map

LOAD /opt/Atollic_TrueSTUDIO_for_STM32_x86_64_9.3.0/ARMTools/bin/../lib/gcc/arm-atollic-eabi/6.3.1/armv7e-m/fpu/crti.o
LOAD /opt/Atollic_TrueSTUDIO_for_STM32_x86_64_9.3.0/ARMTools/bin/../lib/gcc/arm-atollic-eabi/6.3.1/armv7e-m/fpu/crtbegin.o
LOAD Drivers/STM32F3xx_HAL_Driver/Src/stm32f3xx_hal.o
LOAD Drivers/STM32F3xx_HAL_Driver/Src/stm32f3xx_hal_cortex.o
LOAD Drivers/STM32F3xx_HAL_Driver/Src/stm32f3xx_hal_dac.o
LOAD Drivers/STM32F3xx_HAL_Driver/Src/stm32f3xx_hal_dac_ex.o
LOAD Drivers/STM32F3xx_HAL_Driver/Src/stm32f3xx_hal_dma.o
LOAD Drivers/STM32F3xx_HAL_Driver/Src/stm32f3xx_hal_exti.o
LOAD Drivers/STM32F3xx_HAL_Driver/Src/stm32f3xx_hal_flash.o
LOAD Drivers/STM32F3xx_HAL_Driver/Src/stm32f3xx_hal_flash_ex.o
LOAD Drivers/STM32F3xx_HAL_Driver/Src/stm32f3xx_hal_gpio.o
LOAD Drivers/STM32F3xx_HAL_Driver/Src/stm32f3xx_hal_i2c.o
LOAD Drivers/STM32F3xx_HAL_Driver/Src/stm32f3xx_hal_i2c_ex.o
LOAD Drivers/STM32F3xx_HAL_Driver/Src/stm32f3xx_hal_pwr.o
LOAD Drivers/STM32F3xx_HAL_Driver/Src/stm32f3xx_hal_pwr_ex.o
LOAD Drivers/STM32F3xx_HAL_Driver/Src/stm32f3xx_hal_rcc.o
LOAD Drivers/STM32F3xx_HAL_Driver/Src/stm32f3xx_hal_rcc_ex.o
LOAD Drivers/STM32F3xx_HAL_Driver/Src/stm32f3xx_hal_tim.o
LOAD Drivers/STM32F3xx_HAL_Driver/Src/stm32f3xx_hal_tim_ex.o
LOAD Drivers/STM32F3xx_HAL_Driver/Src/stm32f3xx_hal_uart.o
LOAD Drivers/STM32F3xx_HAL_Driver/Src/stm32f3xx_hal_uart_ex.o
LOAD Middleware/Modbus/functions/mbfunccoils.o
LOAD Middleware/Modbus/functions/mbfuncdiag.o
LOAD Middleware/Modbus/functions/mbfuncdisc.o
LOAD Middleware/Modbus/functions/mbfuncholding.o
LOAD Middleware/Modbus/functions/mbfuncinput.o
LOAD Middleware/Modbus/functions/mbfuncother.o
LOAD Middleware/Modbus/functions/mbutils.o
LOAD Middleware/Modbus/mb.o
LOAD Middleware/Modbus/port/portevent.o
LOAD Middleware/Modbus/port/portserial.o
LOAD Middleware/Modbus/port/porttimer.o
LOAD Middleware/Modbus/rtu/mbcrc.o
LOAD Middleware/Modbus/rtu/mbrtu.o
LOAD Middlewares/Third_Party/FreeRTOS/Source/CMSIS_RTOS/cmsis_os.o
LOAD Middlewares/Third_Party/FreeRTOS/Source/croutine.o
LOAD Middlewares/Third_Party/FreeRTOS/Source/event_groups.o
LOAD Middlewares/Third_Party/FreeRTOS/Source/list.o
LOAD Middlewares/Third_Party/FreeRTOS/Source/portable/GCC/ARM_CM4F/port.o
LOAD Middlewares/Third_Party/FreeRTOS/Source/queue.o
LOAD Middlewares/Third_Party/FreeRTOS/Source/stream_buffer.o
LOAD Middlewares/Third_Party/FreeRTOS/Source/tasks.o
LOAD Middlewares/Third_Party/FreeRTOS/Source/timers.o
LOAD Src/adc.o
LOAD Src/energy.o
LOAD Src/fonts.o
LOAD Src/freertos.o
LOAD Src/main.o
LOAD Src/oled.o
LOAD Src/power.o
LOAD Src/soc.o
LOAD Src/sochelper.o
LOAD Src/stm32f3xx_hal_msp.o
LOAD Src/stm32f3xx_it.o
LOAD Src/syscalls.o
LOAD Src/system_stm32f3xx.o
LOAD startup/startup_stm32f303xe.o
                0x0000000000000080                malloc_getpagesize_P = 0x80
START GROUP
LOAD /opt/Atollic_TrueSTUDIO_for_STM32_x86_64_9.3.0/ARMTools/bin/../lib/gcc/arm-atollic-eabi/6.3.1/../../../../arm-atollic-eabi/lib/armv7e-m/fpu/libc.a
LOAD /opt/Atollic_TrueSTUDIO_for_STM32_x86_64_9.3.0/ARMTools/bin/../lib/gcc/arm-atollic-eabi/6.3.1/../../../../arm-atollic-eabi/lib/armv7e-m/fpu/libm.a
END GROUP
START GROUP
LOAD /opt/Atollic_TrueSTUDIO_for_STM32_x86_64_9.3.0/ARMTools/bin/../lib/gcc/arm-atollic-eabi/6.3.1/armv7e-m/fpu/libgcc.a
LOAD /opt/Atollic_TrueSTUDIO_for_STM32_x86_64_9.3.0/ARMTools/bin/../lib/gcc/arm-atollic-eabi/6.3.1/../../../../arm-atollic-eabi/lib/armv7e-m/fpu/libc.a
END GROUP
START GROUP
LOAD /opt/Atollic_TrueSTUDIO_for_STM32_x86_64_9.3.0/ARMTools/bin/../lib/gcc/arm-atollic-eabi/6.3.1/armv7e-m/fpu/libgcc.a
LOAD /opt/Atollic_TrueSTUDIO_for_STM32_x86_64_9.3.0/ARMTools/bin/../lib/gcc/arm-atollic-eabi/6.3.1/../../../../arm-atollic-eabi/lib/armv7e-m/fpu/libc.a
LOAD /opt/Atollic_TrueSTUDIO_for_STM32_x86_64_9.3.0/ARMTools/bin/../lib/gcc/arm-atollic-eabi/6.3.1/../../../../arm-atollic-eabi/lib/armv7e-m/fpu/libnosys.a
END GROUP
LOAD /opt/Atollic_TrueSTUDIO_for_STM32_x86_64_9.3.0/ARMTools/bin/../lib/gcc/arm-atollic-eabi/6.3.1/armv7e-m/fpu/crtend.o
LOAD /opt/Atollic_TrueSTUDIO_for_STM32_x86_64_9.3.0/ARMTools/bin/../lib/gcc/arm-atollic-eabi/6.3.1/armv7e-m/fpu/crtn.o
                0x0000000020010000                _estack = 0x20010000
                0x0000000000000200                _Min_Heap_Size = 0x200
                0x0000000000000400                _Min_Stack_Size = 0x400

.isr_vector     0x0000000008000000      0x194
                0x0000000008000000                . = ALIGN (0x4)
 *(.isr_vector)
 .isr_vector    0x0000000008000000      0x194 startup/startup_stm32f303xe.o
                0x0000000008000000                g_pfnVectors
                0x0000000008000194                . = ALIGN (0x4)

.text           0x00000000080001a0     0x7498
                0x00000000080001a0                . = ALIGN (0x4)
 *(.text)
 .text          0x00000000080001a0       0x40 /opt/Atollic_TrueSTUDIO_for_STM32_x86_64_9.3.0/ARMTools/bin/../lib/gcc/arm-atollic-eabi/6.3.1/armv7e-m/fpu/crtbegin.o
 .text          0x00000000080001e0       0xa0 /opt/Atollic_TrueSTUDIO_for_STM32_x86_64_9.3.0/ARMTools/bin/../lib/gcc/arm-atollic-eabi/6.3.1/../../../../arm-atollic-eabi/lib/armv7e-m/fpu/libc.a(lib_a-memchr.o)
                0x00000000080001e0                memchr
 .text          0x0000000008000280       0x10 /opt/Atollic_TrueSTUDIO_for_STM32_x86_64_9.3.0/ARMTools/bin/../lib/gcc/arm-atollic-eabi/6.3.1/../../../../arm-atollic-eabi/lib/armv7e-m/fpu/libc.a(lib_a-strlen.o)
                0x0000000008000280                strlen
 .text          0x0000000008000290      0x370 /opt/Atollic_TrueSTUDIO_for_STM32_x86_64_9.3.0/ARMTools/bin/../lib/gcc/arm-atollic-eabi/6.3.1/armv7e-m/fpu/libgcc.a(_arm_addsubdf3.o)
                0x0000000008000290                __aeabi_drsub
                0x0000000008000298                __aeabi_dsub
                0x0000000008000298                __subdf3
                0x000000000800029c                __adddf3
                0x000000000800029c                __aeabi_dadd
                0x0000000008000514                __aeabi_ui2d
                0x0000000008000514                __floatunsidf
                0x0000000008000534                __floatsidf
                0x0000000008000534                __aeabi_i2d
                0x0000000008000558                __extendsfdf2
                0x0000000008000558                __aeabi_f2d
                0x0000000008000594                __aeabi_ul2d
                0x0000000008000594                __floatundidf
                0x00000000080005a4                __floatdidf
                0x00000000080005a4                __aeabi_l2d
 .text          0x0000000008000600      0x424 /opt/Atollic_TrueSTUDIO_for_STM32_x86_64_9.3.0/ARMTools/bin/../lib/gcc/arm-atollic-eabi/6.3.1/armv7e-m/fpu/libgcc.a(_arm_muldivdf3.o)
                0x0000000008000600                __aeabi_dmul
                0x0000000008000600                __muldf3
                0x0000000008000854                __aeabi_ddiv
                0x0000000008000854                __divdf3
 .text          0x0000000008000a24       0x40 /opt/Atollic_TrueSTUDIO_for_STM32_x86_64_9.3.0/ARMTools/bin/../lib/gcc/arm-atollic-eabi/6.3.1/armv7e-m/fpu/libgcc.a(_arm_fixunsdfsi.o)
                0x0000000008000a24                __fixunsdfsi
                0x0000000008000a24                __aeabi_d2uiz
 .text          0x0000000008000a64       0xa0 /opt/Atollic_TrueSTUDIO_for_STM32_x86_64_9.3.0/ARMTools/bin/../lib/gcc/arm-atollic-eabi/6.3.1/armv7e-m/fpu/libgcc.a(_arm_truncdfsf2.o)
                0x0000000008000a64                __aeabi_d2f
                0x0000000008000a64                __truncdfsf2
 .text          0x0000000008000b04       0x30 /opt/Atollic_TrueSTUDIO_for_STM32_x86_64_9.3.0/ARMTools/bin/../lib/gcc/arm-atollic-eabi/6.3.1/armv7e-m/fpu/libgcc.a(_aeabi_uldivmod.o)
                0x0000000008000b04                __aeabi_uldivmod
 .text          0x0000000008000b34      0x2dc /opt/Atollic_TrueSTUDIO_for_STM32_x86_64_9.3.0/ARMTools/bin/../lib/gcc/arm-atollic-eabi/6.3.1/armv7e-m/fpu/libgcc.a(_udivmoddi4.o)
                0x0000000008000b34                __udivmoddi4
 .text          0x0000000008000e10        0x4 /opt/Atollic_TrueSTUDIO_for_STM32_x86_64_9.3.0/ARMTools/bin/../lib/gcc/arm-atollic-eabi/6.3.1/armv7e-m/fpu/libgcc.a(_dvmd_tls.o)
                0x0000000008000e10                __aeabi_ldiv0
                0x0000000008000e10                __aeabi_idiv0
 *(.text*)
 .text.HAL_InitTick
                0x0000000008000e14       0x48 Drivers/STM32F3xx_HAL_Driver/Src/stm32f3xx_hal.o
                0x0000000008000e14                HAL_InitTick
 .text.HAL_Init
                0x0000000008000e5c       0x24 Drivers/STM32F3xx_HAL_Driver/Src/stm32f3xx_hal.o
                0x0000000008000e5c                HAL_Init
 .text.HAL_IncTick
                0x0000000008000e80       0x18 Drivers/STM32F3xx_HAL_Driver/Src/stm32f3xx_hal.o
                0x0000000008000e80                HAL_IncTick
 .text.HAL_GetTick
                0x0000000008000e98        0xc Drivers/STM32F3xx_HAL_Driver/Src/stm32f3xx_hal.o
                0x0000000008000e98                HAL_GetTick
 .text.HAL_Delay
                0x0000000008000ea4       0x28 Drivers/STM32F3xx_HAL_Driver/Src/stm32f3xx_hal.o
                0x0000000008000ea4                HAL_Delay
 .text.HAL_NVIC_SetPriorityGrouping
                0x0000000008000ecc       0x24 Drivers/STM32F3xx_HAL_Driver/Src/stm32f3xx_hal_cortex.o
                0x0000000008000ecc                HAL_NVIC_SetPriorityGrouping
 .text.HAL_NVIC_SetPriority
                0x0000000008000ef0       0x68 Drivers/STM32F3xx_HAL_Driver/Src/stm32f3xx_hal_cortex.o
                0x0000000008000ef0                HAL_NVIC_SetPriority
 .text.HAL_NVIC_EnableIRQ
                0x0000000008000f58       0x1c Drivers/STM32F3xx_HAL_Driver/Src/stm32f3xx_hal_cortex.o
                0x0000000008000f58                HAL_NVIC_EnableIRQ
 .text.HAL_SYSTICK_Config
                0x0000000008000f74       0x2c Drivers/STM32F3xx_HAL_Driver/Src/stm32f3xx_hal_cortex.o
                0x0000000008000f74                HAL_SYSTICK_Config
 .text.HAL_DAC_Init
                0x0000000008000fa0       0x26 Drivers/STM32F3xx_HAL_Driver/Src/stm32f3xx_hal_dac.o
                0x0000000008000fa0                HAL_DAC_Init
 .text.HAL_DAC_DMAUnderrunCallbackCh1
                0x0000000008000fc6        0x2 Drivers/STM32F3xx_HAL_Driver/Src/stm32f3xx_hal_dac.o
                0x0000000008000fc6                HAL_DAC_DMAUnderrunCallbackCh1
 .text.HAL_DAC_SetValue
                0x0000000008000fc8       0x24 Drivers/STM32F3xx_HAL_Driver/Src/stm32f3xx_hal_dac_ex.o
                0x0000000008000fc8                HAL_DAC_SetValue
 .text.HAL_DAC_Start
                0x0000000008000fec       0x4e Drivers/STM32F3xx_HAL_Driver/Src/stm32f3xx_hal_dac_ex.o
                0x0000000008000fec                HAL_DAC_Start
 .text.HAL_DAC_ConfigChannel
                0x000000000800103a       0x40 Drivers/STM32F3xx_HAL_Driver/Src/stm32f3xx_hal_dac_ex.o
                0x000000000800103a                HAL_DAC_ConfigChannel
 .text.HAL_DACEx_DMAUnderrunCallbackCh2
                0x000000000800107a        0x2 Drivers/STM32F3xx_HAL_Driver/Src/stm32f3xx_hal_dac_ex.o
                0x000000000800107a                HAL_DACEx_DMAUnderrunCallbackCh2
 .text.HAL_DAC_IRQHandler
                0x000000000800107c       0x60 Drivers/STM32F3xx_HAL_Driver/Src/stm32f3xx_hal_dac_ex.o
                0x000000000800107c                HAL_DAC_IRQHandler
 .text.HAL_DMA_Abort_IT
                0x00000000080010dc       0x48 Drivers/STM32F3xx_HAL_Driver/Src/stm32f3xx_hal_dma.o
                0x00000000080010dc                HAL_DMA_Abort_IT
 .text.HAL_GPIO_Init
                0x0000000008001124      0x1a0 Drivers/STM32F3xx_HAL_Driver/Src/stm32f3xx_hal_gpio.o
                0x0000000008001124                HAL_GPIO_Init
 .text.HAL_GPIO_ReadPin
                0x00000000080012c4        0xc Drivers/STM32F3xx_HAL_Driver/Src/stm32f3xx_hal_gpio.o
                0x00000000080012c4                HAL_GPIO_ReadPin
 .text.HAL_GPIO_WritePin
                0x00000000080012d0        0xa Drivers/STM32F3xx_HAL_Driver/Src/stm32f3xx_hal_gpio.o
                0x00000000080012d0                HAL_GPIO_WritePin
 .text.HAL_GPIO_TogglePin
                0x00000000080012da        0xc Drivers/STM32F3xx_HAL_Driver/Src/stm32f3xx_hal_gpio.o
                0x00000000080012da                HAL_GPIO_TogglePin
 *fill*         0x00000000080012e6        0x2 
 .text.HAL_GPIO_EXTI_IRQHandler
                0x00000000080012e8       0x18 Drivers/STM32F3xx_HAL_Driver/Src/stm32f3xx_hal_gpio.o
                0x00000000080012e8                HAL_GPIO_EXTI_IRQHandler
 .text.I2C_Flush_TXDR
                0x0000000008001300       0x1c Drivers/STM32F3xx_HAL_Driver/Src/stm32f3xx_hal_i2c.o
 .text.I2C_TransferConfig
                0x000000000800131c       0x34 Drivers/STM32F3xx_HAL_Driver/Src/stm32f3xx_hal_i2c.o
 .text.I2C_WaitOnFlagUntilTimeout
                0x0000000008001350       0x56 Drivers/STM32F3xx_HAL_Driver/Src/stm32f3xx_hal_i2c.o
 .text.I2C_IsAcknowledgeFailed
                0x00000000080013a6       0x7a Drivers/STM32F3xx_HAL_Driver/Src/stm32f3xx_hal_i2c.o
 .text.I2C_WaitOnTXISFlagUntilTimeout
                0x0000000008001420       0x4e Drivers/STM32F3xx_HAL_Driver/Src/stm32f3xx_hal_i2c.o
 *fill*         0x000000000800146e        0x2 
 .text.I2C_RequestMemoryWrite
                0x0000000008001470       0x64 Drivers/STM32F3xx_HAL_Driver/Src/stm32f3xx_hal_i2c.o
 .text.I2C_RequestMemoryRead
                0x00000000080014d4       0x64 Drivers/STM32F3xx_HAL_Driver/Src/stm32f3xx_hal_i2c.o
 .text.I2C_WaitOnSTOPFlagUntilTimeout
                0x0000000008001538       0x4a Drivers/STM32F3xx_HAL_Driver/Src/stm32f3xx_hal_i2c.o
 .text.HAL_I2C_Init
                0x0000000008001582       0xa2 Drivers/STM32F3xx_HAL_Driver/Src/stm32f3xx_hal_i2c.o
                0x0000000008001582                HAL_I2C_Init
 .text.HAL_I2C_Mem_Write
                0x0000000008001624      0x16e Drivers/STM32F3xx_HAL_Driver/Src/stm32f3xx_hal_i2c.o
                0x0000000008001624                HAL_I2C_Mem_Write
 *fill*         0x0000000008001792        0x2 
 .text.HAL_I2C_Mem_Read
                0x0000000008001794      0x17c Drivers/STM32F3xx_HAL_Driver/Src/stm32f3xx_hal_i2c.o
                0x0000000008001794                HAL_I2C_Mem_Read
 .text.HAL_I2CEx_ConfigAnalogFilter
                0x0000000008001910       0x4c Drivers/STM32F3xx_HAL_Driver/Src/stm32f3xx_hal_i2c_ex.o
                0x0000000008001910                HAL_I2CEx_ConfigAnalogFilter
 .text.HAL_I2CEx_ConfigDigitalFilter
                0x000000000800195c       0x4a Drivers/STM32F3xx_HAL_Driver/Src/stm32f3xx_hal_i2c_ex.o
                0x000000000800195c                HAL_I2CEx_ConfigDigitalFilter
 *fill*         0x00000000080019a6        0x2 
 .text.HAL_RCC_OscConfig
                0x00000000080019a8      0x538 Drivers/STM32F3xx_HAL_Driver/Src/stm32f3xx_hal_rcc.o
                0x00000000080019a8                HAL_RCC_OscConfig
 .text.HAL_RCC_GetSysClockFreq
                0x0000000008001ee0       0x58 Drivers/STM32F3xx_HAL_Driver/Src/stm32f3xx_hal_rcc.o
                0x0000000008001ee0                HAL_RCC_GetSysClockFreq
 .text.HAL_RCC_ClockConfig
                0x0000000008001f38      0x15c Drivers/STM32F3xx_HAL_Driver/Src/stm32f3xx_hal_rcc.o
                0x0000000008001f38                HAL_RCC_ClockConfig
 .text.HAL_RCC_GetPCLK1Freq
                0x0000000008002094       0x30 Drivers/STM32F3xx_HAL_Driver/Src/stm32f3xx_hal_rcc.o
                0x0000000008002094                HAL_RCC_GetPCLK1Freq
 .text.HAL_RCC_GetPCLK2Freq
                0x00000000080020c4       0x30 Drivers/STM32F3xx_HAL_Driver/Src/stm32f3xx_hal_rcc.o
                0x00000000080020c4                HAL_RCC_GetPCLK2Freq
 .text.HAL_RCCEx_PeriphCLKConfig
                0x00000000080020f4      0x288 Drivers/STM32F3xx_HAL_Driver/Src/stm32f3xx_hal_rcc_ex.o
                0x00000000080020f4                HAL_RCCEx_PeriphCLKConfig
 .text.HAL_TIM_Base_Start_IT
                0x000000000800237c       0x2c Drivers/STM32F3xx_HAL_Driver/Src/stm32f3xx_hal_tim.o
                0x000000000800237c                HAL_TIM_Base_Start_IT
 .text.HAL_TIM_Base_Stop_IT
                0x00000000080023a8       0x2a Drivers/STM32F3xx_HAL_Driver/Src/stm32f3xx_hal_tim.o
                0x00000000080023a8                HAL_TIM_Base_Stop_IT
 .text.HAL_TIM_OC_DelayElapsedCallback
                0x00000000080023d2        0x2 Drivers/STM32F3xx_HAL_Driver/Src/stm32f3xx_hal_tim.o
                0x00000000080023d2                HAL_TIM_OC_DelayElapsedCallback
 .text.HAL_TIM_IC_CaptureCallback
                0x00000000080023d4        0x2 Drivers/STM32F3xx_HAL_Driver/Src/stm32f3xx_hal_tim.o
                0x00000000080023d4                HAL_TIM_IC_CaptureCallback
 .text.HAL_TIM_PWM_PulseFinishedCallback
                0x00000000080023d6        0x2 Drivers/STM32F3xx_HAL_Driver/Src/stm32f3xx_hal_tim.o
                0x00000000080023d6                HAL_TIM_PWM_PulseFinishedCallback
 .text.HAL_TIM_TriggerCallback
                0x00000000080023d8        0x2 Drivers/STM32F3xx_HAL_Driver/Src/stm32f3xx_hal_tim.o
                0x00000000080023d8                HAL_TIM_TriggerCallback
 .text.HAL_TIM_IRQHandler
                0x00000000080023da      0x160 Drivers/STM32F3xx_HAL_Driver/Src/stm32f3xx_hal_tim.o
                0x00000000080023da                HAL_TIM_IRQHandler
 *fill*         0x000000000800253a        0x2 
 .text.TIM_Base_SetConfig
                0x000000000800253c       0xd4 Drivers/STM32F3xx_HAL_Driver/Src/stm32f3xx_hal_tim.o
                0x000000000800253c                TIM_Base_SetConfig
 .text.HAL_TIM_Base_Init
                0x0000000008002610       0x34 Drivers/STM32F3xx_HAL_Driver/Src/stm32f3xx_hal_tim.o
                0x0000000008002610                HAL_TIM_Base_Init
 .text.HAL_TIMEx_MasterConfigSynchronization
                0x0000000008002644       0x98 Drivers/STM32F3xx_HAL_Driver/Src/stm32f3xx_hal_tim_ex.o
                0x0000000008002644                HAL_TIMEx_MasterConfigSynchronization
 .text.HAL_TIMEx_CommutCallback
                0x00000000080026dc        0x2 Drivers/STM32F3xx_HAL_Driver/Src/stm32f3xx_hal_tim_ex.o
                0x00000000080026dc                HAL_TIMEx_CommutCallback
 .text.HAL_TIMEx_BreakCallback
                0x00000000080026de        0x2 Drivers/STM32F3xx_HAL_Driver/Src/stm32f3xx_hal_tim_ex.o
                0x00000000080026de                HAL_TIMEx_BreakCallback
 .text.HAL_TIMEx_Break2Callback
                0x00000000080026e0        0x2 Drivers/STM32F3xx_HAL_Driver/Src/stm32f3xx_hal_tim_ex.o
                0x00000000080026e0                HAL_TIMEx_Break2Callback
 .text.UART_EndRxTransfer
                0x00000000080026e2       0x1c Drivers/STM32F3xx_HAL_Driver/Src/stm32f3xx_hal_uart.o
 .text.HAL_UART_TxCpltCallback
                0x00000000080026fe        0x2 Drivers/STM32F3xx_HAL_Driver/Src/stm32f3xx_hal_uart.o
                0x00000000080026fe                HAL_UART_TxCpltCallback
 .text.HAL_UART_ErrorCallback
                0x0000000008002700        0x2 Drivers/STM32F3xx_HAL_Driver/Src/stm32f3xx_hal_uart.o
                0x0000000008002700                HAL_UART_ErrorCallback
 *fill*         0x0000000008002702        0x2 
 .text.HAL_UART_IRQHandler
                0x0000000008002704      0x148 Drivers/STM32F3xx_HAL_Driver/Src/stm32f3xx_hal_uart.o
                0x0000000008002704                HAL_UART_IRQHandler
 .text.UART_DMAAbortOnError
                0x000000000800284c       0x14 Drivers/STM32F3xx_HAL_Driver/Src/stm32f3xx_hal_uart.o
 .text.UART_SetConfig
                0x0000000008002860      0x220 Drivers/STM32F3xx_HAL_Driver/Src/stm32f3xx_hal_uart.o
                0x0000000008002860                UART_SetConfig
 .text.UART_AdvFeatureConfig
                0x0000000008002a80       0xa8 Drivers/STM32F3xx_HAL_Driver/Src/stm32f3xx_hal_uart.o
                0x0000000008002a80                UART_AdvFeatureConfig
 .text.UART_WaitOnFlagUntilTimeout
                0x0000000008002b28       0x86 Drivers/STM32F3xx_HAL_Driver/Src/stm32f3xx_hal_uart.o
                0x0000000008002b28                UART_WaitOnFlagUntilTimeout
 .text.HAL_UART_Transmit
                0x0000000008002bae       0xae Drivers/STM32F3xx_HAL_Driver/Src/stm32f3xx_hal_uart.o
                0x0000000008002bae                HAL_UART_Transmit
 .text.UART_CheckIdleState
                0x0000000008002c5c       0x60 Drivers/STM32F3xx_HAL_Driver/Src/stm32f3xx_hal_uart.o
                0x0000000008002c5c                UART_CheckIdleState
 .text.HAL_UART_Init
                0x0000000008002cbc       0x5c Drivers/STM32F3xx_HAL_Driver/Src/stm32f3xx_hal_uart.o
                0x0000000008002cbc                HAL_UART_Init
 .text.HAL_UARTEx_WakeupCallback
                0x0000000008002d18        0x2 Drivers/STM32F3xx_HAL_Driver/Src/stm32f3xx_hal_uart_ex.o
                0x0000000008002d18                HAL_UARTEx_WakeupCallback
 .text.eMBFuncReadCoils
                0x0000000008002d1a       0x6c Middleware/Modbus/functions/mbfunccoils.o
                0x0000000008002d1a                eMBFuncReadCoils
 .text.eMBFuncWriteCoil
                0x0000000008002d86       0x4a Middleware/Modbus/functions/mbfunccoils.o
                0x0000000008002d86                eMBFuncWriteCoil
 .text.eMBFuncWriteMultipleCoils
                0x0000000008002dd0       0x58 Middleware/Modbus/functions/mbfunccoils.o
                0x0000000008002dd0                eMBFuncWriteMultipleCoils
 .text.eMBFuncReadDiscreteInputs
                0x0000000008002e28       0x6a Middleware/Modbus/functions/mbfuncdisc.o
                0x0000000008002e28                eMBFuncReadDiscreteInputs
 .text.eMBFuncWriteHoldingRegister
                0x0000000008002e92       0x2e Middleware/Modbus/functions/mbfuncholding.o
                0x0000000008002e92                eMBFuncWriteHoldingRegister
 .text.eMBFuncWriteMultipleHoldingRegister
                0x0000000008002ec0       0x4a Middleware/Modbus/functions/mbfuncholding.o
                0x0000000008002ec0                eMBFuncWriteMultipleHoldingRegister
 .text.eMBFuncReadHoldingRegister
                0x0000000008002f0a       0x58 Middleware/Modbus/functions/mbfuncholding.o
                0x0000000008002f0a                eMBFuncReadHoldingRegister
 .text.eMBFuncReadWriteMultipleHoldingRegister
                0x0000000008002f62       0x9c Middleware/Modbus/functions/mbfuncholding.o
                0x0000000008002f62                eMBFuncReadWriteMultipleHoldingRegister
 .text.eMBFuncReadInputRegister
                0x0000000008002ffe       0x58 Middleware/Modbus/functions/mbfuncinput.o
                0x0000000008002ffe                eMBFuncReadInputRegister
 *fill*         0x0000000008003056        0x2 
 .text.eMBFuncReportSlaveID
                0x0000000008003058       0x24 Middleware/Modbus/functions/mbfuncother.o
                0x0000000008003058                eMBFuncReportSlaveID
 .text.prveMBError2Exception
                0x000000000800307c       0x10 Middleware/Modbus/functions/mbutils.o
                0x000000000800307c                prveMBError2Exception
 .text.eMBInit  0x000000000800308c       0xb0 Middleware/Modbus/mb.o
                0x000000000800308c                eMBInit
 .text.eMBEnable
                0x000000000800313c       0x24 Middleware/Modbus/mb.o
                0x000000000800313c                eMBEnable
 .text.eMBPoll  0x0000000008003160       0xec Middleware/Modbus/mb.o
                0x0000000008003160                eMBPoll
 .text.xMBPortEventInit
                0x000000000800324c       0x10 Middleware/Modbus/port/portevent.o
                0x000000000800324c                xMBPortEventInit
 .text.xMBPortEventPost
                0x000000000800325c       0x18 Middleware/Modbus/port/portevent.o
                0x000000000800325c                xMBPortEventPost
 .text.xMBPortEventGet
                0x0000000008003274       0x20 Middleware/Modbus/port/portevent.o
                0x0000000008003274                xMBPortEventGet
 .text.vMBPortSerialEnable
                0x0000000008003294       0x30 Middleware/Modbus/port/portserial.o
                0x0000000008003294                vMBPortSerialEnable
 .text.xMBPortSerialInit
                0x00000000080032c4        0x4 Middleware/Modbus/port/portserial.o
                0x00000000080032c4                xMBPortSerialInit
 .text.xMBPortSerialPutByte
                0x00000000080032c8       0x24 Middleware/Modbus/port/portserial.o
                0x00000000080032c8                xMBPortSerialPutByte
 .text.xMBPortSerialGetByte
                0x00000000080032ec       0x10 Middleware/Modbus/port/portserial.o
                0x00000000080032ec                xMBPortSerialGetByte
 .text.xMBPortTimersInit
                0x00000000080032fc       0x58 Middleware/Modbus/port/porttimer.o
                0x00000000080032fc                xMBPortTimersInit
 .text.vMBPortTimersEnable
                0x0000000008003354       0x1c Middleware/Modbus/port/porttimer.o
                0x0000000008003354                vMBPortTimersEnable
 .text.vMBPortTimersDisable
                0x0000000008003370        0xc Middleware/Modbus/port/porttimer.o
                0x0000000008003370                vMBPortTimersDisable
 .text.usMBCRC16
                0x000000000800337c       0x2c Middleware/Modbus/rtu/mbcrc.o
                0x000000000800337c                usMBCRC16
 .text.eMBRTUInit
                0x00000000080033a8       0x38 Middleware/Modbus/rtu/mbrtu.o
                0x00000000080033a8                eMBRTUInit
 .text.eMBRTUStart
                0x00000000080033e0       0x1c Middleware/Modbus/rtu/mbrtu.o
                0x00000000080033e0                eMBRTUStart
 .text.eMBRTUStop
                0x00000000080033fc       0x12 Middleware/Modbus/rtu/mbrtu.o
                0x00000000080033fc                eMBRTUStop
 *fill*         0x000000000800340e        0x2 
 .text.eMBRTUReceive
                0x0000000008003410       0x68 Middleware/Modbus/rtu/mbrtu.o
                0x0000000008003410                eMBRTUReceive
 .text.eMBRTUSend
                0x0000000008003478       0x78 Middleware/Modbus/rtu/mbrtu.o
                0x0000000008003478                eMBRTUSend
 .text.xMBRTUReceiveFSM
                0x00000000080034f0       0x94 Middleware/Modbus/rtu/mbrtu.o
                0x00000000080034f0                xMBRTUReceiveFSM
 .text.xMBRTUTransmitFSM
                0x0000000008003584       0x88 Middleware/Modbus/rtu/mbrtu.o
                0x0000000008003584                xMBRTUTransmitFSM
 .text.xMBRTUTimerT35Expired
                0x000000000800360c       0x64 Middleware/Modbus/rtu/mbrtu.o
                0x000000000800360c                xMBRTUTimerT35Expired
 .text.osKernelStart
                0x0000000008003670        0xa Middlewares/Third_Party/FreeRTOS/Source/CMSIS_RTOS/cmsis_os.o
                0x0000000008003670                osKernelStart
 .text.osThreadCreate
                0x000000000800367a       0x2a Middlewares/Third_Party/FreeRTOS/Source/CMSIS_RTOS/cmsis_os.o
                0x000000000800367a                osThreadCreate
 .text.osDelay  0x00000000080036a4       0x10 Middlewares/Third_Party/FreeRTOS/Source/CMSIS_RTOS/cmsis_os.o
                0x00000000080036a4                osDelay
 .text.vListInitialise
                0x00000000080036b4       0x16 Middlewares/Third_Party/FreeRTOS/Source/list.o
                0x00000000080036b4                vListInitialise
 .text.vListInitialiseItem
                0x00000000080036ca        0x6 Middlewares/Third_Party/FreeRTOS/Source/list.o
                0x00000000080036ca                vListInitialiseItem
 .text.vListInsertEnd
                0x00000000080036d0       0x18 Middlewares/Third_Party/FreeRTOS/Source/list.o
                0x00000000080036d0                vListInsertEnd
 .text.vListInsert
                0x00000000080036e8       0x2e Middlewares/Third_Party/FreeRTOS/Source/list.o
                0x00000000080036e8                vListInsert
 .text.uxListRemove
                0x0000000008003716       0x22 Middlewares/Third_Party/FreeRTOS/Source/list.o
                0x0000000008003716                uxListRemove
 .text.prvTaskExitError
                0x0000000008003738       0x40 Middlewares/Third_Party/FreeRTOS/Source/portable/GCC/ARM_CM4F/port.o
 .text.unlikely.prvPortStartFirstTask
                0x0000000008003778       0x28 Middlewares/Third_Party/FreeRTOS/Source/portable/GCC/ARM_CM4F/port.o
 .text.unlikely.vPortEnableVFP
                0x00000000080037a0       0x14 Middlewares/Third_Party/FreeRTOS/Source/portable/GCC/ARM_CM4F/port.o
 .text.pxPortInitialiseStack
                0x00000000080037b4       0x2c Middlewares/Third_Party/FreeRTOS/Source/portable/GCC/ARM_CM4F/port.o
                0x00000000080037b4                pxPortInitialiseStack
 .text.SVC_Handler
                0x00000000080037e0       0x24 Middlewares/Third_Party/FreeRTOS/Source/portable/GCC/ARM_CM4F/port.o
                0x00000000080037e0                SVC_Handler
 .text.vPortEnterCritical
                0x0000000008003804       0x44 Middlewares/Third_Party/FreeRTOS/Source/portable/GCC/ARM_CM4F/port.o
                0x0000000008003804                vPortEnterCritical
 .text.vPortExitCritical
                0x0000000008003848       0x28 Middlewares/Third_Party/FreeRTOS/Source/portable/GCC/ARM_CM4F/port.o
                0x0000000008003848                vPortExitCritical
 .text.PendSV_Handler
                0x0000000008003870       0x64 Middlewares/Third_Party/FreeRTOS/Source/portable/GCC/ARM_CM4F/port.o
                0x0000000008003870                PendSV_Handler
 .text.xPortSysTickHandler
                0x00000000080038d4       0x2c Middlewares/Third_Party/FreeRTOS/Source/portable/GCC/ARM_CM4F/port.o
                0x00000000080038d4                xPortSysTickHandler
 .text.vPortSetupTimerInterrupt
                0x0000000008003900       0x34 Middlewares/Third_Party/FreeRTOS/Source/portable/GCC/ARM_CM4F/port.o
                0x0000000008003900                vPortSetupTimerInterrupt
 .text.xPortStartScheduler
                0x0000000008003934      0x10c Middlewares/Third_Party/FreeRTOS/Source/portable/GCC/ARM_CM4F/port.o
                0x0000000008003934                xPortStartScheduler
 .text.prvIdleTask
                0x0000000008003a40       0x68 Middlewares/Third_Party/FreeRTOS/Source/tasks.o
 .text.prvResetNextTaskUnblockTime
                0x0000000008003aa8       0x24 Middlewares/Third_Party/FreeRTOS/Source/tasks.o
 .text.prvAddCurrentTaskToDelayedList
                0x0000000008003acc       0x8c Middlewares/Third_Party/FreeRTOS/Source/tasks.o
 .text.xTaskCreateStatic
                0x0000000008003b58      0x1dc Middlewares/Third_Party/FreeRTOS/Source/tasks.o
                0x0000000008003b58                xTaskCreateStatic
 .text.vTaskStartScheduler
                0x0000000008003d34       0x7c Middlewares/Third_Party/FreeRTOS/Source/tasks.o
                0x0000000008003d34                vTaskStartScheduler
 .text.vTaskSuspendAll
                0x0000000008003db0       0x10 Middlewares/Third_Party/FreeRTOS/Source/tasks.o
                0x0000000008003db0                vTaskSuspendAll
 .text.xTaskIncrementTick
                0x0000000008003dc0      0x124 Middlewares/Third_Party/FreeRTOS/Source/tasks.o
                0x0000000008003dc0                xTaskIncrementTick
 .text.xTaskResumeAll
                0x0000000008003ee4       0xf0 Middlewares/Third_Party/FreeRTOS/Source/tasks.o
                0x0000000008003ee4                xTaskResumeAll
 .text.vTaskDelay
                0x0000000008003fd4       0x48 Middlewares/Third_Party/FreeRTOS/Source/tasks.o
                0x0000000008003fd4                vTaskDelay
 .text.vTaskSwitchContext
                0x000000000800401c       0x80 Middlewares/Third_Party/FreeRTOS/Source/tasks.o
                0x000000000800401c                vTaskSwitchContext
 .text.xTaskGetSchedulerState
                0x000000000800409c       0x20 Middlewares/Third_Party/FreeRTOS/Source/tasks.o
                0x000000000800409c                xTaskGetSchedulerState
 .text.LTC2990_ConfigureControlReg
                0x00000000080040bc       0x24 Src/adc.o
                0x00000000080040bc                LTC2990_ConfigureControlReg
 .text.LTC2990_Trigger
                0x00000000080040e0       0x24 Src/adc.o
                0x00000000080040e0                LTC2990_Trigger
 .text.LTC2990_WaitForConversion
                0x0000000008004104       0x52 Src/adc.o
                0x0000000008004104                LTC2990_WaitForConversion
 *fill*         0x0000000008004156        0x2 
 .text.LTC2990_ReadVcc
                0x0000000008004158       0x94 Src/adc.o
                0x0000000008004158                LTC2990_ReadVcc
 *fill*         0x00000000080041ec        0x4 
 .text.LTC2990_ReadV2
                0x00000000080041f0       0x90 Src/adc.o
                0x00000000080041f0                LTC2990_ReadV2
 .text.LTC2990_ReadV1
                0x0000000008004280       0x90 Src/adc.o
                0x0000000008004280                LTC2990_ReadV1
 .text.LTC2990_ReadCurrent
                0x0000000008004310       0x3c Src/adc.o
                0x0000000008004310                LTC2990_ReadCurrent
 .text.LTC2990_ReadVoltage
                0x000000000800434c       0x24 Src/adc.o
                0x000000000800434c                LTC2990_ReadVoltage
 .text.performDischargeStep
                0x0000000008004370       0x78 Src/energy.o
                0x0000000008004370                performDischargeStep
 .text.setupEnergyAvailableDischarge
                0x00000000080043e8       0x10 Src/energy.o
                0x00000000080043e8                setupEnergyAvailableDischarge
 .text.calculateEnergyAvailableDischarge
                0x00000000080043f8       0x18 Src/energy.o
                0x00000000080043f8                calculateEnergyAvailableDischarge
 .text.getEnergyAvaialbelDischarge
                0x0000000008004410        0xc Src/energy.o
                0x0000000008004410                getEnergyAvaialbelDischarge
 .text.vApplicationGetIdleTaskMemory
                0x000000000800441c       0x18 Src/freertos.o
                0x000000000800441c                vApplicationGetIdleTaskMemory
 .text.SystemClock_Config
                0x0000000008004434       0x78 Src/main.o
                0x0000000008004434                SystemClock_Config
 .text.startup.main
                0x00000000080044ac      0x2f8 Src/main.o
                0x00000000080044ac                main
 .text.getLatestADCValues
                0x00000000080047a4       0x5c Src/main.o
                0x00000000080047a4                getLatestADCValues
 .text.updateModbusInputRegisters
                0x0000000008004800       0x84 Src/main.o
                0x0000000008004800                updateModbusInputRegisters
 .text.calcSOC  0x0000000008004884       0x54 Src/main.o
                0x0000000008004884                calcSOC
 .text.StartDefaultTask
                0x00000000080048d8       0x64 Src/main.o
                0x00000000080048d8                StartDefaultTask
 .text.HAL_GPIO_EXTI_Callback
                0x000000000800493c       0x18 Src/main.o
                0x000000000800493c                HAL_GPIO_EXTI_Callback
 *fill*         0x0000000008004954        0x4 
 .text.Discharging_Set
                0x0000000008004958       0x5c Src/main.o
                0x0000000008004958                Discharging_Set
 .text.Change_State.part.2
                0x00000000080049b4       0x1c Src/main.o
 .text.Charging_Enable
                0x00000000080049d0       0x18 Src/main.o
                0x00000000080049d0                Charging_Enable
 .text.Change_State
                0x00000000080049e8       0x38 Src/main.o
                0x00000000080049e8                Change_State
 .text.HAL_TIM_PeriodElapsedCallback
                0x0000000008004a20      0x118 Src/main.o
                0x0000000008004a20                HAL_TIM_PeriodElapsedCallback
 .text.eMBRegInputCB
                0x0000000008004b38       0x40 Src/main.o
                0x0000000008004b38                eMBRegInputCB
 .text.eMBRegHoldingCB
                0x0000000008004b78       0x68 Src/main.o
                0x0000000008004b78                eMBRegHoldingCB
 .text.eMBRegCoilsCB
                0x0000000008004be0        0x4 Src/main.o
                0x0000000008004be0                eMBRegCoilsCB
 .text.eMBRegDiscreteCB
                0x0000000008004be4        0x4 Src/main.o
                0x0000000008004be4                eMBRegDiscreteCB
 .text.ssd1306_WriteCommand
                0x0000000008004be8       0x28 Src/oled.o
                0x0000000008004be8                ssd1306_WriteCommand
 .text.ssd1306_Fill
                0x0000000008004c10       0x1c Src/oled.o
                0x0000000008004c10                ssd1306_Fill
 .text.ssd1306_UpdateScreen
                0x0000000008004c2c       0x4c Src/oled.o
                0x0000000008004c2c                ssd1306_UpdateScreen
 .text.ssd1306_Init
                0x0000000008004c78       0xcc Src/oled.o
                0x0000000008004c78                ssd1306_Init
 .text.ssd1306_DrawPixel
                0x0000000008004d44       0x48 Src/oled.o
                0x0000000008004d44                ssd1306_DrawPixel
 .text.ssd1306_WriteChar
                0x0000000008004d8c       0x9c Src/oled.o
                0x0000000008004d8c                ssd1306_WriteChar
 .text.ssd1306_WriteString
                0x0000000008004e28       0x2a Src/oled.o
                0x0000000008004e28                ssd1306_WriteString
 *fill*         0x0000000008004e52        0x2 
 .text.ssd1306_SetCursor
                0x0000000008004e54        0xc Src/oled.o
                0x0000000008004e54                ssd1306_SetCursor
 .text.computePower
                0x0000000008004e60       0x48 Src/power.o
                0x0000000008004e60                computePower
 .text.calcdeltaAh
                0x0000000008004ea8       0x14 Src/soc.o
                0x0000000008004ea8                calcdeltaAh
 .text.socByOCV
                0x0000000008004ebc       0x14 Src/soc.o
                0x0000000008004ebc                socByOCV
 .text.lookupSOCByOCV
                0x0000000008004ed0       0x84 Src/sochelper.o
                0x0000000008004ed0                lookupSOCByOCV
 .text.HAL_MspInit
                0x0000000008004f54       0x40 Src/stm32f3xx_hal_msp.o
                0x0000000008004f54                HAL_MspInit
 .text.HAL_DAC_MspInit
                0x0000000008004f94       0x6c Src/stm32f3xx_hal_msp.o
                0x0000000008004f94                HAL_DAC_MspInit
 .text.HAL_I2C_MspInit
                0x0000000008005000       0x68 Src/stm32f3xx_hal_msp.o
                0x0000000008005000                HAL_I2C_MspInit
 .text.HAL_TIM_Base_MspInit
                0x0000000008005068       0xc0 Src/stm32f3xx_hal_msp.o
                0x0000000008005068                HAL_TIM_Base_MspInit
 .text.HAL_UART_MspInit
                0x0000000008005128       0xc4 Src/stm32f3xx_hal_msp.o
                0x0000000008005128                HAL_UART_MspInit
 .text.NMI_Handler
                0x00000000080051ec        0x2 Src/stm32f3xx_it.o
                0x00000000080051ec                NMI_Handler
 .text.HardFault_Handler
                0x00000000080051ee       0x1a Src/stm32f3xx_it.o
                0x00000000080051ee                HardFault_Handler
 .text.MemManage_Handler
                0x0000000008005208        0x2 Src/stm32f3xx_it.o
                0x0000000008005208                MemManage_Handler
 .text.BusFault_Handler
                0x000000000800520a        0x2 Src/stm32f3xx_it.o
                0x000000000800520a                BusFault_Handler
 .text.UsageFault_Handler
                0x000000000800520c        0x2 Src/stm32f3xx_it.o
                0x000000000800520c                UsageFault_Handler
 .text.DebugMon_Handler
                0x000000000800520e        0x2 Src/stm32f3xx_it.o
                0x000000000800520e                DebugMon_Handler
 .text.SysTick_Handler
                0x0000000008005210       0x18 Src/stm32f3xx_it.o
                0x0000000008005210                SysTick_Handler
 .text.EXTI9_5_IRQHandler
                0x0000000008005228       0x16 Src/stm32f3xx_it.o
                0x0000000008005228                EXTI9_5_IRQHandler
 *fill*         0x000000000800523e        0x2 
 .text.TIM1_UP_TIM16_IRQHandler
                0x0000000008005240        0xc Src/stm32f3xx_it.o
                0x0000000008005240                TIM1_UP_TIM16_IRQHandler
 .text.TIM1_TRG_COM_TIM17_IRQHandler
                0x000000000800524c        0xc Src/stm32f3xx_it.o
                0x000000000800524c                TIM1_TRG_COM_TIM17_IRQHandler
 .text.USART1_IRQHandler
                0x0000000008005258       0x4c Src/stm32f3xx_it.o
                0x0000000008005258                USART1_IRQHandler
 .text.TIM6_DAC_IRQHandler
                0x00000000080052a4       0x1c Src/stm32f3xx_it.o
                0x00000000080052a4                TIM6_DAC_IRQHandler
 .text.TIM7_IRQHandler
                0x00000000080052c0       0x40 Src/stm32f3xx_it.o
                0x00000000080052c0                TIM7_IRQHandler
 .text.prvGetRegistersFromStack
                0x0000000008005300       0x24 Src/stm32f3xx_it.o
                0x0000000008005300                prvGetRegistersFromStack
 .text._getpid  0x0000000008005324        0x4 Src/syscalls.o
                0x0000000008005324                _getpid
 .text._kill    0x0000000008005328       0x10 Src/syscalls.o
                0x0000000008005328                _kill
 .text._exit    0x0000000008005338        0xc Src/syscalls.o
                0x0000000008005338                _exit
 .text._read    0x0000000008005344       0x1c Src/syscalls.o
                0x0000000008005344                _read
 .text._write   0x0000000008005360       0x1c Src/syscalls.o
                0x0000000008005360                _write
 .text._sbrk    0x000000000800537c       0x34 Src/syscalls.o
                0x000000000800537c                _sbrk
 .text._close   0x00000000080053b0        0x6 Src/syscalls.o
                0x00000000080053b0                _close
 .text._fstat   0x00000000080053b6        0xa Src/syscalls.o
                0x00000000080053b6                _fstat
 .text._isatty  0x00000000080053c0        0x4 Src/syscalls.o
                0x00000000080053c0                _isatty
 .text._lseek   0x00000000080053c4        0x4 Src/syscalls.o
                0x00000000080053c4                _lseek
 .text.SystemInit
                0x00000000080053c8       0x1c Src/system_stm32f3xx.o
                0x00000000080053c8                SystemInit
 .text.Reset_Handler
                0x00000000080053e4       0x50 startup/startup_stm32f303xe.o
                0x00000000080053e4                Reset_Handler
 .text.Default_Handler
                0x0000000008005434        0x2 startup/startup_stm32f303xe.o
                0x0000000008005434                RTC_Alarm_IRQHandler
                0x0000000008005434                TIM8_TRG_COM_IRQHandler
                0x0000000008005434                TIM8_CC_IRQHandler
                0x0000000008005434                SPI4_IRQHandler
                0x0000000008005434                TIM1_CC_IRQHandler
                0x0000000008005434                USB_HP_IRQHandler
                0x0000000008005434                PVD_IRQHandler
                0x0000000008005434                TAMP_STAMP_IRQHandler
                0x0000000008005434                EXTI3_IRQHandler
                0x0000000008005434                I2C3_ER_IRQHandler
                0x0000000008005434                USB_HP_CAN_TX_IRQHandler
                0x0000000008005434                EXTI0_IRQHandler
                0x0000000008005434                I2C2_EV_IRQHandler
                0x0000000008005434                FPU_IRQHandler
                0x0000000008005434                ADC1_2_IRQHandler
                0x0000000008005434                SPI1_IRQHandler
                0x0000000008005434                CAN_SCE_IRQHandler
                0x0000000008005434                TIM8_UP_IRQHandler
                0x0000000008005434                DMA2_Channel2_IRQHandler
                0x0000000008005434                DMA1_Channel4_IRQHandler
                0x0000000008005434                TIM20_TRG_COM_IRQHandler
                0x0000000008005434                USART3_IRQHandler
                0x0000000008005434                DMA1_Channel7_IRQHandler
                0x0000000008005434                UART5_IRQHandler
                0x0000000008005434                ADC3_IRQHandler
                0x0000000008005434                TIM4_IRQHandler
                0x0000000008005434                CAN_RX1_IRQHandler
                0x0000000008005434                DMA2_Channel1_IRQHandler
                0x0000000008005434                I2C1_EV_IRQHandler
                0x0000000008005434                DMA1_Channel6_IRQHandler
                0x0000000008005434                UART4_IRQHandler
                0x0000000008005434                DMA2_Channel4_IRQHandler
                0x0000000008005434                TIM3_IRQHandler
                0x0000000008005434                RCC_IRQHandler
                0x0000000008005434                TIM20_UP_IRQHandler
                0x0000000008005434                DMA1_Channel1_IRQHandler
                0x0000000008005434                Default_Handler
                0x0000000008005434                USBWakeUp_RMP_IRQHandler
                0x0000000008005434                EXTI15_10_IRQHandler
                0x0000000008005434                I2C3_EV_IRQHandler
                0x0000000008005434                RTC_WKUP_IRQHandler
                0x0000000008005434                SPI2_IRQHandler
                0x0000000008005434                USB_LP_CAN_RX0_IRQHandler
                0x0000000008005434                DMA2_Channel5_IRQHandler
                0x0000000008005434                DMA1_Channel5_IRQHandler
                0x0000000008005434                USB_LP_IRQHandler
                0x0000000008005434                EXTI4_IRQHandler
                0x0000000008005434                DMA1_Channel3_IRQHandler
                0x0000000008005434                ADC4_IRQHandler
                0x0000000008005434                WWDG_IRQHandler
                0x0000000008005434                TIM2_IRQHandler
                0x0000000008005434                COMP7_IRQHandler
                0x0000000008005434                COMP1_2_3_IRQHandler
                0x0000000008005434                EXTI1_IRQHandler
                0x0000000008005434                USART2_IRQHandler
                0x0000000008005434                COMP4_5_6_IRQHandler
                0x0000000008005434                TIM20_BRK_IRQHandler
                0x0000000008005434                I2C2_ER_IRQHandler
                0x0000000008005434                DMA1_Channel2_IRQHandler
                0x0000000008005434                TIM8_BRK_IRQHandler
                0x0000000008005434                FLASH_IRQHandler
                0x0000000008005434                TIM20_CC_IRQHandler
                0x0000000008005434                SPI3_IRQHandler
                0x0000000008005434                I2C1_ER_IRQHandler
                0x0000000008005434                FMC_IRQHandler
                0x0000000008005434                USBWakeUp_IRQHandler
                0x0000000008005434                DMA2_Channel3_IRQHandler
                0x0000000008005434                EXTI2_TSC_IRQHandler
                0x0000000008005434                TIM1_BRK_TIM15_IRQHandler
 *fill*         0x0000000008005436        0x2 
 .text.__assert_func
                0x0000000008005438       0x3c /opt/Atollic_TrueSTUDIO_for_STM32_x86_64_9.3.0/ARMTools/bin/../lib/gcc/arm-atollic-eabi/6.3.1/../../../../arm-atollic-eabi/lib/armv7e-m/fpu/libc.a(lib_a-assert.o)
                0x0000000008005438                __assert_func
 .text.__errno  0x0000000008005474        0xc /opt/Atollic_TrueSTUDIO_for_STM32_x86_64_9.3.0/ARMTools/bin/../lib/gcc/arm-atollic-eabi/6.3.1/../../../../arm-atollic-eabi/lib/armv7e-m/fpu/libc.a(lib_a-errno.o)
                0x0000000008005474                __errno
 .text._cleanup_r
                0x0000000008005480        0xc /opt/Atollic_TrueSTUDIO_for_STM32_x86_64_9.3.0/ARMTools/bin/../lib/gcc/arm-atollic-eabi/6.3.1/../../../../arm-atollic-eabi/lib/armv7e-m/fpu/libc.a(lib_a-findfp.o)
                0x0000000008005480                _cleanup_r
 .text.std.isra.0
                0x000000000800548c       0x48 /opt/Atollic_TrueSTUDIO_for_STM32_x86_64_9.3.0/ARMTools/bin/../lib/gcc/arm-atollic-eabi/6.3.1/../../../../arm-atollic-eabi/lib/armv7e-m/fpu/libc.a(lib_a-findfp.o)
 .text.__sfmoreglue
                0x00000000080054d4       0x2c /opt/Atollic_TrueSTUDIO_for_STM32_x86_64_9.3.0/ARMTools/bin/../lib/gcc/arm-atollic-eabi/6.3.1/../../../../arm-atollic-eabi/lib/armv7e-m/fpu/libc.a(lib_a-findfp.o)
                0x00000000080054d4                __sfmoreglue
 .text.__sfp_lock_acquire
                0x0000000008005500        0xc /opt/Atollic_TrueSTUDIO_for_STM32_x86_64_9.3.0/ARMTools/bin/../lib/gcc/arm-atollic-eabi/6.3.1/../../../../arm-atollic-eabi/lib/armv7e-m/fpu/libc.a(lib_a-findfp.o)
                0x0000000008005500                __sfp_lock_acquire
 .text.__sfp_lock_release
                0x000000000800550c        0xc /opt/Atollic_TrueSTUDIO_for_STM32_x86_64_9.3.0/ARMTools/bin/../lib/gcc/arm-atollic-eabi/6.3.1/../../../../arm-atollic-eabi/lib/armv7e-m/fpu/libc.a(lib_a-findfp.o)
                0x000000000800550c                __sfp_lock_release
 .text.__sinit_lock_acquire
                0x0000000008005518        0xc /opt/Atollic_TrueSTUDIO_for_STM32_x86_64_9.3.0/ARMTools/bin/../lib/gcc/arm-atollic-eabi/6.3.1/../../../../arm-atollic-eabi/lib/armv7e-m/fpu/libc.a(lib_a-findfp.o)
                0x0000000008005518                __sinit_lock_acquire
 .text.__sinit_lock_release
                0x0000000008005524        0xc /opt/Atollic_TrueSTUDIO_for_STM32_x86_64_9.3.0/ARMTools/bin/../lib/gcc/arm-atollic-eabi/6.3.1/../../../../arm-atollic-eabi/lib/armv7e-m/fpu/libc.a(lib_a-findfp.o)
                0x0000000008005524                __sinit_lock_release
 .text.__sinit  0x0000000008005530       0x74 /opt/Atollic_TrueSTUDIO_for_STM32_x86_64_9.3.0/ARMTools/bin/../lib/gcc/arm-atollic-eabi/6.3.1/../../../../arm-atollic-eabi/lib/armv7e-m/fpu/libc.a(lib_a-findfp.o)
                0x0000000008005530                __sinit
 .text.__sfp    0x00000000080055a4       0x8c /opt/Atollic_TrueSTUDIO_for_STM32_x86_64_9.3.0/ARMTools/bin/../lib/gcc/arm-atollic-eabi/6.3.1/../../../../arm-atollic-eabi/lib/armv7e-m/fpu/libc.a(lib_a-findfp.o)
                0x00000000080055a4                __sfp
 .text.fiprintf
                0x0000000008005630       0x24 /opt/Atollic_TrueSTUDIO_for_STM32_x86_64_9.3.0/ARMTools/bin/../lib/gcc/arm-atollic-eabi/6.3.1/../../../../arm-atollic-eabi/lib/armv7e-m/fpu/libc.a(lib_a-fiprintf.o)
                0x0000000008005630                fiprintf
 .text._fwalk_reent
                0x0000000008005654       0x3c /opt/Atollic_TrueSTUDIO_for_STM32_x86_64_9.3.0/ARMTools/bin/../lib/gcc/arm-atollic-eabi/6.3.1/../../../../arm-atollic-eabi/lib/armv7e-m/fpu/libc.a(lib_a-fwalk.o)
                0x0000000008005654                _fwalk_reent
 .text.__libc_init_array
                0x0000000008005690       0x48 /opt/Atollic_TrueSTUDIO_for_STM32_x86_64_9.3.0/ARMTools/bin/../lib/gcc/arm-atollic-eabi/6.3.1/../../../../arm-atollic-eabi/lib/armv7e-m/fpu/libc.a(lib_a-init.o)
                0x0000000008005690                __libc_init_array
 .text.__retarget_lock_init_recursive
                0x00000000080056d8        0x2 /opt/Atollic_TrueSTUDIO_for_STM32_x86_64_9.3.0/ARMTools/bin/../lib/gcc/arm-atollic-eabi/6.3.1/../../../../arm-atollic-eabi/lib/armv7e-m/fpu/libc.a(lib_a-lock.o)
                0x00000000080056d8                __retarget_lock_init_recursive
 .text.__retarget_lock_close_recursive
                0x00000000080056da        0x2 /opt/Atollic_TrueSTUDIO_for_STM32_x86_64_9.3.0/ARMTools/bin/../lib/gcc/arm-atollic-eabi/6.3.1/../../../../arm-atollic-eabi/lib/armv7e-m/fpu/libc.a(lib_a-lock.o)
                0x00000000080056da                __retarget_lock_close_recursive
 .text.__retarget_lock_acquire_recursive
                0x00000000080056dc        0x2 /opt/Atollic_TrueSTUDIO_for_STM32_x86_64_9.3.0/ARMTools/bin/../lib/gcc/arm-atollic-eabi/6.3.1/../../../../arm-atollic-eabi/lib/armv7e-m/fpu/libc.a(lib_a-lock.o)
                0x00000000080056dc                __retarget_lock_acquire_recursive
 .text.__retarget_lock_release_recursive
                0x00000000080056de        0x2 /opt/Atollic_TrueSTUDIO_for_STM32_x86_64_9.3.0/ARMTools/bin/../lib/gcc/arm-atollic-eabi/6.3.1/../../../../arm-atollic-eabi/lib/armv7e-m/fpu/libc.a(lib_a-lock.o)
                0x00000000080056de                __retarget_lock_release_recursive
 .text._malloc_r
                0x00000000080056e0      0x41c /opt/Atollic_TrueSTUDIO_for_STM32_x86_64_9.3.0/ARMTools/bin/../lib/gcc/arm-atollic-eabi/6.3.1/../../../../arm-atollic-eabi/lib/armv7e-m/fpu/libc.a(lib_a-mallocr.o)
                0x00000000080056e0                _malloc_r
 .text.memcpy   0x0000000008005afc       0x16 /opt/Atollic_TrueSTUDIO_for_STM32_x86_64_9.3.0/ARMTools/bin/../lib/gcc/arm-atollic-eabi/6.3.1/../../../../arm-atollic-eabi/lib/armv7e-m/fpu/libc.a(lib_a-memcpy-stub.o)
                0x0000000008005afc                memcpy
 .text.memset   0x0000000008005b12       0x10 /opt/Atollic_TrueSTUDIO_for_STM32_x86_64_9.3.0/ARMTools/bin/../lib/gcc/arm-atollic-eabi/6.3.1/../../../../arm-atollic-eabi/lib/armv7e-m/fpu/libc.a(lib_a-memset.o)
                0x0000000008005b12                memset
 *fill*         0x0000000008005b22        0x2 
 .text.__malloc_lock
                0x0000000008005b24        0xc /opt/Atollic_TrueSTUDIO_for_STM32_x86_64_9.3.0/ARMTools/bin/../lib/gcc/arm-atollic-eabi/6.3.1/../../../../arm-atollic-eabi/lib/armv7e-m/fpu/libc.a(lib_a-mlock.o)
                0x0000000008005b24                __malloc_lock
 .text.__malloc_unlock
                0x0000000008005b30        0xc /opt/Atollic_TrueSTUDIO_for_STM32_x86_64_9.3.0/ARMTools/bin/../lib/gcc/arm-atollic-eabi/6.3.1/../../../../arm-atollic-eabi/lib/armv7e-m/fpu/libc.a(lib_a-mlock.o)
                0x0000000008005b30                __malloc_unlock
 .text.cleanup_glue
                0x0000000008005b3c       0x1a /opt/Atollic_TrueSTUDIO_for_STM32_x86_64_9.3.0/ARMTools/bin/../lib/gcc/arm-atollic-eabi/6.3.1/../../../../arm-atollic-eabi/lib/armv7e-m/fpu/libc.a(lib_a-reent.o)
                0x0000000008005b3c                cleanup_glue
 *fill*         0x0000000008005b56        0x2 
 .text._reclaim_reent
                0x0000000008005b58       0xcc /opt/Atollic_TrueSTUDIO_for_STM32_x86_64_9.3.0/ARMTools/bin/../lib/gcc/arm-atollic-eabi/6.3.1/../../../../arm-atollic-eabi/lib/armv7e-m/fpu/libc.a(lib_a-reent.o)
                0x0000000008005b58                _reclaim_reent
 .text._sbrk_r  0x0000000008005c24       0x20 /opt/Atollic_TrueSTUDIO_for_STM32_x86_64_9.3.0/ARMTools/bin/../lib/gcc/arm-atollic-eabi/6.3.1/../../../../arm-atollic-eabi/lib/armv7e-m/fpu/libc.a(lib_a-sbrkr.o)
                0x0000000008005c24                _sbrk_r
 .text.__sread  0x0000000008005c44       0x22 /opt/Atollic_TrueSTUDIO_for_STM32_x86_64_9.3.0/ARMTools/bin/../lib/gcc/arm-atollic-eabi/6.3.1/../../../../arm-atollic-eabi/lib/armv7e-m/fpu/libc.a(lib_a-stdio.o)
                0x0000000008005c44                __sread
 .text.__swrite
                0x0000000008005c66       0x38 /opt/Atollic_TrueSTUDIO_for_STM32_x86_64_9.3.0/ARMTools/bin/../lib/gcc/arm-atollic-eabi/6.3.1/../../../../arm-atollic-eabi/lib/armv7e-m/fpu/libc.a(lib_a-stdio.o)
                0x0000000008005c66                __swrite
 .text.__sseek  0x0000000008005c9e       0x24 /opt/Atollic_TrueSTUDIO_for_STM32_x86_64_9.3.0/ARMTools/bin/../lib/gcc/arm-atollic-eabi/6.3.1/../../../../arm-atollic-eabi/lib/armv7e-m/fpu/libc.a(lib_a-stdio.o)
                0x0000000008005c9e                __sseek
 .text.__sclose
                0x0000000008005cc2        0x8 /opt/Atollic_TrueSTUDIO_for_STM32_x86_64_9.3.0/ARMTools/bin/../lib/gcc/arm-atollic-eabi/6.3.1/../../../../arm-atollic-eabi/lib/armv7e-m/fpu/libc.a(lib_a-stdio.o)
                0x0000000008005cc2                __sclose
 .text.__sprint_r
                0x0000000008005cca       0x6a /opt/Atollic_TrueSTUDIO_for_STM32_x86_64_9.3.0/ARMTools/bin/../lib/gcc/arm-atollic-eabi/6.3.1/../../../../arm-atollic-eabi/lib/armv7e-m/fpu/libc.a(lib_a-vfiprintf.o)
                0x0000000008005cca                __sprint_r
 .text._vfiprintf_r
                0x0000000008005d34      0x8ac /opt/Atollic_TrueSTUDIO_for_STM32_x86_64_9.3.0/ARMTools/bin/../lib/gcc/arm-atollic-eabi/6.3.1/../../../../arm-atollic-eabi/lib/armv7e-m/fpu/libc.a(lib_a-vfiprintf.o)
                0x0000000008005d34                _vfiprintf_r
 .text.__sbprintf
                0x00000000080065e0       0x80 /opt/Atollic_TrueSTUDIO_for_STM32_x86_64_9.3.0/ARMTools/bin/../lib/gcc/arm-atollic-eabi/6.3.1/../../../../arm-atollic-eabi/lib/armv7e-m/fpu/libc.a(lib_a-vfiprintf.o)
 .text._write_r
                0x0000000008006660       0x24 /opt/Atollic_TrueSTUDIO_for_STM32_x86_64_9.3.0/ARMTools/bin/../lib/gcc/arm-atollic-eabi/6.3.1/../../../../arm-atollic-eabi/lib/armv7e-m/fpu/libc.a(lib_a-writer.o)
                0x0000000008006660                _write_r
 .text.__swsetup_r
                0x0000000008006684       0xdc /opt/Atollic_TrueSTUDIO_for_STM32_x86_64_9.3.0/ARMTools/bin/../lib/gcc/arm-atollic-eabi/6.3.1/../../../../arm-atollic-eabi/lib/armv7e-m/fpu/libc.a(lib_a-wsetup.o)
                0x0000000008006684                __swsetup_r
 .text.abort    0x0000000008006760        0xe /opt/Atollic_TrueSTUDIO_for_STM32_x86_64_9.3.0/ARMTools/bin/../lib/gcc/arm-atollic-eabi/6.3.1/../../../../arm-atollic-eabi/lib/armv7e-m/fpu/libc.a(lib_a-abort.o)
                0x0000000008006760                abort
 *fill*         0x000000000800676e        0x2 
 .text._close_r
                0x0000000008006770       0x20 /opt/Atollic_TrueSTUDIO_for_STM32_x86_64_9.3.0/ARMTools/bin/../lib/gcc/arm-atollic-eabi/6.3.1/../../../../arm-atollic-eabi/lib/armv7e-m/fpu/libc.a(lib_a-closer.o)
                0x0000000008006770                _close_r
 .text._fclose_r
                0x0000000008006790       0xd8 /opt/Atollic_TrueSTUDIO_for_STM32_x86_64_9.3.0/ARMTools/bin/../lib/gcc/arm-atollic-eabi/6.3.1/../../../../arm-atollic-eabi/lib/armv7e-m/fpu/libc.a(lib_a-fclose.o)
                0x0000000008006790                _fclose_r
 .text.__sflush_r
                0x0000000008006868      0x124 /opt/Atollic_TrueSTUDIO_for_STM32_x86_64_9.3.0/ARMTools/bin/../lib/gcc/arm-atollic-eabi/6.3.1/../../../../arm-atollic-eabi/lib/armv7e-m/fpu/libc.a(lib_a-fflush.o)
                0x0000000008006868                __sflush_r
 .text._fflush_r
                0x000000000800698c       0x78 /opt/Atollic_TrueSTUDIO_for_STM32_x86_64_9.3.0/ARMTools/bin/../lib/gcc/arm-atollic-eabi/6.3.1/../../../../arm-atollic-eabi/lib/armv7e-m/fpu/libc.a(lib_a-fflush.o)
                0x000000000800698c                _fflush_r
 .text.__fputwc
                0x0000000008006a04       0x82 /opt/Atollic_TrueSTUDIO_for_STM32_x86_64_9.3.0/ARMTools/bin/../lib/gcc/arm-atollic-eabi/6.3.1/../../../../arm-atollic-eabi/lib/armv7e-m/fpu/libc.a(lib_a-fputwc.o)
                0x0000000008006a04                __fputwc
 .text._fputwc_r
                0x0000000008006a86       0x52 /opt/Atollic_TrueSTUDIO_for_STM32_x86_64_9.3.0/ARMTools/bin/../lib/gcc/arm-atollic-eabi/6.3.1/../../../../arm-atollic-eabi/lib/armv7e-m/fpu/libc.a(lib_a-fputwc.o)
                0x0000000008006a86                _fputwc_r
 .text._malloc_trim_r
                0x0000000008006ad8       0xac /opt/Atollic_TrueSTUDIO_for_STM32_x86_64_9.3.0/ARMTools/bin/../lib/gcc/arm-atollic-eabi/6.3.1/../../../../arm-atollic-eabi/lib/armv7e-m/fpu/libc.a(lib_a-freer.o)
                0x0000000008006ad8                _malloc_trim_r
 .text._free_r  0x0000000008006b84      0x178 /opt/Atollic_TrueSTUDIO_for_STM32_x86_64_9.3.0/ARMTools/bin/../lib/gcc/arm-atollic-eabi/6.3.1/../../../../arm-atollic-eabi/lib/armv7e-m/fpu/libc.a(lib_a-freer.o)
                0x0000000008006b84                _free_r
 .text.__sfvwrite_r
                0x0000000008006cfc      0x29c /opt/Atollic_TrueSTUDIO_for_STM32_x86_64_9.3.0/ARMTools/bin/../lib/gcc/arm-atollic-eabi/6.3.1/../../../../arm-atollic-eabi/lib/armv7e-m/fpu/libc.a(lib_a-fvwrite.o)
                0x0000000008006cfc                __sfvwrite_r
 .text.__locale_mb_cur_max
                0x0000000008006f98       0x1c /opt/Atollic_TrueSTUDIO_for_STM32_x86_64_9.3.0/ARMTools/bin/../lib/gcc/arm-atollic-eabi/6.3.1/../../../../arm-atollic-eabi/lib/armv7e-m/fpu/libc.a(lib_a-locale.o)
                0x0000000008006f98                __locale_mb_cur_max
 .text._lseek_r
                0x0000000008006fb4       0x24 /opt/Atollic_TrueSTUDIO_for_STM32_x86_64_9.3.0/ARMTools/bin/../lib/gcc/arm-atollic-eabi/6.3.1/../../../../arm-atollic-eabi/lib/armv7e-m/fpu/libc.a(lib_a-lseekr.o)
                0x0000000008006fb4                _lseek_r
 .text.__swhatbuf_r
                0x0000000008006fd8       0x56 /opt/Atollic_TrueSTUDIO_for_STM32_x86_64_9.3.0/ARMTools/bin/../lib/gcc/arm-atollic-eabi/6.3.1/../../../../arm-atollic-eabi/lib/armv7e-m/fpu/libc.a(lib_a-makebuf.o)
                0x0000000008006fd8                __swhatbuf_r
 *fill*         0x000000000800702e        0x2 
 .text.__smakebuf_r
                0x0000000008007030       0x80 /opt/Atollic_TrueSTUDIO_for_STM32_x86_64_9.3.0/ARMTools/bin/../lib/gcc/arm-atollic-eabi/6.3.1/../../../../arm-atollic-eabi/lib/armv7e-m/fpu/libc.a(lib_a-makebuf.o)
                0x0000000008007030                __smakebuf_r
 .text.__ascii_mbtowc
                0x00000000080070b0       0x24 /opt/Atollic_TrueSTUDIO_for_STM32_x86_64_9.3.0/ARMTools/bin/../lib/gcc/arm-atollic-eabi/6.3.1/../../../../arm-atollic-eabi/lib/armv7e-m/fpu/libc.a(lib_a-mbtowc_r.o)
                0x00000000080070b0                __ascii_mbtowc
 .text.memmove  0x00000000080070d4       0x34 /opt/Atollic_TrueSTUDIO_for_STM32_x86_64_9.3.0/ARMTools/bin/../lib/gcc/arm-atollic-eabi/6.3.1/../../../../arm-atollic-eabi/lib/armv7e-m/fpu/libc.a(lib_a-memmove.o)
                0x00000000080070d4                memmove
 .text._read_r  0x0000000008007108       0x24 /opt/Atollic_TrueSTUDIO_for_STM32_x86_64_9.3.0/ARMTools/bin/../lib/gcc/arm-atollic-eabi/6.3.1/../../../../arm-atollic-eabi/lib/armv7e-m/fpu/libc.a(lib_a-readr.o)
                0x0000000008007108                _read_r
 .text._realloc_r
                0x000000000800712c      0x300 /opt/Atollic_TrueSTUDIO_for_STM32_x86_64_9.3.0/ARMTools/bin/../lib/gcc/arm-atollic-eabi/6.3.1/../../../../arm-atollic-eabi/lib/armv7e-m/fpu/libc.a(lib_a-reallocr.o)
                0x000000000800712c                _realloc_r
 .text._raise_r
                0x000000000800742c       0x50 /opt/Atollic_TrueSTUDIO_for_STM32_x86_64_9.3.0/ARMTools/bin/../lib/gcc/arm-atollic-eabi/6.3.1/../../../../arm-atollic-eabi/lib/armv7e-m/fpu/libc.a(lib_a-signal.o)
                0x000000000800742c                _raise_r
 .text.raise    0x000000000800747c       0x10 /opt/Atollic_TrueSTUDIO_for_STM32_x86_64_9.3.0/ARMTools/bin/../lib/gcc/arm-atollic-eabi/6.3.1/../../../../arm-atollic-eabi/lib/armv7e-m/fpu/libc.a(lib_a-signal.o)
                0x000000000800747c                raise
 .text._kill_r  0x000000000800748c       0x24 /opt/Atollic_TrueSTUDIO_for_STM32_x86_64_9.3.0/ARMTools/bin/../lib/gcc/arm-atollic-eabi/6.3.1/../../../../arm-atollic-eabi/lib/armv7e-m/fpu/libc.a(lib_a-signalr.o)
                0x000000000800748c                _kill_r
 .text._getpid_r
                0x00000000080074b0        0x4 /opt/Atollic_TrueSTUDIO_for_STM32_x86_64_9.3.0/ARMTools/bin/../lib/gcc/arm-atollic-eabi/6.3.1/../../../../arm-atollic-eabi/lib/armv7e-m/fpu/libc.a(lib_a-signalr.o)
                0x00000000080074b0                _getpid_r
 .text.__swbuf_r
                0x00000000080074b4       0xbc /opt/Atollic_TrueSTUDIO_for_STM32_x86_64_9.3.0/ARMTools/bin/../lib/gcc/arm-atollic-eabi/6.3.1/../../../../arm-atollic-eabi/lib/armv7e-m/fpu/libc.a(lib_a-wbuf.o)
                0x00000000080074b4                __swbuf_r
 .text._wcrtomb_r
                0x0000000008007570       0x50 /opt/Atollic_TrueSTUDIO_for_STM32_x86_64_9.3.0/ARMTools/bin/../lib/gcc/arm-atollic-eabi/6.3.1/../../../../arm-atollic-eabi/lib/armv7e-m/fpu/libc.a(lib_a-wcrtomb.o)
                0x0000000008007570                _wcrtomb_r
 .text.__ascii_wctomb
                0x00000000080075c0       0x1a /opt/Atollic_TrueSTUDIO_for_STM32_x86_64_9.3.0/ARMTools/bin/../lib/gcc/arm-atollic-eabi/6.3.1/../../../../arm-atollic-eabi/lib/armv7e-m/fpu/libc.a(lib_a-wctomb_r.o)
                0x00000000080075c0                __ascii_wctomb
 *fill*         0x00000000080075da        0x2 
 .text._fstat_r
                0x00000000080075dc       0x24 /opt/Atollic_TrueSTUDIO_for_STM32_x86_64_9.3.0/ARMTools/bin/../lib/gcc/arm-atollic-eabi/6.3.1/../../../../arm-atollic-eabi/lib/armv7e-m/fpu/libc.a(lib_a-fstatr.o)
                0x00000000080075dc                _fstat_r
 .text._isatty_r
                0x0000000008007600       0x20 /opt/Atollic_TrueSTUDIO_for_STM32_x86_64_9.3.0/ARMTools/bin/../lib/gcc/arm-atollic-eabi/6.3.1/../../../../arm-atollic-eabi/lib/armv7e-m/fpu/libc.a(lib_a-isattyr.o)
                0x0000000008007600                _isatty_r
 *(.glue_7)
 .glue_7        0x0000000008007620        0x0 linker stubs
 *(.glue_7t)
 .glue_7t       0x0000000008007620        0x0 linker stubs
 *(.eh_frame)
 .eh_frame      0x0000000008007620        0x0 /opt/Atollic_TrueSTUDIO_for_STM32_x86_64_9.3.0/ARMTools/bin/../lib/gcc/arm-atollic-eabi/6.3.1/armv7e-m/fpu/crtbegin.o
 *(.init)
 .init          0x0000000008007620        0x4 /opt/Atollic_TrueSTUDIO_for_STM32_x86_64_9.3.0/ARMTools/bin/../lib/gcc/arm-atollic-eabi/6.3.1/armv7e-m/fpu/crti.o
                0x0000000008007620                _init
 .init          0x0000000008007624        0x8 /opt/Atollic_TrueSTUDIO_for_STM32_x86_64_9.3.0/ARMTools/bin/../lib/gcc/arm-atollic-eabi/6.3.1/armv7e-m/fpu/crtn.o
 *(.fini)
 .fini          0x000000000800762c        0x4 /opt/Atollic_TrueSTUDIO_for_STM32_x86_64_9.3.0/ARMTools/bin/../lib/gcc/arm-atollic-eabi/6.3.1/armv7e-m/fpu/crti.o
                0x000000000800762c                _fini
 .fini          0x0000000008007630        0x8 /opt/Atollic_TrueSTUDIO_for_STM32_x86_64_9.3.0/ARMTools/bin/../lib/gcc/arm-atollic-eabi/6.3.1/armv7e-m/fpu/crtn.o
                0x0000000008007638                . = ALIGN (0x4)
                0x0000000008007638                _etext = .

.vfp11_veneer   0x0000000008007638        0x0
 .vfp11_veneer  0x0000000008007638        0x0 linker stubs

.v4_bx          0x0000000008007638        0x0
 .v4_bx         0x0000000008007638        0x0 linker stubs

.iplt           0x0000000008007638        0x0
 .iplt          0x0000000008007638        0x0 /opt/Atollic_TrueSTUDIO_for_STM32_x86_64_9.3.0/ARMTools/bin/../lib/gcc/arm-atollic-eabi/6.3.1/armv7e-m/fpu/crtbegin.o

.rodata         0x0000000008007638     0x18d4
                0x0000000008007638                . = ALIGN (0x4)
 *(.rodata)
 .rodata        0x0000000008007638       0x1c Src/main.o
 *(.rodata*)
 .rodata.aPLLMULFactorTable
                0x0000000008007654       0x10 Drivers/STM32F3xx_HAL_Driver/Src/stm32f3xx_hal_rcc.o
                0x0000000008007654                aPLLMULFactorTable
 .rodata.aPredivFactorTable
                0x0000000008007664       0x10 Drivers/STM32F3xx_HAL_Driver/Src/stm32f3xx_hal_rcc.o
                0x0000000008007664                aPredivFactorTable
 .rodata.CSWTCH.52
                0x0000000008007674        0x4 Drivers/STM32F3xx_HAL_Driver/Src/stm32f3xx_hal_uart.o
 .rodata.CSWTCH.7
                0x0000000008007678        0x8 Middleware/Modbus/functions/mbutils.o
 .rodata.aucCRCHi
                0x0000000008007680      0x100 Middleware/Modbus/rtu/mbcrc.o
 .rodata.aucCRCLo
                0x0000000008007780      0x100 Middleware/Modbus/rtu/mbcrc.o
 .rodata.__func__.9215
                0x0000000008007880        0xe Middleware/Modbus/rtu/mbrtu.o
 .rodata.__func__.9228
                0x000000000800788e       0x11 Middleware/Modbus/rtu/mbrtu.o
 .rodata.__func__.9238
                0x000000000800789f       0x12 Middleware/Modbus/rtu/mbrtu.o
 .rodata.__func__.9251
                0x00000000080078b1       0x16 Middleware/Modbus/rtu/mbrtu.o
 .rodata.eMBRTUReceive.str1.1
                0x00000000080078c7       0x46 Middleware/Modbus/rtu/mbrtu.o
 .rodata.xMBRTUReceiveFSM.str1.1
                0x000000000800790d       0x1b Middleware/Modbus/rtu/mbrtu.o
 .rodata.xMBRTUTimerT35Expired.str1.1
                0x0000000008007928       0x63 Middleware/Modbus/rtu/mbrtu.o
 .rodata.xMBRTUTransmitFSM.str1.1
                0x000000000800798b       0x1b Middleware/Modbus/rtu/mbrtu.o
 .rodata.vTaskStartScheduler.str1.1
                0x00000000080079a6       0x1b Middlewares/Third_Party/FreeRTOS/Source/tasks.o
                                          0x5 (size before relaxing)
 .rodata.Font16x26
                0x00000000080079a6     0x134c Src/fonts.o
 .rodata.main.str1.1
                0x0000000008008cf2        0x4 Src/main.o
 .rodata.str1.1
                0x0000000008008cf6        0xc Src/main.o
 .rodata.AHBPrescTable
                0x0000000008008d02       0x10 Src/system_stm32f3xx.o
                0x0000000008008d02                AHBPrescTable
 .rodata.APBPrescTable
                0x0000000008008d12        0x8 Src/system_stm32f3xx.o
                0x0000000008008d12                APBPrescTable
 .rodata.__assert_func.str1.1
                0x0000000008008d1a       0x3c /opt/Atollic_TrueSTUDIO_for_STM32_x86_64_9.3.0/ARMTools/bin/../lib/gcc/arm-atollic-eabi/6.3.1/../../../../arm-atollic-eabi/lib/armv7e-m/fpu/libc.a(lib_a-assert.o)
                                         0x3d (size before relaxing)
 *fill*         0x0000000008008d56        0x2 
 .rodata.__sf_fake_stderr
                0x0000000008008d58       0x20 /opt/Atollic_TrueSTUDIO_for_STM32_x86_64_9.3.0/ARMTools/bin/../lib/gcc/arm-atollic-eabi/6.3.1/../../../../arm-atollic-eabi/lib/armv7e-m/fpu/libc.a(lib_a-findfp.o)
                0x0000000008008d58                __sf_fake_stderr
 .rodata.__sf_fake_stdin
                0x0000000008008d78       0x20 /opt/Atollic_TrueSTUDIO_for_STM32_x86_64_9.3.0/ARMTools/bin/../lib/gcc/arm-atollic-eabi/6.3.1/../../../../arm-atollic-eabi/lib/armv7e-m/fpu/libc.a(lib_a-findfp.o)
                0x0000000008008d78                __sf_fake_stdin
 .rodata.__sf_fake_stdout
                0x0000000008008d98       0x20 /opt/Atollic_TrueSTUDIO_for_STM32_x86_64_9.3.0/ARMTools/bin/../lib/gcc/arm-atollic-eabi/6.3.1/../../../../arm-atollic-eabi/lib/armv7e-m/fpu/libc.a(lib_a-findfp.o)
                0x0000000008008d98                __sf_fake_stdout
 .rodata._global_impure_ptr
                0x0000000008008db8        0x4 /opt/Atollic_TrueSTUDIO_for_STM32_x86_64_9.3.0/ARMTools/bin/../lib/gcc/arm-atollic-eabi/6.3.1/../../../../arm-atollic-eabi/lib/armv7e-m/fpu/libc.a(lib_a-impure.o)
                0x0000000008008db8                _global_impure_ptr
 .rodata._vfiprintf_r.str1.1
                0x0000000008008dbc       0x22 /opt/Atollic_TrueSTUDIO_for_STM32_x86_64_9.3.0/ARMTools/bin/../lib/gcc/arm-atollic-eabi/6.3.1/../../../../arm-atollic-eabi/lib/armv7e-m/fpu/libc.a(lib_a-vfiprintf.o)
 .rodata.blanks.8353
                0x0000000008008dde       0x10 /opt/Atollic_TrueSTUDIO_for_STM32_x86_64_9.3.0/ARMTools/bin/../lib/gcc/arm-atollic-eabi/6.3.1/../../../../arm-atollic-eabi/lib/armv7e-m/fpu/libc.a(lib_a-vfiprintf.o)
 .rodata.zeroes.8354
                0x0000000008008dee       0x10 /opt/Atollic_TrueSTUDIO_for_STM32_x86_64_9.3.0/ARMTools/bin/../lib/gcc/arm-atollic-eabi/6.3.1/../../../../arm-atollic-eabi/lib/armv7e-m/fpu/libc.a(lib_a-vfiprintf.o)
 .rodata._setlocale_r.str1.1
                0x0000000008008dfe        0x8 /opt/Atollic_TrueSTUDIO_for_STM32_x86_64_9.3.0/ARMTools/bin/../lib/gcc/arm-atollic-eabi/6.3.1/../../../../arm-atollic-eabi/lib/armv7e-m/fpu/libc.a(lib_a-locale.o)
                                          0x9 (size before relaxing)
 .rodata.str1.1
                0x0000000008008e06        0x2 /opt/Atollic_TrueSTUDIO_for_STM32_x86_64_9.3.0/ARMTools/bin/../lib/gcc/arm-atollic-eabi/6.3.1/../../../../arm-atollic-eabi/lib/armv7e-m/fpu/libc.a(lib_a-locale.o)
 .rodata._ctype_
                0x0000000008008e08      0x101 /opt/Atollic_TrueSTUDIO_for_STM32_x86_64_9.3.0/ARMTools/bin/../lib/gcc/arm-atollic-eabi/6.3.1/../../../../arm-atollic-eabi/lib/armv7e-m/fpu/libc.a(lib_a-ctype_.o)
                0x0000000008008e08                _ctype_
                0x0000000008008f0c                . = ALIGN (0x4)
 *fill*         0x0000000008008f09        0x3 

.ARM.extab
 *(.ARM.extab* .gnu.linkonce.armextab.*)

.ARM            0x0000000008008f0c        0x8
                0x0000000008008f0c                __exidx_start = .
 *(.ARM.exidx*)
 .ARM.exidx     0x0000000008008f0c        0x8 /opt/Atollic_TrueSTUDIO_for_STM32_x86_64_9.3.0/ARMTools/bin/../lib/gcc/arm-atollic-eabi/6.3.1/armv7e-m/fpu/libgcc.a(_udivmoddi4.o)
                0x0000000008008f14                __exidx_end = .

.rel.dyn        0x0000000008008f14        0x0
 .rel.iplt      0x0000000008008f14        0x0 /opt/Atollic_TrueSTUDIO_for_STM32_x86_64_9.3.0/ARMTools/bin/../lib/gcc/arm-atollic-eabi/6.3.1/armv7e-m/fpu/crtbegin.o

.preinit_array  0x0000000008008f14        0x0
                0x0000000008008f14                PROVIDE (__preinit_array_start, .)
 *(.preinit_array*)
                0x0000000008008f14                PROVIDE (__preinit_array_end, .)

.init_array     0x0000000008008f14        0x4
                0x0000000008008f14                PROVIDE (__init_array_start, .)
 *(SORT(.init_array.*))
 *(.init_array*)
 .init_array    0x0000000008008f14        0x4 /opt/Atollic_TrueSTUDIO_for_STM32_x86_64_9.3.0/ARMTools/bin/../lib/gcc/arm-atollic-eabi/6.3.1/armv7e-m/fpu/crtbegin.o
                0x0000000008008f18                PROVIDE (__init_array_end, .)

.fini_array     0x0000000008008f18        0x4
                [!provide]                        PROVIDE (__fini_array_start, .)
 *(SORT(.fini_array.*))
 *(.fini_array*)
 .fini_array    0x0000000008008f18        0x4 /opt/Atollic_TrueSTUDIO_for_STM32_x86_64_9.3.0/ARMTools/bin/../lib/gcc/arm-atollic-eabi/6.3.1/armv7e-m/fpu/crtbegin.o
                [!provide]                        PROVIDE (__fini_array_end, .)
                0x0000000008008f1c                _sidata = LOADADDR (.data)

.data           0x0000000020000000      0x7fc load address 0x0000000008008f1c
                0x0000000020000000                . = ALIGN (0x4)
                0x0000000020000000                _sdata = .
 *(.data)
 *(.data*)
 .data.uwTickFreq
                0x0000000020000000        0x1 Drivers/STM32F3xx_HAL_Driver/Src/stm32f3xx_hal.o
                0x0000000020000000                uwTickFreq
 *fill*         0x0000000020000001        0x3 
 .data.uwTickPrio
                0x0000000020000004        0x4 Drivers/STM32F3xx_HAL_Driver/Src/stm32f3xx_hal.o
                0x0000000020000004                uwTickPrio
 .data.eMBState
                0x0000000020000008        0x1 Middleware/Modbus/mb.o
 *fill*         0x0000000020000009        0x3 
 .data.xFuncHandlers
                0x000000002000000c       0x80 Middleware/Modbus/mb.o
 .data.uxCriticalNesting
                0x000000002000008c        0x4 Middlewares/Third_Party/FreeRTOS/Source/portable/GCC/ARM_CM4F/port.o
 .data.defaultOcvTable
                0x0000000020000090       0x3c Src/energy.o
 .data.defaultSocTable
                0x00000000200000cc       0x3c Src/energy.o
 .data.Font_16x26
                0x0000000020000108        0x8 Src/fonts.o
                0x0000000020000108                Font_16x26
 .data.defaultOcvTable
                0x0000000020000110       0x3c Src/soc.o
 .data.defaultSocTable
                0x000000002000014c       0x3c Src/soc.o
 .data.SystemCoreClock
                0x0000000020000188        0x4 Src/system_stm32f3xx.o
                0x0000000020000188                SystemCoreClock
 .data._impure_ptr
                0x000000002000018c        0x4 /opt/Atollic_TrueSTUDIO_for_STM32_x86_64_9.3.0/ARMTools/bin/../lib/gcc/arm-atollic-eabi/6.3.1/../../../../arm-atollic-eabi/lib/armv7e-m/fpu/libc.a(lib_a-impure.o)
                0x000000002000018c                _impure_ptr
 .data.impure_data
                0x0000000020000190       0xf0 /opt/Atollic_TrueSTUDIO_for_STM32_x86_64_9.3.0/ARMTools/bin/../lib/gcc/arm-atollic-eabi/6.3.1/../../../../arm-atollic-eabi/lib/armv7e-m/fpu/libc.a(lib_a-impure.o)
 .data.__malloc_av_
                0x0000000020000280      0x408 /opt/Atollic_TrueSTUDIO_for_STM32_x86_64_9.3.0/ARMTools/bin/../lib/gcc/arm-atollic-eabi/6.3.1/../../../../arm-atollic-eabi/lib/armv7e-m/fpu/libc.a(lib_a-mallocr.o)
                0x0000000020000280                __malloc_av_
 .data.__malloc_sbrk_base
                0x0000000020000688        0x4 /opt/Atollic_TrueSTUDIO_for_STM32_x86_64_9.3.0/ARMTools/bin/../lib/gcc/arm-atollic-eabi/6.3.1/../../../../arm-atollic-eabi/lib/armv7e-m/fpu/libc.a(lib_a-mallocr.o)
                0x0000000020000688                __malloc_sbrk_base
 .data.__malloc_trim_threshold
                0x000000002000068c        0x4 /opt/Atollic_TrueSTUDIO_for_STM32_x86_64_9.3.0/ARMTools/bin/../lib/gcc/arm-atollic-eabi/6.3.1/../../../../arm-atollic-eabi/lib/armv7e-m/fpu/libc.a(lib_a-mallocr.o)
                0x000000002000068c                __malloc_trim_threshold
 .data.__global_locale
                0x0000000020000690      0x16c /opt/Atollic_TrueSTUDIO_for_STM32_x86_64_9.3.0/ARMTools/bin/../lib/gcc/arm-atollic-eabi/6.3.1/../../../../arm-atollic-eabi/lib/armv7e-m/fpu/libc.a(lib_a-locale.o)
                0x0000000020000690                __global_locale
                0x00000000200007fc                . = ALIGN (0x4)
                0x00000000200007fc                _edata = .
                0x0000000008009718                _siccmram = LOADADDR (.ccmram)

.igot.plt       0x00000000200007fc        0x0 load address 0x0000000008009718
 .igot.plt      0x00000000200007fc        0x0 /opt/Atollic_TrueSTUDIO_for_STM32_x86_64_9.3.0/ARMTools/bin/../lib/gcc/arm-atollic-eabi/6.3.1/armv7e-m/fpu/crtbegin.o

.ccmram         0x0000000010000000        0x0 load address 0x0000000008009718
                0x0000000010000000                . = ALIGN (0x4)
                0x0000000010000000                _sccmram = .
 *(.ccmram)
 *(.ccmram*)
                0x0000000010000000                . = ALIGN (0x4)
                0x0000000010000000                _eccmram = .
                0x0000000010000000                . = ALIGN (0x4)

.bss            0x00000000200007fc     0x2cec
                0x00000000200007fc                _sbss = .
                0x00000000200007fc                __bss_start__ = _sbss
 *(.bss)
 .bss           0x00000000200007fc       0x1c /opt/Atollic_TrueSTUDIO_for_STM32_x86_64_9.3.0/ARMTools/bin/../lib/gcc/arm-atollic-eabi/6.3.1/armv7e-m/fpu/crtbegin.o
 *(.bss*)
 .bss.ucMBSlaveID
                0x0000000020000818       0x20 Middleware/Modbus/functions/mbfuncother.o
 .bss.usMBSlaveIDLen
                0x0000000020000838        0x2 Middleware/Modbus/functions/mbfuncother.o
 .bss.eException.9270
                0x000000002000083a        0x1 Middleware/Modbus/mb.o
 *fill*         0x000000002000083b        0x1 
 .bss.peMBFrameReceiveCur
                0x000000002000083c        0x4 Middleware/Modbus/mb.o
 .bss.peMBFrameSendCur
                0x0000000020000840        0x4 Middleware/Modbus/mb.o
 .bss.pvMBFrameCloseCur
                0x0000000020000844        0x4 Middleware/Modbus/mb.o
 .bss.pvMBFrameStartCur
                0x0000000020000848        0x4 Middleware/Modbus/mb.o
 .bss.pvMBFrameStopCur
                0x000000002000084c        0x4 Middleware/Modbus/mb.o
 .bss.ucFunctionCode.9268
                0x0000000020000850        0x1 Middleware/Modbus/mb.o
 .bss.ucMBAddress
                0x0000000020000851        0x1 Middleware/Modbus/mb.o
 *fill*         0x0000000020000852        0x2 
 .bss.ucMBFrame.9266
                0x0000000020000854        0x4 Middleware/Modbus/mb.o
 .bss.ucRcvAddress.9267
                0x0000000020000858        0x1 Middleware/Modbus/mb.o
 *fill*         0x0000000020000859        0x1 
 .bss.usLength.9269
                0x000000002000085a        0x2 Middleware/Modbus/mb.o
 .bss.eQueuedEvent
                0x000000002000085c        0x1 Middleware/Modbus/port/portevent.o
 .bss.xEventInQueue
                0x000000002000085d        0x1 Middleware/Modbus/port/portevent.o
 .bss.downcounter
                0x000000002000085e        0x2 Middleware/Modbus/port/porttimer.o
                0x000000002000085e                downcounter
 .bss.timeout   0x0000000020000860        0x2 Middleware/Modbus/port/porttimer.o
                0x0000000020000860                timeout
 .bss.eRcvState
                0x0000000020000862        0x1 Middleware/Modbus/rtu/mbrtu.o
 .bss.eSndState
                0x0000000020000863        0x1 Middleware/Modbus/rtu/mbrtu.o
 .bss.pucSndBufferCur
                0x0000000020000864        0x4 Middleware/Modbus/rtu/mbrtu.o
 .bss.usRcvBufferPos
                0x0000000020000868        0x2 Middleware/Modbus/rtu/mbrtu.o
 .bss.usSndBufferCount
                0x000000002000086a        0x2 Middleware/Modbus/rtu/mbrtu.o
 .bss.ucMaxSysCallPriority
                0x000000002000086c        0x1 Middlewares/Third_Party/FreeRTOS/Source/portable/GCC/ARM_CM4F/port.o
 *fill*         0x000000002000086d        0x3 
 .bss.ulMaxPRIGROUPValue
                0x0000000020000870        0x4 Middlewares/Third_Party/FreeRTOS/Source/portable/GCC/ARM_CM4F/port.o
 .bss.pxCurrentTCB
                0x0000000020000874        0x4 Middlewares/Third_Party/FreeRTOS/Source/tasks.o
                0x0000000020000874                pxCurrentTCB
 .bss.pxDelayedTaskList
                0x0000000020000878        0x4 Middlewares/Third_Party/FreeRTOS/Source/tasks.o
 .bss.pxOverflowDelayedTaskList
                0x000000002000087c        0x4 Middlewares/Third_Party/FreeRTOS/Source/tasks.o
 .bss.pxReadyTasksLists
                0x0000000020000880       0x8c Middlewares/Third_Party/FreeRTOS/Source/tasks.o
 .bss.uxCurrentNumberOfTasks
                0x000000002000090c        0x4 Middlewares/Third_Party/FreeRTOS/Source/tasks.o
 .bss.uxDeletedTasksWaitingCleanUp
                0x0000000020000910        0x4 Middlewares/Third_Party/FreeRTOS/Source/tasks.o
 .bss.uxPendedTicks
                0x0000000020000914        0x4 Middlewares/Third_Party/FreeRTOS/Source/tasks.o
 .bss.uxSchedulerSuspended
                0x0000000020000918        0x4 Middlewares/Third_Party/FreeRTOS/Source/tasks.o
 .bss.uxTaskNumber
                0x000000002000091c        0x4 Middlewares/Third_Party/FreeRTOS/Source/tasks.o
 .bss.uxTopReadyPriority
                0x0000000020000920        0x4 Middlewares/Third_Party/FreeRTOS/Source/tasks.o
 .bss.xDelayedTaskList1
                0x0000000020000924       0x14 Middlewares/Third_Party/FreeRTOS/Source/tasks.o
 .bss.xDelayedTaskList2
                0x0000000020000938       0x14 Middlewares/Third_Party/FreeRTOS/Source/tasks.o
 .bss.xNextTaskUnblockTime
                0x000000002000094c        0x4 Middlewares/Third_Party/FreeRTOS/Source/tasks.o
 .bss.xNumOfOverflows
                0x0000000020000950        0x4 Middlewares/Third_Party/FreeRTOS/Source/tasks.o
 .bss.xPendingReadyList
                0x0000000020000954       0x14 Middlewares/Third_Party/FreeRTOS/Source/tasks.o
 .bss.xSchedulerRunning
                0x0000000020000968        0x4 Middlewares/Third_Party/FreeRTOS/Source/tasks.o
 .bss.xSuspendedTaskList
                0x000000002000096c       0x14 Middlewares/Third_Party/FreeRTOS/Source/tasks.o
 .bss.xTasksWaitingTermination
                0x0000000020000980       0x14 Middlewares/Third_Party/FreeRTOS/Source/tasks.o
 .bss.xTickCount
                0x0000000020000994        0x4 Middlewares/Third_Party/FreeRTOS/Source/tasks.o
 .bss.xYieldPending
                0x0000000020000998        0x4 Middlewares/Third_Party/FreeRTOS/Source/tasks.o
 .bss.energyAvailableDischarge
                0x000000002000099c        0x4 Src/energy.o
 .bss.simulatedSOC
                0x00000000200009a0        0x4 Src/energy.o
 .bss.xIdleStack
                0x00000000200009a4     0x1000 Src/freertos.o
 .bss.xIdleTaskTCBBuffer
                0x00000000200019a4      0x144 Src/freertos.o
 .bss.currChargeRemaining
                0x0000000020001ae8        0x4 Src/main.o
 .bss.currentCellSOC
                0x0000000020001aec        0x4 Src/main.o
 .bss.currentDchgPct
                0x0000000020001af0        0x1 Src/main.o
                0x0000000020001af0                currentDchgPct
 .bss.currentState
                0x0000000020001af1        0x1 Src/main.o
                0x0000000020001af1                currentState
 *fill*         0x0000000020001af2        0x2 
 .bss.lastComputedEnergy
                0x0000000020001af4        0x4 Src/main.o
 .bss.lastComputedPower
                0x0000000020001af8        0x4 Src/main.o
 .bss.lastReadBattV
                0x0000000020001afc        0x4 Src/main.o
 .bss.lastReadCurr_mA
                0x0000000020001b00        0x4 Src/main.o
 .bss.usRegHoldingBuf
                0x0000000020001b04       0x10 Src/main.o
 .bss.usRegInputBuf
                0x0000000020001b14       0x80 Src/main.o
 .bss.SSD1306   0x0000000020001b94        0x6 Src/oled.o
 .bss.SSD1306_Buffer
                0x0000000020001b9a      0x400 Src/oled.o
 *fill*         0x0000000020001f9a        0x2 
 .bss.heap_end.7031
                0x0000000020001f9c        0x4 Src/syscalls.o
 .bss.__malloc_current_mallinfo
                0x0000000020001fa0       0x28 /opt/Atollic_TrueSTUDIO_for_STM32_x86_64_9.3.0/ARMTools/bin/../lib/gcc/arm-atollic-eabi/6.3.1/../../../../arm-atollic-eabi/lib/armv7e-m/fpu/libc.a(lib_a-mallocr.o)
                0x0000000020001fa0                __malloc_current_mallinfo
 .bss.__malloc_max_sbrked_mem
                0x0000000020001fc8        0x4 /opt/Atollic_TrueSTUDIO_for_STM32_x86_64_9.3.0/ARMTools/bin/../lib/gcc/arm-atollic-eabi/6.3.1/../../../../arm-atollic-eabi/lib/armv7e-m/fpu/libc.a(lib_a-mallocr.o)
                0x0000000020001fc8                __malloc_max_sbrked_mem
 .bss.__malloc_max_total_mem
                0x0000000020001fcc        0x4 /opt/Atollic_TrueSTUDIO_for_STM32_x86_64_9.3.0/ARMTools/bin/../lib/gcc/arm-atollic-eabi/6.3.1/../../../../arm-atollic-eabi/lib/armv7e-m/fpu/libc.a(lib_a-mallocr.o)
                0x0000000020001fcc                __malloc_max_total_mem
 .bss.__malloc_top_pad
                0x0000000020001fd0        0x4 /opt/Atollic_TrueSTUDIO_for_STM32_x86_64_9.3.0/ARMTools/bin/../lib/gcc/arm-atollic-eabi/6.3.1/../../../../arm-atollic-eabi/lib/armv7e-m/fpu/libc.a(lib_a-mallocr.o)
                0x0000000020001fd0                __malloc_top_pad
 *(COMMON)
 COMMON         0x0000000020001fd4        0x4 Drivers/STM32F3xx_HAL_Driver/Src/stm32f3xx_hal.o
                0x0000000020001fd4                uwTick
 COMMON         0x0000000020001fd8       0x14 Middleware/Modbus/mb.o
                0x0000000020001fd8                pxMBFrameCBTransmitterEmpty
                0x0000000020001fdc                pxMBPortCBTimerExpired
                0x0000000020001fe0                pxMBFrameCBByteReceived
                0x0000000020001fe4                pxMBFrameCBTransmitFSMCur
                0x0000000020001fe8                pxMBFrameCBReceiveFSMCur
 COMMON         0x0000000020001fec      0x100 Middleware/Modbus/rtu/mbrtu.o
                0x0000000020001fec                ucRTUBuf
 COMMON         0x00000000200020ec     0x13ec Src/main.o
                0x00000000200020ec                battVData
                0x00000000200020f0                defaultTaskHandle
                0x00000000200020f4                hdac1
                0x0000000020002108                hi2c1
                0x0000000020002154                battVString
                0x0000000020002160                htim17
                0x00000000200021a0                energyData
                0x00000000200021a4                currentString
                0x00000000200021b0                currentData
                0x00000000200021b4                huart1
                0x0000000020002234                powerData
                0x0000000020002238                powerString
                0x0000000020002244                htim6
                0x0000000020002284                defaultTaskBuffer
                0x0000000020003284                socString
                0x0000000020003290                defaultTaskControlBlock
                0x00000000200033d4                huart2
                0x0000000020003454                htim16
                0x0000000020003494                htim7
                0x00000000200034d4                socData
 COMMON         0x00000000200034d8        0x9 /opt/Atollic_TrueSTUDIO_for_STM32_x86_64_9.3.0/ARMTools/bin/../lib/gcc/arm-atollic-eabi/6.3.1/../../../../arm-atollic-eabi/lib/armv7e-m/fpu/libc.a(lib_a-lock.o)
                0x00000000200034d8                __lock___atexit_recursive_mutex
                0x00000000200034d9                __lock___arc4random_mutex
                0x00000000200034da                __lock___env_recursive_mutex
                0x00000000200034db                __lock___sinit_recursive_mutex
                0x00000000200034dc                __lock___malloc_recursive_mutex
                0x00000000200034dd                __lock___at_quick_exit_mutex
                0x00000000200034de                __lock___dd_hash_mutex
                0x00000000200034df                __lock___tz_mutex
                0x00000000200034e0                __lock___sfp_recursive_mutex
 *fill*         0x00000000200034e1        0x3 
 COMMON         0x00000000200034e4        0x4 /opt/Atollic_TrueSTUDIO_for_STM32_x86_64_9.3.0/ARMTools/bin/../lib/gcc/arm-atollic-eabi/6.3.1/../../../../arm-atollic-eabi/lib/armv7e-m/fpu/libc.a(lib_a-reent.o)
                0x00000000200034e4                errno
                0x00000000200034e8                . = ALIGN (0x4)
                0x00000000200034e8                _ebss = .
                0x00000000200034e8                __bss_end__ = _ebss

._user_heap_stack
                0x00000000200034e8      0x600
                0x00000000200034e8                . = ALIGN (0x4)
                0x00000000200034e8                PROVIDE (end, .)
                [!provide]                        PROVIDE (_end, .)
                0x00000000200036e8                . = (. + _Min_Heap_Size)
 *fill*         0x00000000200034e8      0x200 
                0x0000000020003ae8                . = (. + _Min_Stack_Size)
 *fill*         0x00000000200036e8      0x400 
                0x0000000020003ae8                . = ALIGN (0x4)

/DISCARD/
 libc.a(*)
 libm.a(*)
 libgcc.a(*)

.ARM.attributes
                0x0000000000000000       0x30
 *(.ARM.attributes)
 .ARM.attributes
                0x0000000000000000       0x22 /opt/Atollic_TrueSTUDIO_for_STM32_x86_64_9.3.0/ARMTools/bin/../lib/gcc/arm-atollic-eabi/6.3.1/armv7e-m/fpu/crti.o
 .ARM.attributes
                0x0000000000000022       0x34 /opt/Atollic_TrueSTUDIO_for_STM32_x86_64_9.3.0/ARMTools/bin/../lib/gcc/arm-atollic-eabi/6.3.1/armv7e-m/fpu/crtbegin.o
 .ARM.attributes
                0x0000000000000056       0x39 Drivers/STM32F3xx_HAL_Driver/Src/stm32f3xx_hal.o
 .ARM.attributes
                0x000000000000008f       0x39 Drivers/STM32F3xx_HAL_Driver/Src/stm32f3xx_hal_cortex.o
 .ARM.attributes
                0x00000000000000c8       0x39 Drivers/STM32F3xx_HAL_Driver/Src/stm32f3xx_hal_dac.o
 .ARM.attributes
                0x0000000000000101       0x39 Drivers/STM32F3xx_HAL_Driver/Src/stm32f3xx_hal_dac_ex.o
 .ARM.attributes
                0x000000000000013a       0x39 Drivers/STM32F3xx_HAL_Driver/Src/stm32f3xx_hal_dma.o
 .ARM.attributes
                0x0000000000000173       0x39 Drivers/STM32F3xx_HAL_Driver/Src/stm32f3xx_hal_gpio.o
 .ARM.attributes
                0x00000000000001ac       0x39 Drivers/STM32F3xx_HAL_Driver/Src/stm32f3xx_hal_i2c.o
 .ARM.attributes
                0x00000000000001e5       0x39 Drivers/STM32F3xx_HAL_Driver/Src/stm32f3xx_hal_i2c_ex.o
 .ARM.attributes
                0x000000000000021e       0x39 Drivers/STM32F3xx_HAL_Driver/Src/stm32f3xx_hal_rcc.o
 .ARM.attributes
                0x0000000000000257       0x39 Drivers/STM32F3xx_HAL_Driver/Src/stm32f3xx_hal_rcc_ex.o
 .ARM.attributes
                0x0000000000000290       0x39 Drivers/STM32F3xx_HAL_Driver/Src/stm32f3xx_hal_tim.o
 .ARM.attributes
                0x00000000000002c9       0x39 Drivers/STM32F3xx_HAL_Driver/Src/stm32f3xx_hal_tim_ex.o
 .ARM.attributes
                0x0000000000000302       0x39 Drivers/STM32F3xx_HAL_Driver/Src/stm32f3xx_hal_uart.o
 .ARM.attributes
                0x000000000000033b       0x39 Drivers/STM32F3xx_HAL_Driver/Src/stm32f3xx_hal_uart_ex.o
 .ARM.attributes
                0x0000000000000374       0x39 Middleware/Modbus/functions/mbfunccoils.o
 .ARM.attributes
                0x00000000000003ad       0x39 Middleware/Modbus/functions/mbfuncdisc.o
 .ARM.attributes
                0x00000000000003e6       0x39 Middleware/Modbus/functions/mbfuncholding.o
 .ARM.attributes
                0x000000000000041f       0x39 Middleware/Modbus/functions/mbfuncinput.o
 .ARM.attributes