Archive member included to satisfy reference by file (symbol)

/opt/Atollic_TrueSTUDIO_for_STM32_x86_64_9.3.0/ARMTools/bin/../lib/gcc/arm-atollic-eabi/6.3.1/../../../../arm-atollic-eabi/lib/armv7e-m/fpu/libc.a(lib_a-assert.o)
                              Middleware/Modbus/functions/mbutils.o (__assert_func)
/opt/Atollic_TrueSTUDIO_for_STM32_x86_64_9.3.0/ARMTools/bin/../lib/gcc/arm-atollic-eabi/6.3.1/../../../../arm-atollic-eabi/lib/armv7e-m/fpu/libc.a(lib_a-errno.o)
                              Src/syscalls.o (__errno)
/opt/Atollic_TrueSTUDIO_for_STM32_x86_64_9.3.0/ARMTools/bin/../lib/gcc/arm-atollic-eabi/6.3.1/../../../../arm-atollic-eabi/lib/armv7e-m/fpu/libc.a(lib_a-findfp.o)
                              Middlewares/Third_Party/FreeRTOS/Source/tasks.o (__sf_fake_stderr)
/opt/Atollic_TrueSTUDIO_for_STM32_x86_64_9.3.0/ARMTools/bin/../lib/gcc/arm-atollic-eabi/6.3.1/../../../../arm-atollic-eabi/lib/armv7e-m/fpu/libc.a(lib_a-fiprintf.o)
                              /opt/Atollic_TrueSTUDIO_for_STM32_x86_64_9.3.0/ARMTools/bin/../lib/gcc/arm-atollic-eabi/6.3.1/../../../../arm-atollic-eabi/lib/armv7e-m/fpu/libc.a(lib_a-assert.o) (fiprintf)
/opt/Atollic_TrueSTUDIO_for_STM32_x86_64_9.3.0/ARMTools/bin/../lib/gcc/arm-atollic-eabi/6.3.1/../../../../arm-atollic-eabi/lib/armv7e-m/fpu/libc.a(lib_a-fwalk.o)
                              /opt/Atollic_TrueSTUDIO_for_STM32_x86_64_9.3.0/ARMTools/bin/../lib/gcc/arm-atollic-eabi/6.3.1/../../../../arm-atollic-eabi/lib/armv7e-m/fpu/libc.a(lib_a-findfp.o) (_fwalk)
/opt/Atollic_TrueSTUDIO_for_STM32_x86_64_9.3.0/ARMTools/bin/../lib/gcc/arm-atollic-eabi/6.3.1/../../../../arm-atollic-eabi/lib/armv7e-m/fpu/libc.a(lib_a-impure.o)
                              /opt/Atollic_TrueSTUDIO_for_STM32_x86_64_9.3.0/ARMTools/bin/../lib/gcc/arm-atollic-eabi/6.3.1/../../../../arm-atollic-eabi/lib/armv7e-m/fpu/libc.a(lib_a-findfp.o) (_global_impure_ptr)
/opt/Atollic_TrueSTUDIO_for_STM32_x86_64_9.3.0/ARMTools/bin/../lib/gcc/arm-atollic-eabi/6.3.1/../../../../arm-atollic-eabi/lib/armv7e-m/fpu/libc.a(lib_a-init.o)
                              startup/startup_stm32f303xe.o (__libc_init_array)
/opt/Atollic_TrueSTUDIO_for_STM32_x86_64_9.3.0/ARMTools/bin/../lib/gcc/arm-atollic-eabi/6.3.1/../../../../arm-atollic-eabi/lib/armv7e-m/fpu/libc.a(lib_a-lock.o)
                              /opt/Atollic_TrueSTUDIO_for_STM32_x86_64_9.3.0/ARMTools/bin/../lib/gcc/arm-atollic-eabi/6.3.1/../../../../arm-atollic-eabi/lib/armv7e-m/fpu/libc.a(lib_a-findfp.o) (__retarget_lock_init_recursive)
/opt/Atollic_TrueSTUDIO_for_STM32_x86_64_9.3.0/ARMTools/bin/../lib/gcc/arm-atollic-eabi/6.3.1/../../../../arm-atollic-eabi/lib/armv7e-m/fpu/libc.a(lib_a-mallocr.o)
                              /opt/Atollic_TrueSTUDIO_for_STM32_x86_64_9.3.0/ARMTools/bin/../lib/gcc/arm-atollic-eabi/6.3.1/../../../../arm-atollic-eabi/lib/armv7e-m/fpu/libc.a(lib_a-findfp.o) (_malloc_r)
/opt/Atollic_TrueSTUDIO_for_STM32_x86_64_9.3.0/ARMTools/bin/../lib/gcc/arm-atollic-eabi/6.3.1/../../../../arm-atollic-eabi/lib/armv7e-m/fpu/libc.a(lib_a-memcpy-stub.o)
                              Middleware/Modbus/functions/mbfuncother.o (memcpy)
/opt/Atollic_TrueSTUDIO_for_STM32_x86_64_9.3.0/ARMTools/bin/../lib/gcc/arm-atollic-eabi/6.3.1/../../../../arm-atollic-eabi/lib/armv7e-m/fpu/libc.a(lib_a-memset.o)
                              Middlewares/Third_Party/FreeRTOS/Source/stream_buffer.o (memset)
/opt/Atollic_TrueSTUDIO_for_STM32_x86_64_9.3.0/ARMTools/bin/../lib/gcc/arm-atollic-eabi/6.3.1/../../../../arm-atollic-eabi/lib/armv7e-m/fpu/libc.a(lib_a-mlock.o)
                              /opt/Atollic_TrueSTUDIO_for_STM32_x86_64_9.3.0/ARMTools/bin/../lib/gcc/arm-atollic-eabi/6.3.1/../../../../arm-atollic-eabi/lib/armv7e-m/fpu/libc.a(lib_a-mallocr.o) (__malloc_lock)
/opt/Atollic_TrueSTUDIO_for_STM32_x86_64_9.3.0/ARMTools/bin/../lib/gcc/arm-atollic-eabi/6.3.1/../../../../arm-atollic-eabi/lib/armv7e-m/fpu/libc.a(lib_a-printf.o)
                              Src/modbus_helper.o (printf)
/opt/Atollic_TrueSTUDIO_for_STM32_x86_64_9.3.0/ARMTools/bin/../lib/gcc/arm-atollic-eabi/6.3.1/../../../../arm-atollic-eabi/lib/armv7e-m/fpu/libc.a(lib_a-reent.o)
                              Middlewares/Third_Party/FreeRTOS/Source/tasks.o (_reclaim_reent)
/opt/Atollic_TrueSTUDIO_for_STM32_x86_64_9.3.0/ARMTools/bin/../lib/gcc/arm-atollic-eabi/6.3.1/../../../../arm-atollic-eabi/lib/armv7e-m/fpu/libc.a(lib_a-sbrkr.o)
                              /opt/Atollic_TrueSTUDIO_for_STM32_x86_64_9.3.0/ARMTools/bin/../lib/gcc/arm-atollic-eabi/6.3.1/../../../../arm-atollic-eabi/lib/armv7e-m/fpu/libc.a(lib_a-mallocr.o) (_sbrk_r)
/opt/Atollic_TrueSTUDIO_for_STM32_x86_64_9.3.0/ARMTools/bin/../lib/gcc/arm-atollic-eabi/6.3.1/../../../../arm-atollic-eabi/lib/armv7e-m/fpu/libc.a(lib_a-sprintf.o)
                              Src/bms.o (sprintf)
/opt/Atollic_TrueSTUDIO_for_STM32_x86_64_9.3.0/ARMTools/bin/../lib/gcc/arm-atollic-eabi/6.3.1/../../../../arm-atollic-eabi/lib/armv7e-m/fpu/libc.a(lib_a-stdio.o)
[...]
Memory Configuration

Name             Origin             Length             Attributes
RAM              0x0000000020000000 0x0000000000010000 xrw
CCMRAM           0x0000000010000000 0x0000000000004000 xrw
FLASH            0x0000000008000000 0x0000000000080000 xr
*default*        0x0000000000000000 0xffffffffffffffff

Linker script and memory map

LOAD /opt/Atollic_TrueSTUDIO_for_STM32_x86_64_9.3.0/ARMTools/bin/../lib/gcc/arm-atollic-eabi/6.3.1/armv7e-m/fpu/crti.o
LOAD /opt/Atollic_TrueSTUDIO_for_STM32_x86_64_9.3.0/ARMTools/bin/../lib/gcc/arm-atollic-eabi/6.3.1/armv7e-m/fpu/crtbegin.o
LOAD Drivers/STM32F3xx_HAL_Driver/Src/stm32f3xx_hal.o
LOAD Drivers/STM32F3xx_HAL_Driver/Src/stm32f3xx_hal_can.o
LOAD Drivers/STM32F3xx_HAL_Driver/Src/stm32f3xx_hal_cortex.o
LOAD Drivers/STM32F3xx_HAL_Driver/Src/stm32f3xx_hal_dac.o
LOAD Drivers/STM32F3xx_HAL_Driver/Src/stm32f3xx_hal_dac_ex.o
LOAD Drivers/STM32F3xx_HAL_Driver/Src/stm32f3xx_hal_dma.o
LOAD Drivers/STM32F3xx_HAL_Driver/Src/stm32f3xx_hal_exti.o
LOAD Drivers/STM32F3xx_HAL_Driver/Src/stm32f3xx_hal_flash.o
LOAD Drivers/STM32F3xx_HAL_Driver/Src/stm32f3xx_hal_flash_ex.o
LOAD Drivers/STM32F3xx_HAL_Driver/Src/stm32f3xx_hal_gpio.o
LOAD Drivers/STM32F3xx_HAL_Driver/Src/stm32f3xx_hal_i2c.o
LOAD Drivers/STM32F3xx_HAL_Driver/Src/stm32f3xx_hal_i2c_ex.o
LOAD Drivers/STM32F3xx_HAL_Driver/Src/stm32f3xx_hal_pwr.o
LOAD Drivers/STM32F3xx_HAL_Driver/Src/stm32f3xx_hal_pwr_ex.o
LOAD Drivers/STM32F3xx_HAL_Driver/Src/stm32f3xx_hal_rcc.o
LOAD Drivers/STM32F3xx_HAL_Driver/Src/stm32f3xx_hal_rcc_ex.o
LOAD Drivers/STM32F3xx_HAL_Driver/Src/stm32f3xx_hal_tim.o
LOAD Drivers/STM32F3xx_HAL_Driver/Src/stm32f3xx_hal_tim_ex.o
LOAD Drivers/STM32F3xx_HAL_Driver/Src/stm32f3xx_hal_uart.o
LOAD Drivers/STM32F3xx_HAL_Driver/Src/stm32f3xx_hal_uart_ex.o
LOAD Middleware/Modbus/functions/mbfunccoils.o
LOAD Middleware/Modbus/functions/mbfuncdiag.o
LOAD Middleware/Modbus/functions/mbfuncdisc.o
LOAD Middleware/Modbus/functions/mbfuncholding.o
LOAD Middleware/Modbus/functions/mbfuncinput.o
LOAD Middleware/Modbus/functions/mbfuncother.o
LOAD Middleware/Modbus/functions/mbutils.o
LOAD Middleware/Modbus/mb.o
LOAD Middleware/Modbus/port/portevent.o
LOAD Middleware/Modbus/port/portserial.o
LOAD Middleware/Modbus/port/porttimer.o
LOAD Middleware/Modbus/rtu/mbcrc.o
LOAD Middleware/Modbus/rtu/mbrtu.o
LOAD Middlewares/Third_Party/FreeRTOS/Source/CMSIS_RTOS/cmsis_os.o
LOAD Middlewares/Third_Party/FreeRTOS/Source/croutine.o
LOAD Middlewares/Third_Party/FreeRTOS/Source/event_groups.o
LOAD Middlewares/Third_Party/FreeRTOS/Source/list.o
LOAD Middlewares/Third_Party/FreeRTOS/Source/portable/GCC/ARM_CM4F/port.o
LOAD Middlewares/Third_Party/FreeRTOS/Source/queue.o
LOAD Middlewares/Third_Party/FreeRTOS/Source/stream_buffer.o
LOAD Middlewares/Third_Party/FreeRTOS/Source/tasks.o
LOAD Middlewares/Third_Party/FreeRTOS/Source/timers.o
LOAD Src/adc.o
LOAD Src/bms.o
LOAD Src/can.o
LOAD Src/energy.o
LOAD Src/fonts.o
LOAD Src/freertos.o
LOAD Src/main.o
LOAD Src/modbus_helper.o
LOAD Src/oled.o
LOAD Src/power.o
LOAD Src/soc.o
LOAD Src/sochelper.o
LOAD Src/stm32f3xx_hal_msp.o
LOAD Src/stm32f3xx_it.o
LOAD Src/syscalls.o
LOAD Src/system_stm32f3xx.o
LOAD startup/startup_stm32f303xe.o
                0x0000000000000080                malloc_getpagesize_P = 0x80
START GROUP
LOAD /opt/Atollic_TrueSTUDIO_for_STM32_x86_64_9.3.0/ARMTools/bin/../lib/gcc/arm-atollic-eabi/6.3.1/../../../../arm-atollic-eabi/lib/armv7e-m/fpu/libc.a
LOAD /opt/Atollic_TrueSTUDIO_for_STM32_x86_64_9.3.0/ARMTools/bin/../lib/gcc/arm-atollic-eabi/6.3.1/../../../../arm-atollic-eabi/lib/armv7e-m/fpu/libm.a
END GROUP
START GROUP
LOAD /opt/Atollic_TrueSTUDIO_for_STM32_x86_64_9.3.0/ARMTools/bin/../lib/gcc/arm-atollic-eabi/6.3.1/armv7e-m/fpu/libgcc.a
LOAD /opt/Atollic_TrueSTUDIO_for_STM32_x86_64_9.3.0/ARMTools/bin/../lib/gcc/arm-atollic-eabi/6.3.1/../../../../arm-atollic-eabi/lib/armv7e-m/fpu/libc.a
END GROUP
START GROUP
LOAD /opt/Atollic_TrueSTUDIO_for_STM32_x86_64_9.3.0/ARMTools/bin/../lib/gcc/arm-atollic-eabi/6.3.1/armv7e-m/fpu/libgcc.a
LOAD /opt/Atollic_TrueSTUDIO_for_STM32_x86_64_9.3.0/ARMTools/bin/../lib/gcc/arm-atollic-eabi/6.3.1/../../../../arm-atollic-eabi/lib/armv7e-m/fpu/libc.a
LOAD /opt/Atollic_TrueSTUDIO_for_STM32_x86_64_9.3.0/ARMTools/bin/../lib/gcc/arm-atollic-eabi/6.3.1/../../../../arm-atollic-eabi/lib/armv7e-m/fpu/libnosys.a
END GROUP
LOAD /opt/Atollic_TrueSTUDIO_for_STM32_x86_64_9.3.0/ARMTools/bin/../lib/gcc/arm-atollic-eabi/6.3.1/armv7e-m/fpu/crtend.o
LOAD /opt/Atollic_TrueSTUDIO_for_STM32_x86_64_9.3.0/ARMTools/bin/../lib/gcc/arm-atollic-eabi/6.3.1/armv7e-m/fpu/crtn.o
                0x0000000020010000                _estack = 0x20010000
                0x0000000000000200                _Min_Heap_Size = 0x200
                0x0000000000000400                _Min_Stack_Size = 0x400

.isr_vector     0x0000000008000000      0x194
                0x0000000008000000                . = ALIGN (0x4)
 *(.isr_vector)
 .isr_vector    0x0000000008000000      0x194 startup/startup_stm32f303xe.o
                0x0000000008000000                g_pfnVectors
                0x0000000008000194                . = ALIGN (0x4)

.text           0x00000000080001a0     0xb29c
                0x00000000080001a0                . = ALIGN (0x4)
 *(.text)
 .text          0x00000000080001a0       0x40 /opt/Atollic_TrueSTUDIO_for_STM32_x86_64_9.3.0/ARMTools/bin/../lib/gcc/arm-atollic-eabi/6.3.1/armv7e-m/fpu/crtbegin.o
 .text          0x00000000080001e0       0xa0 /opt/Atollic_TrueSTUDIO_for_STM32_x86_64_9.3.0/ARMTools/bin/../lib/gcc/arm-atollic-eabi/6.3.1/../../../../arm-atollic-eabi/lib/armv7e-m/fpu/libc.a(lib_a-memchr.o)
                0x00000000080001e0                memchr
 .text          0x0000000008000280       0x10 /opt/Atollic_TrueSTUDIO_for_STM32_x86_64_9.3.0/ARMTools/bin/../lib/gcc/arm-atollic-eabi/6.3.1/../../../../arm-atollic-eabi/lib/armv7e-m/fpu/libc.a(lib_a-strlen.o)
                0x0000000008000280                strlen
 .text          0x0000000008000290      0x370 /opt/Atollic_TrueSTUDIO_for_STM32_x86_64_9.3.0/ARMTools/bin/../lib/gcc/arm-atollic-eabi/6.3.1/armv7e-m/fpu/libgcc.a(_arm_addsubdf3.o)
                0x0000000008000290                __aeabi_drsub
                0x0000000008000298                __aeabi_dsub
                0x0000000008000298                __subdf3
                0x000000000800029c                __adddf3
                0x000000000800029c                __aeabi_dadd
                0x0000000008000514                __aeabi_ui2d
                0x0000000008000514                __floatunsidf
                0x0000000008000534                __floatsidf
                0x0000000008000534                __aeabi_i2d
                0x0000000008000558                __extendsfdf2
                0x0000000008000558                __aeabi_f2d
                0x0000000008000594                __aeabi_ul2d
                0x0000000008000594                __floatundidf
                0x00000000080005a4                __floatdidf
                0x00000000080005a4                __aeabi_l2d
 .text          0x0000000008000600      0x424 /opt/Atollic_TrueSTUDIO_for_STM32_x86_64_9.3.0/ARMTools/bin/../lib/gcc/arm-atollic-eabi/6.3.1/armv7e-m/fpu/libgcc.a(_arm_muldivdf3.o)
                0x0000000008000600                __aeabi_dmul
                0x0000000008000600                __muldf3
                0x0000000008000854                __aeabi_ddiv
                0x0000000008000854                __divdf3
 .text          0x0000000008000a24      0x110 /opt/Atollic_TrueSTUDIO_for_STM32_x86_64_9.3.0/ARMTools/bin/../lib/gcc/arm-atollic-eabi/6.3.1/armv7e-m/fpu/libgcc.a(_arm_cmpdf2.o)
                0x0000000008000a24                __gtdf2
                0x0000000008000a24                __gedf2
                0x0000000008000a2c                __ltdf2
                0x0000000008000a2c                __ledf2
                0x0000000008000a34                __cmpdf2
                0x0000000008000a34                __eqdf2
                0x0000000008000a34                __nedf2
                0x0000000008000ab0                __aeabi_cdrcmple
                0x0000000008000ac0                __aeabi_cdcmple
                0x0000000008000ac0                __aeabi_cdcmpeq
                0x0000000008000ad0                __aeabi_dcmpeq
                0x0000000008000ae4                __aeabi_dcmplt
                0x0000000008000af8                __aeabi_dcmple
                0x0000000008000b0c                __aeabi_dcmpge
                0x0000000008000b20                __aeabi_dcmpgt
 .text          0x0000000008000b34       0x2c /opt/Atollic_TrueSTUDIO_for_STM32_x86_64_9.3.0/ARMTools/bin/../lib/gcc/arm-atollic-eabi/6.3.1/armv7e-m/fpu/libgcc.a(_arm_unorddf2.o)
                0x0000000008000b34                __aeabi_dcmpun
                0x0000000008000b34                __unorddf2
 .text          0x0000000008000b60       0x50 /opt/Atollic_TrueSTUDIO_for_STM32_x86_64_9.3.0/ARMTools/bin/../lib/gcc/arm-atollic-eabi/6.3.1/armv7e-m/fpu/libgcc.a(_arm_fixdfsi.o)
                0x0000000008000b60                __fixdfsi
                0x0000000008000b60                __aeabi_d2iz
 .text          0x0000000008000bb0       0x40 /opt/Atollic_TrueSTUDIO_for_STM32_x86_64_9.3.0/ARMTools/bin/../lib/gcc/arm-atollic-eabi/6.3.1/armv7e-m/fpu/libgcc.a(_arm_fixunsdfsi.o)
                0x0000000008000bb0                __fixunsdfsi
                0x0000000008000bb0                __aeabi_d2uiz
 .text          0x0000000008000bf0       0xa0 /opt/Atollic_TrueSTUDIO_for_STM32_x86_64_9.3.0/ARMTools/bin/../lib/gcc/arm-atollic-eabi/6.3.1/armv7e-m/fpu/libgcc.a(_arm_truncdfsf2.o)
                0x0000000008000bf0                __aeabi_d2f
                0x0000000008000bf0                __truncdfsf2
 .text          0x0000000008000c90       0x30 /opt/Atollic_TrueSTUDIO_for_STM32_x86_64_9.3.0/ARMTools/bin/../lib/gcc/arm-atollic-eabi/6.3.1/armv7e-m/fpu/libgcc.a(_aeabi_uldivmod.o)
                0x0000000008000c90                __aeabi_uldivmod
 .text          0x0000000008000cc0      0x2dc /opt/Atollic_TrueSTUDIO_for_STM32_x86_64_9.3.0/ARMTools/bin/../lib/gcc/arm-atollic-eabi/6.3.1/armv7e-m/fpu/libgcc.a(_udivmoddi4.o)
                0x0000000008000cc0                __udivmoddi4
 .text          0x0000000008000f9c        0x4 /opt/Atollic_TrueSTUDIO_for_STM32_x86_64_9.3.0/ARMTools/bin/../lib/gcc/arm-atollic-eabi/6.3.1/armv7e-m/fpu/libgcc.a(_dvmd_tls.o)
                0x0000000008000f9c                __aeabi_ldiv0
                0x0000000008000f9c                __aeabi_idiv0
 *(.text*)
 .text.HAL_InitTick
                0x0000000008000fa0       0x48 Drivers/STM32F3xx_HAL_Driver/Src/stm32f3xx_hal.o
                0x0000000008000fa0                HAL_InitTick
 .text.HAL_Init
                0x0000000008000fe8       0x24 Drivers/STM32F3xx_HAL_Driver/Src/stm32f3xx_hal.o
                0x0000000008000fe8                HAL_Init
 .text.HAL_IncTick
                0x000000000800100c       0x18 Drivers/STM32F3xx_HAL_Driver/Src/stm32f3xx_hal.o
                0x000000000800100c                HAL_IncTick
 .text.HAL_GetTick
                0x0000000008001024        0xc Drivers/STM32F3xx_HAL_Driver/Src/stm32f3xx_hal.o
                0x0000000008001024                HAL_GetTick
 .text.HAL_Delay
                0x0000000008001030       0x28 Drivers/STM32F3xx_HAL_Driver/Src/stm32f3xx_hal.o
                0x0000000008001030                HAL_Delay
 .text.HAL_CAN_Init
                0x0000000008001058       0xf6 Drivers/STM32F3xx_HAL_Driver/Src/stm32f3xx_hal_can.o
                0x0000000008001058                HAL_CAN_Init
 .text.HAL_CAN_ConfigFilter
                0x000000000800114e       0xd8 Drivers/STM32F3xx_HAL_Driver/Src/stm32f3xx_hal_can.o
                0x000000000800114e                HAL_CAN_ConfigFilter
 .text.HAL_CAN_Start
                0x0000000008001226       0x56 Drivers/STM32F3xx_HAL_Driver/Src/stm32f3xx_hal_can.o
                0x0000000008001226                HAL_CAN_Start
 .text.HAL_CAN_AddTxMessage
                0x000000000800127c       0x9a Drivers/STM32F3xx_HAL_Driver/Src/stm32f3xx_hal_can.o
                0x000000000800127c                HAL_CAN_AddTxMessage
 .text.HAL_CAN_GetTxMailboxesFreeLevel
                0x0000000008001316       0x28 Drivers/STM32F3xx_HAL_Driver/Src/stm32f3xx_hal_can.o
                0x0000000008001316                HAL_CAN_GetTxMailboxesFreeLevel
 .text.HAL_CAN_GetRxMessage
                0x000000000800133e       0xec Drivers/STM32F3xx_HAL_Driver/Src/stm32f3xx_hal_can.o
                0x000000000800133e                HAL_CAN_GetRxMessage
 .text.HAL_CAN_ActivateNotification
                0x000000000800142a       0x22 Drivers/STM32F3xx_HAL_Driver/Src/stm32f3xx_hal_can.o
                0x000000000800142a                HAL_CAN_ActivateNotification
 .text.HAL_CAN_TxMailbox0CompleteCallback
                0x000000000800144c        0x2 Drivers/STM32F3xx_HAL_Driver/Src/stm32f3xx_hal_can.o
                0x000000000800144c                HAL_CAN_TxMailbox0CompleteCallback
 .text.HAL_CAN_TxMailbox1CompleteCallback
                0x000000000800144e        0x2 Drivers/STM32F3xx_HAL_Driver/Src/stm32f3xx_hal_can.o
                0x000000000800144e                HAL_CAN_TxMailbox1CompleteCallback
 .text.HAL_CAN_TxMailbox2CompleteCallback
                0x0000000008001450        0x2 Drivers/STM32F3xx_HAL_Driver/Src/stm32f3xx_hal_can.o
                0x0000000008001450                HAL_CAN_TxMailbox2CompleteCallback
 .text.HAL_CAN_TxMailbox0AbortCallback
                0x0000000008001452        0x2 Drivers/STM32F3xx_HAL_Driver/Src/stm32f3xx_hal_can.o
                0x0000000008001452                HAL_CAN_TxMailbox0AbortCallback
 .text.HAL_CAN_TxMailbox1AbortCallback
                0x0000000008001454        0x2 Drivers/STM32F3xx_HAL_Driver/Src/stm32f3xx_hal_can.o
                0x0000000008001454                HAL_CAN_TxMailbox1AbortCallback
 .text.HAL_CAN_TxMailbox2AbortCallback
                0x0000000008001456        0x2 Drivers/STM32F3xx_HAL_Driver/Src/stm32f3xx_hal_can.o
                0x0000000008001456                HAL_CAN_TxMailbox2AbortCallback
 .text.HAL_CAN_RxFifo0FullCallback
                0x0000000008001458        0x2 Drivers/STM32F3xx_HAL_Driver/Src/stm32f3xx_hal_can.o
                0x0000000008001458                HAL_CAN_RxFifo0FullCallback
 .text.HAL_CAN_RxFifo1MsgPendingCallback
                0x000000000800145a        0x2 Drivers/STM32F3xx_HAL_Driver/Src/stm32f3xx_hal_can.o
                0x000000000800145a                HAL_CAN_RxFifo1MsgPendingCallback
 .text.HAL_CAN_RxFifo1FullCallback
                0x000000000800145c        0x2 Drivers/STM32F3xx_HAL_Driver/Src/stm32f3xx_hal_can.o
                0x000000000800145c                HAL_CAN_RxFifo1FullCallback
 .text.HAL_CAN_SleepCallback
                0x000000000800145e        0x2 Drivers/STM32F3xx_HAL_Driver/Src/stm32f3xx_hal_can.o
                0x000000000800145e                HAL_CAN_SleepCallback
 .text.HAL_CAN_WakeUpFromRxMsgCallback
                0x0000000008001460        0x2 Drivers/STM32F3xx_HAL_Driver/Src/stm32f3xx_hal_can.o
                0x0000000008001460                HAL_CAN_WakeUpFromRxMsgCallback
 .text.HAL_CAN_ErrorCallback
                0x0000000008001462        0x2 Drivers/STM32F3xx_HAL_Driver/Src/stm32f3xx_hal_can.o
                0x0000000008001462                HAL_CAN_ErrorCallback
 .text.HAL_CAN_IRQHandler
                0x0000000008001464      0x1fc Drivers/STM32F3xx_HAL_Driver/Src/stm32f3xx_hal_can.o
                0x0000000008001464                HAL_CAN_IRQHandler
 .text.HAL_NVIC_SetPriorityGrouping
                0x0000000008001660       0x24 Drivers/STM32F3xx_HAL_Driver/Src/stm32f3xx_hal_cortex.o
                0x0000000008001660                HAL_NVIC_SetPriorityGrouping
 .text.HAL_NVIC_SetPriority
                0x0000000008001684       0x68 Drivers/STM32F3xx_HAL_Driver/Src/stm32f3xx_hal_cortex.o
                0x0000000008001684                HAL_NVIC_SetPriority
 .text.HAL_NVIC_EnableIRQ
                0x00000000080016ec       0x1c Drivers/STM32F3xx_HAL_Driver/Src/stm32f3xx_hal_cortex.o
                0x00000000080016ec                HAL_NVIC_EnableIRQ
 .text.HAL_SYSTICK_Config
                0x0000000008001708       0x2c Drivers/STM32F3xx_HAL_Driver/Src/stm32f3xx_hal_cortex.o
                0x0000000008001708                HAL_SYSTICK_Config
 .text.HAL_DAC_Init
                0x0000000008001734       0x26 Drivers/STM32F3xx_HAL_Driver/Src/stm32f3xx_hal_dac.o
                0x0000000008001734                HAL_DAC_Init
 .text.HAL_DAC_DMAUnderrunCallbackCh1
                0x000000000800175a        0x2 Drivers/STM32F3xx_HAL_Driver/Src/stm32f3xx_hal_dac.o
                0x000000000800175a                HAL_DAC_DMAUnderrunCallbackCh1
 .text.HAL_DAC_SetValue
                0x000000000800175c       0x24 Drivers/STM32F3xx_HAL_Driver/Src/stm32f3xx_hal_dac_ex.o
                0x000000000800175c                HAL_DAC_SetValue
 .text.HAL_DAC_Start
                0x0000000008001780       0x4e Drivers/STM32F3xx_HAL_Driver/Src/stm32f3xx_hal_dac_ex.o
                0x0000000008001780                HAL_DAC_Start
 .text.HAL_DAC_ConfigChannel
                0x00000000080017ce       0x40 Drivers/STM32F3xx_HAL_Driver/Src/stm32f3xx_hal_dac_ex.o
                0x00000000080017ce                HAL_DAC_ConfigChannel
 .text.HAL_DACEx_DMAUnderrunCallbackCh2
                0x000000000800180e        0x2 Drivers/STM32F3xx_HAL_Driver/Src/stm32f3xx_hal_dac_ex.o
                0x000000000800180e                HAL_DACEx_DMAUnderrunCallbackCh2
 .text.HAL_DAC_IRQHandler
                0x0000000008001810       0x60 Drivers/STM32F3xx_HAL_Driver/Src/stm32f3xx_hal_dac_ex.o
                0x0000000008001810                HAL_DAC_IRQHandler
 .text.HAL_DMA_Abort_IT
                0x0000000008001870       0x48 Drivers/STM32F3xx_HAL_Driver/Src/stm32f3xx_hal_dma.o
                0x0000000008001870                HAL_DMA_Abort_IT
 .text.HAL_GPIO_Init
                0x00000000080018b8      0x1a0 Drivers/STM32F3xx_HAL_Driver/Src/stm32f3xx_hal_gpio.o
                0x00000000080018b8                HAL_GPIO_Init
 .text.HAL_GPIO_ReadPin
                0x0000000008001a58        0xc Drivers/STM32F3xx_HAL_Driver/Src/stm32f3xx_hal_gpio.o
                0x0000000008001a58                HAL_GPIO_ReadPin
 .text.HAL_GPIO_WritePin
                0x0000000008001a64        0xa Drivers/STM32F3xx_HAL_Driver/Src/stm32f3xx_hal_gpio.o
                0x0000000008001a64                HAL_GPIO_WritePin
 .text.HAL_GPIO_TogglePin
                0x0000000008001a6e        0xc Drivers/STM32F3xx_HAL_Driver/Src/stm32f3xx_hal_gpio.o
                0x0000000008001a6e                HAL_GPIO_TogglePin
 *fill*         0x0000000008001a7a        0x2 
 .text.HAL_GPIO_EXTI_IRQHandler
                0x0000000008001a7c       0x18 Drivers/STM32F3xx_HAL_Driver/Src/stm32f3xx_hal_gpio.o
                0x0000000008001a7c                HAL_GPIO_EXTI_IRQHandler
 .text.I2C_Flush_TXDR
                0x0000000008001a94       0x1c Drivers/STM32F3xx_HAL_Driver/Src/stm32f3xx_hal_i2c.o
 .text.I2C_TransferConfig
                0x0000000008001ab0       0x34 Drivers/STM32F3xx_HAL_Driver/Src/stm32f3xx_hal_i2c.o
 .text.I2C_WaitOnFlagUntilTimeout
                0x0000000008001ae4       0x56 Drivers/STM32F3xx_HAL_Driver/Src/stm32f3xx_hal_i2c.o
 .text.I2C_IsAcknowledgeFailed
                0x0000000008001b3a       0x7a Drivers/STM32F3xx_HAL_Driver/Src/stm32f3xx_hal_i2c.o
 .text.I2C_WaitOnTXISFlagUntilTimeout
                0x0000000008001bb4       0x4e Drivers/STM32F3xx_HAL_Driver/Src/stm32f3xx_hal_i2c.o
 *fill*         0x0000000008001c02        0x2 
 .text.I2C_RequestMemoryWrite
                0x0000000008001c04       0x64 Drivers/STM32F3xx_HAL_Driver/Src/stm32f3xx_hal_i2c.o
 .text.I2C_RequestMemoryRead
                0x0000000008001c68       0x64 Drivers/STM32F3xx_HAL_Driver/Src/stm32f3xx_hal_i2c.o
 .text.I2C_WaitOnSTOPFlagUntilTimeout
                0x0000000008001ccc       0x4a Drivers/STM32F3xx_HAL_Driver/Src/stm32f3xx_hal_i2c.o
 .text.HAL_I2C_Init
                0x0000000008001d16       0xa2 Drivers/STM32F3xx_HAL_Driver/Src/stm32f3xx_hal_i2c.o
                0x0000000008001d16                HAL_I2C_Init
 .text.HAL_I2C_Mem_Write
                0x0000000008001db8      0x16e Drivers/STM32F3xx_HAL_Driver/Src/stm32f3xx_hal_i2c.o
                0x0000000008001db8                HAL_I2C_Mem_Write
 *fill*         0x0000000008001f26        0x2 
 .text.HAL_I2C_Mem_Read
                0x0000000008001f28      0x17c Drivers/STM32F3xx_HAL_Driver/Src/stm32f3xx_hal_i2c.o
                0x0000000008001f28                HAL_I2C_Mem_Read
 .text.HAL_I2CEx_ConfigAnalogFilter
                0x00000000080020a4       0x4c Drivers/STM32F3xx_HAL_Driver/Src/stm32f3xx_hal_i2c_ex.o
                0x00000000080020a4                HAL_I2CEx_ConfigAnalogFilter
 .text.HAL_I2CEx_ConfigDigitalFilter
                0x00000000080020f0       0x4a Drivers/STM32F3xx_HAL_Driver/Src/stm32f3xx_hal_i2c_ex.o
                0x00000000080020f0                HAL_I2CEx_ConfigDigitalFilter
 *fill*         0x000000000800213a        0x2 
 .text.HAL_RCC_OscConfig
                0x000000000800213c      0x538 Drivers/STM32F3xx_HAL_Driver/Src/stm32f3xx_hal_rcc.o
                0x000000000800213c                HAL_RCC_OscConfig
 .text.HAL_RCC_GetSysClockFreq
                0x0000000008002674       0x58 Drivers/STM32F3xx_HAL_Driver/Src/stm32f3xx_hal_rcc.o
                0x0000000008002674                HAL_RCC_GetSysClockFreq
 .text.HAL_RCC_ClockConfig
                0x00000000080026cc      0x15c Drivers/STM32F3xx_HAL_Driver/Src/stm32f3xx_hal_rcc.o
                0x00000000080026cc                HAL_RCC_ClockConfig
 .text.HAL_RCC_GetPCLK1Freq
                0x0000000008002828       0x30 Drivers/STM32F3xx_HAL_Driver/Src/stm32f3xx_hal_rcc.o
                0x0000000008002828                HAL_RCC_GetPCLK1Freq
 .text.HAL_RCC_GetPCLK2Freq
                0x0000000008002858       0x30 Drivers/STM32F3xx_HAL_Driver/Src/stm32f3xx_hal_rcc.o
                0x0000000008002858                HAL_RCC_GetPCLK2Freq
 .text.HAL_RCCEx_PeriphCLKConfig
                0x0000000008002888      0x288 Drivers/STM32F3xx_HAL_Driver/Src/stm32f3xx_hal_rcc_ex.o
                0x0000000008002888                HAL_RCCEx_PeriphCLKConfig
 .text.HAL_TIM_Base_Start_IT
                0x0000000008002b10       0x2c Drivers/STM32F3xx_HAL_Driver/Src/stm32f3xx_hal_tim.o
                0x0000000008002b10                HAL_TIM_Base_Start_IT
 .text.HAL_TIM_Base_Stop_IT
                0x0000000008002b3c       0x2a Drivers/STM32F3xx_HAL_Driver/Src/stm32f3xx_hal_tim.o
                0x0000000008002b3c                HAL_TIM_Base_Stop_IT
 .text.HAL_TIM_OC_DelayElapsedCallback
                0x0000000008002b66        0x2 Drivers/STM32F3xx_HAL_Driver/Src/stm32f3xx_hal_tim.o
                0x0000000008002b66                HAL_TIM_OC_DelayElapsedCallback
 .text.HAL_TIM_IC_CaptureCallback
                0x0000000008002b68        0x2 Drivers/STM32F3xx_HAL_Driver/Src/stm32f3xx_hal_tim.o
                0x0000000008002b68                HAL_TIM_IC_CaptureCallback
 .text.HAL_TIM_PWM_PulseFinishedCallback
                0x0000000008002b6a        0x2 Drivers/STM32F3xx_HAL_Driver/Src/stm32f3xx_hal_tim.o
                0x0000000008002b6a                HAL_TIM_PWM_PulseFinishedCallback
 .text.HAL_TIM_TriggerCallback
                0x0000000008002b6c        0x2 Drivers/STM32F3xx_HAL_Driver/Src/stm32f3xx_hal_tim.o
                0x0000000008002b6c                HAL_TIM_TriggerCallback
 .text.HAL_TIM_IRQHandler
                0x0000000008002b6e      0x160 Drivers/STM32F3xx_HAL_Driver/Src/stm32f3xx_hal_tim.o
                0x0000000008002b6e                HAL_TIM_IRQHandler
 *fill*         0x0000000008002cce        0x2 
 .text.TIM_Base_SetConfig
                0x0000000008002cd0       0xd4 Drivers/STM32F3xx_HAL_Driver/Src/stm32f3xx_hal_tim.o
                0x0000000008002cd0                TIM_Base_SetConfig
 .text.HAL_TIM_Base_Init
                0x0000000008002da4       0x34 Drivers/STM32F3xx_HAL_Driver/Src/stm32f3xx_hal_tim.o
                0x0000000008002da4                HAL_TIM_Base_Init
 .text.HAL_TIMEx_MasterConfigSynchronization
                0x0000000008002dd8       0x98 Drivers/STM32F3xx_HAL_Driver/Src/stm32f3xx_hal_tim_ex.o
                0x0000000008002dd8                HAL_TIMEx_MasterConfigSynchronization
 .text.HAL_TIMEx_CommutCallback
                0x0000000008002e70        0x2 Drivers/STM32F3xx_HAL_Driver/Src/stm32f3xx_hal_tim_ex.o
                0x0000000008002e70                HAL_TIMEx_CommutCallback
 .text.HAL_TIMEx_BreakCallback
                0x0000000008002e72        0x2 Drivers/STM32F3xx_HAL_Driver/Src/stm32f3xx_hal_tim_ex.o
                0x0000000008002e72                HAL_TIMEx_BreakCallback
 .text.HAL_TIMEx_Break2Callback
                0x0000000008002e74        0x2 Drivers/STM32F3xx_HAL_Driver/Src/stm32f3xx_hal_tim_ex.o
                0x0000000008002e74                HAL_TIMEx_Break2Callback
 .text.UART_EndRxTransfer
                0x0000000008002e76       0x1c Drivers/STM32F3xx_HAL_Driver/Src/stm32f3xx_hal_uart.o
 .text.HAL_UART_TxCpltCallback
                0x0000000008002e92        0x2 Drivers/STM32F3xx_HAL_Driver/Src/stm32f3xx_hal_uart.o
                0x0000000008002e92                HAL_UART_TxCpltCallback
 .text.HAL_UART_ErrorCallback
                0x0000000008002e94        0x2 Drivers/STM32F3xx_HAL_Driver/Src/stm32f3xx_hal_uart.o
                0x0000000008002e94                HAL_UART_ErrorCallback
 *fill*         0x0000000008002e96        0x2 
 .text.HAL_UART_IRQHandler
                0x0000000008002e98      0x148 Drivers/STM32F3xx_HAL_Driver/Src/stm32f3xx_hal_uart.o
                0x0000000008002e98                HAL_UART_IRQHandler
 .text.UART_DMAAbortOnError
                0x0000000008002fe0       0x14 Drivers/STM32F3xx_HAL_Driver/Src/stm32f3xx_hal_uart.o
 .text.UART_SetConfig
                0x0000000008002ff4      0x220 Drivers/STM32F3xx_HAL_Driver/Src/stm32f3xx_hal_uart.o
                0x0000000008002ff4                UART_SetConfig
 .text.UART_AdvFeatureConfig
                0x0000000008003214       0xa8 Drivers/STM32F3xx_HAL_Driver/Src/stm32f3xx_hal_uart.o
                0x0000000008003214                UART_AdvFeatureConfig
 .text.UART_WaitOnFlagUntilTimeout
                0x00000000080032bc       0x86 Drivers/STM32F3xx_HAL_Driver/Src/stm32f3xx_hal_uart.o
                0x00000000080032bc                UART_WaitOnFlagUntilTimeout
 .text.HAL_UART_Transmit
                0x0000000008003342       0xae Drivers/STM32F3xx_HAL_Driver/Src/stm32f3xx_hal_uart.o
                0x0000000008003342                HAL_UART_Transmit
 .text.UART_CheckIdleState
                0x00000000080033f0       0x60 Drivers/STM32F3xx_HAL_Driver/Src/stm32f3xx_hal_uart.o
                0x00000000080033f0                UART_CheckIdleState
 .text.HAL_UART_Init
                0x0000000008003450       0x5c Drivers/STM32F3xx_HAL_Driver/Src/stm32f3xx_hal_uart.o
                0x0000000008003450                HAL_UART_Init
 .text.HAL_UARTEx_WakeupCallback
                0x00000000080034ac        0x2 Drivers/STM32F3xx_HAL_Driver/Src/stm32f3xx_hal_uart_ex.o
                0x00000000080034ac                HAL_UARTEx_WakeupCallback
 .text.eMBFuncReadCoils
                0x00000000080034ae       0x6c Middleware/Modbus/functions/mbfunccoils.o
                0x00000000080034ae                eMBFuncReadCoils
 .text.eMBFuncWriteCoil
                0x000000000800351a       0x4a Middleware/Modbus/functions/mbfunccoils.o
                0x000000000800351a                eMBFuncWriteCoil
 .text.eMBFuncWriteMultipleCoils
                0x0000000008003564       0x58 Middleware/Modbus/functions/mbfunccoils.o
                0x0000000008003564                eMBFuncWriteMultipleCoils
 .text.eMBFuncReadDiscreteInputs
                0x00000000080035bc       0x6a Middleware/Modbus/functions/mbfuncdisc.o
                0x00000000080035bc                eMBFuncReadDiscreteInputs
 .text.eMBFuncWriteHoldingRegister
                0x0000000008003626       0x2e Middleware/Modbus/functions/mbfuncholding.o
                0x0000000008003626                eMBFuncWriteHoldingRegister
 .text.eMBFuncWriteMultipleHoldingRegister
                0x0000000008003654       0x4a Middleware/Modbus/functions/mbfuncholding.o
                0x0000000008003654                eMBFuncWriteMultipleHoldingRegister
 .text.eMBFuncReadHoldingRegister
                0x000000000800369e       0x58 Middleware/Modbus/functions/mbfuncholding.o
                0x000000000800369e                eMBFuncReadHoldingRegister
 .text.eMBFuncReadWriteMultipleHoldingRegister
                0x00000000080036f6       0x9c Middleware/Modbus/functions/mbfuncholding.o
                0x00000000080036f6                eMBFuncReadWriteMultipleHoldingRegister
 .text.eMBFuncReadInputRegister
                0x0000000008003792       0x58 Middleware/Modbus/functions/mbfuncinput.o
                0x0000000008003792                eMBFuncReadInputRegister
 *fill*         0x00000000080037ea        0x2 
 .text.eMBFuncReportSlaveID
                0x00000000080037ec       0x24 Middleware/Modbus/functions/mbfuncother.o
                0x00000000080037ec                eMBFuncReportSlaveID
 .text.prveMBError2Exception
                0x0000000008003810       0x10 Middleware/Modbus/functions/mbutils.o
                0x0000000008003810                prveMBError2Exception
 .text.eMBInit  0x0000000008003820       0xb0 Middleware/Modbus/mb.o
                0x0000000008003820                eMBInit
 .text.eMBEnable
                0x00000000080038d0       0x24 Middleware/Modbus/mb.o
                0x00000000080038d0                eMBEnable
 .text.eMBPoll  0x00000000080038f4       0xec Middleware/Modbus/mb.o
                0x00000000080038f4                eMBPoll
 .text.xMBPortEventInit
                0x00000000080039e0       0x10 Middleware/Modbus/port/portevent.o
                0x00000000080039e0                xMBPortEventInit
 .text.xMBPortEventPost
                0x00000000080039f0       0x18 Middleware/Modbus/port/portevent.o
                0x00000000080039f0                xMBPortEventPost
 .text.xMBPortEventGet
                0x0000000008003a08       0x20 Middleware/Modbus/port/portevent.o
                0x0000000008003a08                xMBPortEventGet
 .text.vMBPortSerialEnable
                0x0000000008003a28       0x30 Middleware/Modbus/port/portserial.o
                0x0000000008003a28                vMBPortSerialEnable
 .text.xMBPortSerialInit
                0x0000000008003a58        0x4 Middleware/Modbus/port/portserial.o
                0x0000000008003a58                xMBPortSerialInit
 .text.xMBPortSerialPutByte
                0x0000000008003a5c       0x24 Middleware/Modbus/port/portserial.o
                0x0000000008003a5c                xMBPortSerialPutByte
 .text.xMBPortSerialGetByte
                0x0000000008003a80       0x10 Middleware/Modbus/port/portserial.o
                0x0000000008003a80                xMBPortSerialGetByte
 .text.xMBPortTimersInit
                0x0000000008003a90       0x58 Middleware/Modbus/port/porttimer.o
                0x0000000008003a90                xMBPortTimersInit
 .text.vMBPortTimersEnable
                0x0000000008003ae8       0x1c Middleware/Modbus/port/porttimer.o
                0x0000000008003ae8                vMBPortTimersEnable
 .text.vMBPortTimersDisable
                0x0000000008003b04        0xc Middleware/Modbus/port/porttimer.o
                0x0000000008003b04                vMBPortTimersDisable
 .text.usMBCRC16
                0x0000000008003b10       0x2c Middleware/Modbus/rtu/mbcrc.o
                0x0000000008003b10                usMBCRC16
 .text.eMBRTUInit
                0x0000000008003b3c       0x38 Middleware/Modbus/rtu/mbrtu.o
                0x0000000008003b3c                eMBRTUInit
 .text.eMBRTUStart
                0x0000000008003b74       0x1c Middleware/Modbus/rtu/mbrtu.o
                0x0000000008003b74                eMBRTUStart
 .text.eMBRTUStop
                0x0000000008003b90       0x12 Middleware/Modbus/rtu/mbrtu.o
                0x0000000008003b90                eMBRTUStop
 *fill*         0x0000000008003ba2        0x2 
 .text.eMBRTUReceive
                0x0000000008003ba4       0x68 Middleware/Modbus/rtu/mbrtu.o
                0x0000000008003ba4                eMBRTUReceive
 .text.eMBRTUSend
                0x0000000008003c0c       0x78 Middleware/Modbus/rtu/mbrtu.o
                0x0000000008003c0c                eMBRTUSend
 .text.xMBRTUReceiveFSM
                0x0000000008003c84       0x94 Middleware/Modbus/rtu/mbrtu.o
                0x0000000008003c84                xMBRTUReceiveFSM
 .text.xMBRTUTransmitFSM
                0x0000000008003d18       0x88 Middleware/Modbus/rtu/mbrtu.o
                0x0000000008003d18                xMBRTUTransmitFSM
 .text.xMBRTUTimerT35Expired
                0x0000000008003da0       0x64 Middleware/Modbus/rtu/mbrtu.o
                0x0000000008003da0                xMBRTUTimerT35Expired
 .text.osKernelStart
                0x0000000008003e04        0xa Middlewares/Third_Party/FreeRTOS/Source/CMSIS_RTOS/cmsis_os.o
                0x0000000008003e04                osKernelStart
 .text.osThreadCreate
                0x0000000008003e0e       0x2a Middlewares/Third_Party/FreeRTOS/Source/CMSIS_RTOS/cmsis_os.o
                0x0000000008003e0e                osThreadCreate
 .text.vListInitialise
                0x0000000008003e38       0x16 Middlewares/Third_Party/FreeRTOS/Source/list.o
                0x0000000008003e38                vListInitialise
 .text.vListInitialiseItem
                0x0000000008003e4e        0x6 Middlewares/Third_Party/FreeRTOS/Source/list.o
                0x0000000008003e4e                vListInitialiseItem
 .text.vListInsertEnd
                0x0000000008003e54       0x18 Middlewares/Third_Party/FreeRTOS/Source/list.o
                0x0000000008003e54                vListInsertEnd
 .text.uxListRemove
                0x0000000008003e6c       0x22 Middlewares/Third_Party/FreeRTOS/Source/list.o
                0x0000000008003e6c                uxListRemove
 *fill*         0x0000000008003e8e        0x2 
 .text.prvTaskExitError
                0x0000000008003e90       0x40 Middlewares/Third_Party/FreeRTOS/Source/portable/GCC/ARM_CM4F/port.o
 .text.unlikely.prvPortStartFirstTask
                0x0000000008003ed0       0x28 Middlewares/Third_Party/FreeRTOS/Source/portable/GCC/ARM_CM4F/port.o
 .text.unlikely.vPortEnableVFP
                0x0000000008003ef8       0x14 Middlewares/Third_Party/FreeRTOS/Source/portable/GCC/ARM_CM4F/port.o
 .text.pxPortInitialiseStack
                0x0000000008003f0c       0x2c Middlewares/Third_Party/FreeRTOS/Source/portable/GCC/ARM_CM4F/port.o
                0x0000000008003f0c                pxPortInitialiseStack
 *fill*         0x0000000008003f38        0x8 
 .text.SVC_Handler
                0x0000000008003f40       0x24 Middlewares/Third_Party/FreeRTOS/Source/portable/GCC/ARM_CM4F/port.o
                0x0000000008003f40                SVC_Handler
 .text.vPortEnterCritical
                0x0000000008003f64       0x44 Middlewares/Third_Party/FreeRTOS/Source/portable/GCC/ARM_CM4F/port.o
                0x0000000008003f64                vPortEnterCritical
 .text.vPortExitCritical
                0x0000000008003fa8       0x28 Middlewares/Third_Party/FreeRTOS/Source/portable/GCC/ARM_CM4F/port.o
                0x0000000008003fa8                vPortExitCritical
 .text.PendSV_Handler
                0x0000000008003fd0       0x64 Middlewares/Third_Party/FreeRTOS/Source/portable/GCC/ARM_CM4F/port.o
                0x0000000008003fd0                PendSV_Handler
 .text.xPortSysTickHandler
                0x0000000008004034       0x2c Middlewares/Third_Party/FreeRTOS/Source/portable/GCC/ARM_CM4F/port.o
                0x0000000008004034                xPortSysTickHandler
 .text.vPortSetupTimerInterrupt
                0x0000000008004060       0x34 Middlewares/Third_Party/FreeRTOS/Source/portable/GCC/ARM_CM4F/port.o
                0x0000000008004060                vPortSetupTimerInterrupt
 .text.xPortStartScheduler
                0x0000000008004094      0x10c Middlewares/Third_Party/FreeRTOS/Source/portable/GCC/ARM_CM4F/port.o
                0x0000000008004094                xPortStartScheduler
 .text.prvIdleTask
                0x00000000080041a0       0x5c Middlewares/Third_Party/FreeRTOS/Source/tasks.o
 .text.prvResetNextTaskUnblockTime
                0x00000000080041fc       0x24 Middlewares/Third_Party/FreeRTOS/Source/tasks.o
 .text.xTaskCreateStatic
                0x0000000008004220      0x1c0 Middlewares/Third_Party/FreeRTOS/Source/tasks.o
                0x0000000008004220                xTaskCreateStatic
 .text.vTaskStartScheduler
                0x00000000080043e0       0x7c Middlewares/Third_Party/FreeRTOS/Source/tasks.o
                0x00000000080043e0                vTaskStartScheduler
 .text.xTaskIncrementTick
                0x000000000800445c       0xd8 Middlewares/Third_Party/FreeRTOS/Source/tasks.o
                0x000000000800445c                xTaskIncrementTick
 .text.vTaskSwitchContext
                0x0000000008004534       0x80 Middlewares/Third_Party/FreeRTOS/Source/tasks.o
                0x0000000008004534                vTaskSwitchContext
 .text.xTaskGetSchedulerState
                0x00000000080045b4       0x20 Middlewares/Third_Party/FreeRTOS/Source/tasks.o
                0x00000000080045b4                xTaskGetSchedulerState
 .text.LTC2990_ConfigureControlReg
                0x00000000080045d4       0x24 Src/adc.o
                0x00000000080045d4                LTC2990_ConfigureControlReg
 .text.LTC2990_Trigger
                0x00000000080045f8       0x24 Src/adc.o
                0x00000000080045f8                LTC2990_Trigger
 .text.LTC2990_WaitForConversion
                0x000000000800461c       0x52 Src/adc.o
                0x000000000800461c                LTC2990_WaitForConversion
 *fill*         0x000000000800466e        0x2 
 .text.LTC2990_ReadVcc
                0x0000000008004670       0x94 Src/adc.o
                0x0000000008004670                LTC2990_ReadVcc
 *fill*         0x0000000008004704        0x4 
 .text.LTC2990_ReadV2
                0x0000000008004708       0x90 Src/adc.o
                0x0000000008004708                LTC2990_ReadV2
 .text.LTC2990_ReadV1
                0x0000000008004798       0x90 Src/adc.o
                0x0000000008004798                LTC2990_ReadV1
 .text.LTC2990_ReadCurrent
                0x0000000008004828       0x3c Src/adc.o
                0x0000000008004828                LTC2990_ReadCurrent
 .text.LTC2990_ReadVoltage
                0x0000000008004864       0x24 Src/adc.o
                0x0000000008004864                LTC2990_ReadVoltage
 .text.bms_task_init
                0x0000000008004888       0x2c Src/bms.o
                0x0000000008004888                bms_task_init
 .text.InitBMS  0x00000000080048b4       0x3c Src/bms.o
                0x00000000080048b4                InitBMS
 .text.getLatestADCValues
                0x00000000080048f0       0x5c Src/bms.o
                0x00000000080048f0                getLatestADCValues
 .text.updateOLED
                0x000000000800494c      0x1b0 Src/bms.o
                0x000000000800494c                updateOLED
 .text.calcSOC  0x0000000008004afc       0x54 Src/bms.o
                0x0000000008004afc                calcSOC
 .text.bms_task
                0x0000000008004b50       0x70 Src/bms.o
                0x0000000008004b50                bms_task
 .text.HAL_GPIO_EXTI_Callback
                0x0000000008004bc0       0x18 Src/bms.o
                0x0000000008004bc0                HAL_GPIO_EXTI_Callback
 .text.Discharging_Set
                0x0000000008004bd8       0x5c Src/bms.o
                0x0000000008004bd8                Discharging_Set
 .text.Charging_Enable
                0x0000000008004c34       0x18 Src/bms.o
                0x0000000008004c34                Charging_Enable
 .text.Change_State
                0x0000000008004c4c       0x44 Src/bms.o
                0x0000000008004c4c                Change_State
 .text.HAL_TIM_PeriodElapsedCallback
                0x0000000008004c90      0x114 Src/bms.o
                0x0000000008004c90                HAL_TIM_PeriodElapsedCallback
 .text.can_task
                0x0000000008004da4       0x78 Src/can.o
                0x0000000008004da4                can_task
 .text.InitCAN  0x0000000008004e1c       0x6c Src/can.o
                0x0000000008004e1c                InitCAN
 .text.can_task_init
                0x0000000008004e88       0x2c Src/can.o
                0x0000000008004e88                can_task_init
 .text.HAL_CAN_RxFifo0MsgPendingCallback
                0x0000000008004eb4       0x38 Src/can.o
                0x0000000008004eb4                HAL_CAN_RxFifo0MsgPendingCallback
 .text.performDischargeStep
                0x0000000008004eec       0x78 Src/energy.o
                0x0000000008004eec                performDischargeStep
 .text.setupEnergyAvailableDischarge
                0x0000000008004f64       0x10 Src/energy.o
                0x0000000008004f64                setupEnergyAvailableDischarge
 .text.calculateEnergyAvailableDischarge
                0x0000000008004f74       0x18 Src/energy.o
                0x0000000008004f74                calculateEnergyAvailableDischarge
 .text.getEnergyAvaialbelDischarge
                0x0000000008004f8c        0xc Src/energy.o
                0x0000000008004f8c                getEnergyAvaialbelDischarge
 .text.vApplicationGetIdleTaskMemory
                0x0000000008004f98       0x18 Src/freertos.o
                0x0000000008004f98                vApplicationGetIdleTaskMemory
 .text.SystemClock_Config
                0x0000000008004fb0       0x7c Src/main.o
                0x0000000008004fb0                SystemClock_Config
 .text.startup.main
                0x000000000800502c      0x2a0 Src/main.o
                0x000000000800502c                main
 .text.Error_Handler
                0x00000000080052cc        0x2 Src/main.o
                0x00000000080052cc                Error_Handler
 *fill*         0x00000000080052ce        0x2 
 .text.enable_modbusrtu
                0x00000000080052d0       0x30 Src/modbus_helper.o
                0x00000000080052d0                enable_modbusrtu
 .text.updateModbusInputRegisters
                0x0000000008005300       0x84 Src/modbus_helper.o
                0x0000000008005300                updateModbusInputRegisters
 .text.modbus_task
                0x0000000008005384       0x20 Src/modbus_helper.o
                0x0000000008005384                modbus_task
 .text.modbus_task_init
                0x00000000080053a4       0x2c Src/modbus_helper.o
                0x00000000080053a4                modbus_task_init
 .text.eMBRegInputCB
                0x00000000080053d0       0x40 Src/modbus_helper.o
                0x00000000080053d0                eMBRegInputCB
 .text.eMBRegHoldingCB
                0x0000000008005410       0x68 Src/modbus_helper.o
                0x0000000008005410                eMBRegHoldingCB
 .text.eMBRegCoilsCB
                0x0000000008005478        0x4 Src/modbus_helper.o
                0x0000000008005478                eMBRegCoilsCB
 .text.eMBRegDiscreteCB
                0x000000000800547c        0x4 Src/modbus_helper.o
                0x000000000800547c                eMBRegDiscreteCB
 .text.ssd1306_WriteCommand
                0x0000000008005480       0x28 Src/oled.o
                0x0000000008005480                ssd1306_WriteCommand
 .text.ssd1306_Fill
                0x00000000080054a8       0x1c Src/oled.o
                0x00000000080054a8                ssd1306_Fill
 .text.ssd1306_UpdateScreen
                0x00000000080054c4       0x4c Src/oled.o
                0x00000000080054c4                ssd1306_UpdateScreen
 .text.ssd1306_Init
                0x0000000008005510       0xcc Src/oled.o
                0x0000000008005510                ssd1306_Init
 .text.ssd1306_DrawPixel
                0x00000000080055dc       0x48 Src/oled.o
                0x00000000080055dc                ssd1306_DrawPixel
 .text.ssd1306_WriteChar
                0x0000000008005624       0x9c Src/oled.o
                0x0000000008005624                ssd1306_WriteChar
 .text.ssd1306_WriteString
                0x00000000080056c0       0x2a Src/oled.o
                0x00000000080056c0                ssd1306_WriteString
 *fill*         0x00000000080056ea        0x2 
 .text.ssd1306_SetCursor
                0x00000000080056ec        0xc Src/oled.o
                0x00000000080056ec                ssd1306_SetCursor
 .text.computePower
                0x00000000080056f8       0x48 Src/power.o
                0x00000000080056f8                computePower
 .text.calcdeltaAh
                0x0000000008005740       0x14 Src/soc.o
                0x0000000008005740                calcdeltaAh
 .text.socByOCV
                0x0000000008005754       0x14 Src/soc.o
                0x0000000008005754                socByOCV
 .text.lookupSOCByOCV
                0x0000000008005768       0x84 Src/sochelper.o
                0x0000000008005768                lookupSOCByOCV
 .text.HAL_MspInit
                0x00000000080057ec       0x40 Src/stm32f3xx_hal_msp.o
                0x00000000080057ec                HAL_MspInit
 .text.HAL_CAN_MspInit
                0x000000000800582c       0x74 Src/stm32f3xx_hal_msp.o
                0x000000000800582c                HAL_CAN_MspInit
 .text.HAL_DAC_MspInit
                0x00000000080058a0       0x6c Src/stm32f3xx_hal_msp.o
                0x00000000080058a0                HAL_DAC_MspInit
 .text.HAL_I2C_MspInit
                0x000000000800590c       0x68 Src/stm32f3xx_hal_msp.o
                0x000000000800590c                HAL_I2C_MspInit
 .text.HAL_TIM_Base_MspInit
                0x0000000008005974       0xc0 Src/stm32f3xx_hal_msp.o
                0x0000000008005974                HAL_TIM_Base_MspInit
 .text.HAL_UART_MspInit
                0x0000000008005a34       0xc4 Src/stm32f3xx_hal_msp.o
                0x0000000008005a34                HAL_UART_MspInit
 .text.NMI_Handler
                0x0000000008005af8        0x2 Src/stm32f3xx_it.o
                0x0000000008005af8                NMI_Handler
 .text.HardFault_Handler
                0x0000000008005afa       0x1a Src/stm32f3xx_it.o
                0x0000000008005afa                HardFault_Handler
 .text.MemManage_Handler
                0x0000000008005b14        0x2 Src/stm32f3xx_it.o
                0x0000000008005b14                MemManage_Handler
 .text.BusFault_Handler
                0x0000000008005b16        0x2 Src/stm32f3xx_it.o
                0x0000000008005b16                BusFault_Handler
 .text.UsageFault_Handler
                0x0000000008005b18        0x2 Src/stm32f3xx_it.o
                0x0000000008005b18                UsageFault_Handler
 .text.DebugMon_Handler
                0x0000000008005b1a        0x2 Src/stm32f3xx_it.o
                0x0000000008005b1a                DebugMon_Handler
 .text.SysTick_Handler
                0x0000000008005b1c       0x18 Src/stm32f3xx_it.o
                0x0000000008005b1c                SysTick_Handler
 .text.USB_LP_CAN_RX0_IRQHandler
                0x0000000008005b34        0xc Src/stm32f3xx_it.o
                0x0000000008005b34                USB_LP_CAN_RX0_IRQHandler
 .text.EXTI9_5_IRQHandler
                0x0000000008005b40       0x16 Src/stm32f3xx_it.o
                0x0000000008005b40                EXTI9_5_IRQHandler
 *fill*         0x0000000008005b56        0x2 
 .text.TIM1_UP_TIM16_IRQHandler
                0x0000000008005b58        0xc Src/stm32f3xx_it.o
                0x0000000008005b58                TIM1_UP_TIM16_IRQHandler
 .text.TIM1_TRG_COM_TIM17_IRQHandler
                0x0000000008005b64        0xc Src/stm32f3xx_it.o
                0x0000000008005b64                TIM1_TRG_COM_TIM17_IRQHandler
 .text.USART1_IRQHandler
                0x0000000008005b70       0x4c Src/stm32f3xx_it.o
                0x0000000008005b70                USART1_IRQHandler
 .text.TIM6_DAC_IRQHandler
                0x0000000008005bbc       0x1c Src/stm32f3xx_it.o
                0x0000000008005bbc                TIM6_DAC_IRQHandler
 .text.TIM7_IRQHandler
                0x0000000008005bd8       0x40 Src/stm32f3xx_it.o
                0x0000000008005bd8                TIM7_IRQHandler
 .text.prvGetRegistersFromStack
                0x0000000008005c18       0x24 Src/stm32f3xx_it.o
                0x0000000008005c18                prvGetRegistersFromStack
 .text._getpid  0x0000000008005c3c        0x4 Src/syscalls.o
                0x0000000008005c3c                _getpid
 .text._kill    0x0000000008005c40       0x10 Src/syscalls.o
                0x0000000008005c40                _kill
 .text._exit    0x0000000008005c50        0xc Src/syscalls.o
                0x0000000008005c50                _exit
 .text._read    0x0000000008005c5c       0x1c Src/syscalls.o
                0x0000000008005c5c                _read
 .text._write   0x0000000008005c78       0x1c Src/syscalls.o
                0x0000000008005c78                _write
 .text._sbrk    0x0000000008005c94       0x34 Src/syscalls.o
                0x0000000008005c94                _sbrk
 .text._close   0x0000000008005cc8        0x6 Src/syscalls.o
                0x0000000008005cc8                _close
 .text._fstat   0x0000000008005cce        0xa Src/syscalls.o
                0x0000000008005cce                _fstat
 .text._isatty  0x0000000008005cd8        0x4 Src/syscalls.o
                0x0000000008005cd8                _isatty
 .text._lseek   0x0000000008005cdc        0x4 Src/syscalls.o
                0x0000000008005cdc                _lseek
 .text.SystemInit
                0x0000000008005ce0       0x1c Src/system_stm32f3xx.o
                0x0000000008005ce0                SystemInit
 .text.Reset_Handler
                0x0000000008005cfc       0x50 startup/startup_stm32f303xe.o
                0x0000000008005cfc                Reset_Handler
 .text.Default_Handler
                0x0000000008005d4c        0x2 startup/startup_stm32f303xe.o
                0x0000000008005d4c                RTC_Alarm_IRQHandler
                0x0000000008005d4c                TIM8_TRG_COM_IRQHandler
                0x0000000008005d4c                TIM8_CC_IRQHandler
                0x0000000008005d4c                SPI4_IRQHandler
                0x0000000008005d4c                TIM1_CC_IRQHandler
                0x0000000008005d4c                USB_HP_IRQHandler
                0x0000000008005d4c                PVD_IRQHandler
                0x0000000008005d4c                TAMP_STAMP_IRQHandler
                0x0000000008005d4c                EXTI3_IRQHandler
                0x0000000008005d4c                I2C3_ER_IRQHandler
                0x0000000008005d4c                USB_HP_CAN_TX_IRQHandler
                0x0000000008005d4c                EXTI0_IRQHandler
                0x0000000008005d4c                I2C2_EV_IRQHandler
                0x0000000008005d4c                FPU_IRQHandler
                0x0000000008005d4c                ADC1_2_IRQHandler
                0x0000000008005d4c                SPI1_IRQHandler
                0x0000000008005d4c                CAN_SCE_IRQHandler
                0x0000000008005d4c                TIM8_UP_IRQHandler
                0x0000000008005d4c                DMA2_Channel2_IRQHandler
                0x0000000008005d4c                DMA1_Channel4_IRQHandler
                0x0000000008005d4c                TIM20_TRG_COM_IRQHandler
                0x0000000008005d4c                USART3_IRQHandler
                0x0000000008005d4c                DMA1_Channel7_IRQHandler
                0x0000000008005d4c                UART5_IRQHandler
                0x0000000008005d4c                ADC3_IRQHandler
                0x0000000008005d4c                TIM4_IRQHandler
                0x0000000008005d4c                CAN_RX1_IRQHandler
                0x0000000008005d4c                DMA2_Channel1_IRQHandler
                0x0000000008005d4c                I2C1_EV_IRQHandler
                0x0000000008005d4c                DMA1_Channel6_IRQHandler
                0x0000000008005d4c                UART4_IRQHandler
                0x0000000008005d4c                DMA2_Channel4_IRQHandler
                0x0000000008005d4c                TIM3_IRQHandler
                0x0000000008005d4c                RCC_IRQHandler
                0x0000000008005d4c                TIM20_UP_IRQHandler
                0x0000000008005d4c                DMA1_Channel1_IRQHandler
                0x0000000008005d4c                Default_Handler
                0x0000000008005d4c                USBWakeUp_RMP_IRQHandler
                0x0000000008005d4c                EXTI15_10_IRQHandler
                0x0000000008005d4c                I2C3_EV_IRQHandler
                0x0000000008005d4c                RTC_WKUP_IRQHandler
                0x0000000008005d4c                SPI2_IRQHandler
                0x0000000008005d4c                DMA2_Channel5_IRQHandler
                0x0000000008005d4c                DMA1_Channel5_IRQHandler
                0x0000000008005d4c                USB_LP_IRQHandler
                0x0000000008005d4c                EXTI4_IRQHandler
                0x0000000008005d4c                DMA1_Channel3_IRQHandler
                0x0000000008005d4c                ADC4_IRQHandler
                0x0000000008005d4c                WWDG_IRQHandler
                0x0000000008005d4c                TIM2_IRQHandler
                0x0000000008005d4c                COMP7_IRQHandler
                0x0000000008005d4c                COMP1_2_3_IRQHandler
                0x0000000008005d4c                EXTI1_IRQHandler
                0x0000000008005d4c                USART2_IRQHandler
                0x0000000008005d4c                COMP4_5_6_IRQHandler
                0x0000000008005d4c                TIM20_BRK_IRQHandler
                0x0000000008005d4c                I2C2_ER_IRQHandler
                0x0000000008005d4c                DMA1_Channel2_IRQHandler
                0x0000000008005d4c                TIM8_BRK_IRQHandler
                0x0000000008005d4c                FLASH_IRQHandler
                0x0000000008005d4c                TIM20_CC_IRQHandler
                0x0000000008005d4c                SPI3_IRQHandler
                0x0000000008005d4c                I2C1_ER_IRQHandler
                0x0000000008005d4c                FMC_IRQHandler
                0x0000000008005d4c                USBWakeUp_IRQHandler
                0x0000000008005d4c                DMA2_Channel3_IRQHandler
                0x0000000008005d4c                EXTI2_TSC_IRQHandler
                0x0000000008005d4c                TIM1_BRK_TIM15_IRQHandler
 *fill*         0x0000000008005d4e        0x2 
 .text.__assert_func
                0x0000000008005d50       0x3c /opt/Atollic_TrueSTUDIO_for_STM32_x86_64_9.3.0/ARMTools/bin/../lib/gcc/arm-atollic-eabi/6.3.1/../../../../arm-atollic-eabi/lib/armv7e-m/fpu/libc.a(lib_a-assert.o)
                0x0000000008005d50                __assert_func
 .text.__errno  0x0000000008005d8c        0xc /opt/Atollic_TrueSTUDIO_for_STM32_x86_64_9.3.0/ARMTools/bin/../lib/gcc/arm-atollic-eabi/6.3.1/../../../../arm-atollic-eabi/lib/armv7e-m/fpu/libc.a(lib_a-errno.o)
                0x0000000008005d8c                __errno
 .text._cleanup_r
                0x0000000008005d98        0xc /opt/Atollic_TrueSTUDIO_for_STM32_x86_64_9.3.0/ARMTools/bin/../lib/gcc/arm-atollic-eabi/6.3.1/../../../../arm-atollic-eabi/lib/armv7e-m/fpu/libc.a(lib_a-findfp.o)
                0x0000000008005d98                _cleanup_r
 .text.std.isra.0
                0x0000000008005da4       0x48 /opt/Atollic_TrueSTUDIO_for_STM32_x86_64_9.3.0/ARMTools/bin/../lib/gcc/arm-atollic-eabi/6.3.1/../../../../arm-atollic-eabi/lib/armv7e-m/fpu/libc.a(lib_a-findfp.o)
 .text.__sfmoreglue
                0x0000000008005dec       0x2c /opt/Atollic_TrueSTUDIO_for_STM32_x86_64_9.3.0/ARMTools/bin/../lib/gcc/arm-atollic-eabi/6.3.1/../../../../arm-atollic-eabi/lib/armv7e-m/fpu/libc.a(lib_a-findfp.o)
                0x0000000008005dec                __sfmoreglue
 .text.__sfp_lock_acquire
                0x0000000008005e18        0xc /opt/Atollic_TrueSTUDIO_for_STM32_x86_64_9.3.0/ARMTools/bin/../lib/gcc/arm-atollic-eabi/6.3.1/../../../../arm-atollic-eabi/lib/armv7e-m/fpu/libc.a(lib_a-findfp.o)
                0x0000000008005e18                __sfp_lock_acquire
 .text.__sfp_lock_release
                0x0000000008005e24        0xc /opt/Atollic_TrueSTUDIO_for_STM32_x86_64_9.3.0/ARMTools/bin/../lib/gcc/arm-atollic-eabi/6.3.1/../../../../arm-atollic-eabi/lib/armv7e-m/fpu/libc.a(lib_a-findfp.o)
                0x0000000008005e24                __sfp_lock_release
 .text.__sinit_lock_acquire
                0x0000000008005e30        0xc /opt/Atollic_TrueSTUDIO_for_STM32_x86_64_9.3.0/ARMTools/bin/../lib/gcc/arm-atollic-eabi/6.3.1/../../../../arm-atollic-eabi/lib/armv7e-m/fpu/libc.a(lib_a-findfp.o)
                0x0000000008005e30                __sinit_lock_acquire
 .text.__sinit_lock_release
                0x0000000008005e3c        0xc /opt/Atollic_TrueSTUDIO_for_STM32_x86_64_9.3.0/ARMTools/bin/../lib/gcc/arm-atollic-eabi/6.3.1/../../../../arm-atollic-eabi/lib/armv7e-m/fpu/libc.a(lib_a-findfp.o)
                0x0000000008005e3c                __sinit_lock_release
 .text.__sinit  0x0000000008005e48       0x74 /opt/Atollic_TrueSTUDIO_for_STM32_x86_64_9.3.0/ARMTools/bin/../lib/gcc/arm-atollic-eabi/6.3.1/../../../../arm-atollic-eabi/lib/armv7e-m/fpu/libc.a(lib_a-findfp.o)
                0x0000000008005e48                __sinit
 .text.__sfp    0x0000000008005ebc       0x8c /opt/Atollic_TrueSTUDIO_for_STM32_x86_64_9.3.0/ARMTools/bin/../lib/gcc/arm-atollic-eabi/6.3.1/../../../../arm-atollic-eabi/lib/armv7e-m/fpu/libc.a(lib_a-findfp.o)
                0x0000000008005ebc                __sfp
 .text.fiprintf
                0x0000000008005f48       0x24 /opt/Atollic_TrueSTUDIO_for_STM32_x86_64_9.3.0/ARMTools/bin/../lib/gcc/arm-atollic-eabi/6.3.1/../../../../arm-atollic-eabi/lib/armv7e-m/fpu/libc.a(lib_a-fiprintf.o)
                0x0000000008005f48                fiprintf
 .text._fwalk_reent
                0x0000000008005f6c       0x3c /opt/Atollic_TrueSTUDIO_for_STM32_x86_64_9.3.0/ARMTools/bin/../lib/gcc/arm-atollic-eabi/6.3.1/../../../../arm-atollic-eabi/lib/armv7e-m/fpu/libc.a(lib_a-fwalk.o)
                0x0000000008005f6c                _fwalk_reent
 .text.__libc_init_array
                0x0000000008005fa8       0x48 /opt/Atollic_TrueSTUDIO_for_STM32_x86_64_9.3.0/ARMTools/bin/../lib/gcc/arm-atollic-eabi/6.3.1/../../../../arm-atollic-eabi/lib/armv7e-m/fpu/libc.a(lib_a-init.o)
                0x0000000008005fa8                __libc_init_array
 .text.__retarget_lock_init_recursive
                0x0000000008005ff0        0x2 /opt/Atollic_TrueSTUDIO_for_STM32_x86_64_9.3.0/ARMTools/bin/../lib/gcc/arm-atollic-eabi/6.3.1/../../../../arm-atollic-eabi/lib/armv7e-m/fpu/libc.a(lib_a-lock.o)
                0x0000000008005ff0                __retarget_lock_init_recursive
 .text.__retarget_lock_close_recursive
                0x0000000008005ff2        0x2 /opt/Atollic_TrueSTUDIO_for_STM32_x86_64_9.3.0/ARMTools/bin/../lib/gcc/arm-atollic-eabi/6.3.1/../../../../arm-atollic-eabi/lib/armv7e-m/fpu/libc.a(lib_a-lock.o)
                0x0000000008005ff2                __retarget_lock_close_recursive
 .text.__retarget_lock_acquire_recursive
                0x0000000008005ff4        0x2 /opt/Atollic_TrueSTUDIO_for_STM32_x86_64_9.3.0/ARMTools/bin/../lib/gcc/arm-atollic-eabi/6.3.1/../../../../arm-atollic-eabi/lib/armv7e-m/fpu/libc.a(lib_a-lock.o)
                0x0000000008005ff4                __retarget_lock_acquire_recursive
 .text.__retarget_lock_release_recursive
                0x0000000008005ff6        0x2 /opt/Atollic_TrueSTUDIO_for_STM32_x86_64_9.3.0/ARMTools/bin/../lib/gcc/arm-atollic-eabi/6.3.1/../../../../arm-atollic-eabi/lib/armv7e-m/fpu/libc.a(lib_a-lock.o)
                0x0000000008005ff6                __retarget_lock_release_recursive
 .text._malloc_r
                0x0000000008005ff8      0x41c /opt/Atollic_TrueSTUDIO_for_STM32_x86_64_9.3.0/ARMTools/bin/../lib/gcc/arm-atollic-eabi/6.3.1/../../../../arm-atollic-eabi/lib/armv7e-m/fpu/libc.a(lib_a-mallocr.o)
                0x0000000008005ff8                _malloc_r
 .text.memcpy   0x0000000008006414       0x16 /opt/Atollic_TrueSTUDIO_for_STM32_x86_64_9.3.0/ARMTools/bin/../lib/gcc/arm-atollic-eabi/6.3.1/../../../../arm-atollic-eabi/lib/armv7e-m/fpu/libc.a(lib_a-memcpy-stub.o)
                0x0000000008006414                memcpy
 .text.memset   0x000000000800642a       0x10 /opt/Atollic_TrueSTUDIO_for_STM32_x86_64_9.3.0/ARMTools/bin/../lib/gcc/arm-atollic-eabi/6.3.1/../../../../arm-atollic-eabi/lib/armv7e-m/fpu/libc.a(lib_a-memset.o)
                0x000000000800642a                memset
 *fill*         0x000000000800643a        0x2 
 .text.__malloc_lock
                0x000000000800643c        0xc /opt/Atollic_TrueSTUDIO_for_STM32_x86_64_9.3.0/ARMTools/bin/../lib/gcc/arm-atollic-eabi/6.3.1/../../../../arm-atollic-eabi/lib/armv7e-m/fpu/libc.a(lib_a-mlock.o)
                0x000000000800643c                __malloc_lock
 .text.__malloc_unlock
                0x0000000008006448        0xc /opt/Atollic_TrueSTUDIO_for_STM32_x86_64_9.3.0/ARMTools/bin/../lib/gcc/arm-atollic-eabi/6.3.1/../../../../arm-atollic-eabi/lib/armv7e-m/fpu/libc.a(lib_a-mlock.o)
                0x0000000008006448                __malloc_unlock
 .text.printf   0x0000000008006454       0x30 /opt/Atollic_TrueSTUDIO_for_STM32_x86_64_9.3.0/ARMTools/bin/../lib/gcc/arm-atollic-eabi/6.3.1/../../../../arm-atollic-eabi/lib/armv7e-m/fpu/libc.a(lib_a-printf.o)
                0x0000000008006454                printf
 .text.cleanup_glue
                0x0000000008006484       0x1a /opt/Atollic_TrueSTUDIO_for_STM32_x86_64_9.3.0/ARMTools/bin/../lib/gcc/arm-atollic-eabi/6.3.1/../../../../arm-atollic-eabi/lib/armv7e-m/fpu/libc.a(lib_a-reent.o)
                0x0000000008006484                cleanup_glue
 *fill*         0x000000000800649e        0x2 
 .text._reclaim_reent
                0x00000000080064a0       0xcc /opt/Atollic_TrueSTUDIO_for_STM32_x86_64_9.3.0/ARMTools/bin/../lib/gcc/arm-atollic-eabi/6.3.1/../../../../arm-atollic-eabi/lib/armv7e-m/fpu/libc.a(lib_a-reent.o)
                0x00000000080064a0                _reclaim_reent
 .text._sbrk_r  0x000000000800656c       0x20 /opt/Atollic_TrueSTUDIO_for_STM32_x86_64_9.3.0/ARMTools/bin/../lib/gcc/arm-atollic-eabi/6.3.1/../../../../arm-atollic-eabi/lib/armv7e-m/fpu/libc.a(lib_a-sbrkr.o)
                0x000000000800656c                _sbrk_r
 .text.sprintf  0x000000000800658c       0x48 /opt/Atollic_TrueSTUDIO_for_STM32_x86_64_9.3.0/ARMTools/bin/../lib/gcc/arm-atollic-eabi/6.3.1/../../../../arm-atollic-eabi/lib/armv7e-m/fpu/libc.a(lib_a-sprintf.o)
                0x000000000800658c                sprintf
 .text.__sread  0x00000000080065d4       0x22 /opt/Atollic_TrueSTUDIO_for_STM32_x86_64_9.3.0/ARMTools/bin/../lib/gcc/arm-atollic-eabi/6.3.1/../../../../arm-atollic-eabi/lib/armv7e-m/fpu/libc.a(lib_a-stdio.o)
                0x00000000080065d4                __sread
 .text.__swrite
                0x00000000080065f6       0x38 /opt/Atollic_TrueSTUDIO_for_STM32_x86_64_9.3.0/ARMTools/bin/../lib/gcc/arm-atollic-eabi/6.3.1/../../../../arm-atollic-eabi/lib/armv7e-m/fpu/libc.a(lib_a-stdio.o)
                0x00000000080065f6                __swrite
 .text.__sseek  0x000000000800662e       0x24 /opt/Atollic_TrueSTUDIO_for_STM32_x86_64_9.3.0/ARMTools/bin/../lib/gcc/arm-atollic-eabi/6.3.1/../../../../arm-atollic-eabi/lib/armv7e-m/fpu/libc.a(lib_a-stdio.o)
                0x000000000800662e                __sseek
 .text.__sclose
                0x0000000008006652        0x8 /opt/Atollic_TrueSTUDIO_for_STM32_x86_64_9.3.0/ARMTools/bin/../lib/gcc/arm-atollic-eabi/6.3.1/../../../../arm-atollic-eabi/lib/armv7e-m/fpu/libc.a(lib_a-stdio.o)
                0x0000000008006652                __sclose
 *fill*         0x000000000800665a        0x6 
 .text._svfprintf_r
                0x0000000008006660      0xfa8 /opt/Atollic_TrueSTUDIO_for_STM32_x86_64_9.3.0/ARMTools/bin/../lib/gcc/arm-atollic-eabi/6.3.1/../../../../arm-atollic-eabi/lib/armv7e-m/fpu/libc.a(lib_a-svfprintf.o)
                0x0000000008006660                _svfprintf_r
 .text.__sprint_r
                0x0000000008007608       0x6a /opt/Atollic_TrueSTUDIO_for_STM32_x86_64_9.3.0/ARMTools/bin/../lib/gcc/arm-atollic-eabi/6.3.1/../../../../arm-atollic-eabi/lib/armv7e-m/fpu/libc.a(lib_a-vfiprintf.o)
                0x0000000008007608                __sprint_r
 *fill*         0x0000000008007672        0x2 
 .text._vfiprintf_r
                0x0000000008007674      0x8ac /opt/Atollic_TrueSTUDIO_for_STM32_x86_64_9.3.0/ARMTools/bin/../lib/gcc/arm-atollic-eabi/6.3.1/../../../../arm-atollic-eabi/lib/armv7e-m/fpu/libc.a(lib_a-vfiprintf.o)
                0x0000000008007674                _vfiprintf_r
 .text.__sbprintf
                0x0000000008007f20       0x80 /opt/Atollic_TrueSTUDIO_for_STM32_x86_64_9.3.0/ARMTools/bin/../lib/gcc/arm-atollic-eabi/6.3.1/../../../../arm-atollic-eabi/lib/armv7e-m/fpu/libc.a(lib_a-vfiprintf.o)
 .text._vfprintf_r
                0x0000000008007fa0     0x1078 /opt/Atollic_TrueSTUDIO_for_STM32_x86_64_9.3.0/ARMTools/bin/../lib/gcc/arm-atollic-eabi/6.3.1/../../../../arm-atollic-eabi/lib/armv7e-m/fpu/libc.a(lib_a-vfprintf.o)
                0x0000000008007fa0                _vfprintf_r
 .text.__sbprintf
                0x0000000008009018       0x80 /opt/Atollic_TrueSTUDIO_for_STM32_x86_64_9.3.0/ARMTools/bin/../lib/gcc/arm-atollic-eabi/6.3.1/../../../../arm-atollic-eabi/lib/armv7e-m/fpu/libc.a(lib_a-vfprintf.o)
 .text._write_r
                0x0000000008009098       0x24 /opt/Atollic_TrueSTUDIO_for_STM32_x86_64_9.3.0/ARMTools/bin/../lib/gcc/arm-atollic-eabi/6.3.1/../../../../arm-atollic-eabi/lib/armv7e-m/fpu/libc.a(lib_a-writer.o)
                0x0000000008009098                _write_r
 .text.__swsetup_r
                0x00000000080090bc       0xdc /opt/Atollic_TrueSTUDIO_for_STM32_x86_64_9.3.0/ARMTools/bin/../lib/gcc/arm-atollic-eabi/6.3.1/../../../../arm-atollic-eabi/lib/armv7e-m/fpu/libc.a(lib_a-wsetup.o)
                0x00000000080090bc                __swsetup_r
 .text.abort    0x0000000008009198        0xe /opt/Atollic_TrueSTUDIO_for_STM32_x86_64_9.3.0/ARMTools/bin/../lib/gcc/arm-atollic-eabi/6.3.1/../../../../arm-atollic-eabi/lib/armv7e-m/fpu/libc.a(lib_a-abort.o)
                0x0000000008009198                abort
 *fill*         0x00000000080091a6        0x2 
 .text._close_r
                0x00000000080091a8       0x20 /opt/Atollic_TrueSTUDIO_for_STM32_x86_64_9.3.0/ARMTools/bin/../lib/gcc/arm-atollic-eabi/6.3.1/../../../../arm-atollic-eabi/lib/armv7e-m/fpu/libc.a(lib_a-closer.o)
                0x00000000080091a8                _close_r
 .text.quorem   0x00000000080091c8      0x118 /opt/Atollic_TrueSTUDIO_for_STM32_x86_64_9.3.0/ARMTools/bin/../lib/gcc/arm-atollic-eabi/6.3.1/../../../../arm-atollic-eabi/lib/armv7e-m/fpu/libc.a(lib_a-dtoa.o)
 .text._dtoa_r  0x00000000080092e0      0xb9c /opt/Atollic_TrueSTUDIO_for_STM32_x86_64_9.3.0/ARMTools/bin/../lib/gcc/arm-atollic-eabi/6.3.1/../../../../arm-atollic-eabi/lib/armv7e-m/fpu/libc.a(lib_a-dtoa.o)
                0x00000000080092e0                _dtoa_r
 .text._fclose_r
                0x0000000008009e7c       0xd8 /opt/Atollic_TrueSTUDIO_for_STM32_x86_64_9.3.0/ARMTools/bin/../lib/gcc/arm-atollic-eabi/6.3.1/../../../../arm-atollic-eabi/lib/armv7e-m/fpu/libc.a(lib_a-fclose.o)
                0x0000000008009e7c                _fclose_r
 .text.__sflush_r
                0x0000000008009f54      0x124 /opt/Atollic_TrueSTUDIO_for_STM32_x86_64_9.3.0/ARMTools/bin/../lib/gcc/arm-atollic-eabi/6.3.1/../../../../arm-atollic-eabi/lib/armv7e-m/fpu/libc.a(lib_a-fflush.o)
                0x0000000008009f54                __sflush_r
 .text._fflush_r
                0x000000000800a078       0x78 /opt/Atollic_TrueSTUDIO_for_STM32_x86_64_9.3.0/ARMTools/bin/../lib/gcc/arm-atollic-eabi/6.3.1/../../../../arm-atollic-eabi/lib/armv7e-m/fpu/libc.a(lib_a-fflush.o)
                0x000000000800a078                _fflush_r
 .text.__fputwc
                0x000000000800a0f0       0x82 /opt/Atollic_TrueSTUDIO_for_STM32_x86_64_9.3.0/ARMTools/bin/../lib/gcc/arm-atollic-eabi/6.3.1/../../../../arm-atollic-eabi/lib/armv7e-m/fpu/libc.a(lib_a-fputwc.o)
                0x000000000800a0f0                __fputwc
 .text._fputwc_r
                0x000000000800a172       0x52 /opt/Atollic_TrueSTUDIO_for_STM32_x86_64_9.3.0/ARMTools/bin/../lib/gcc/arm-atollic-eabi/6.3.1/../../../../arm-atollic-eabi/lib/armv7e-m/fpu/libc.a(lib_a-fputwc.o)
                0x000000000800a172                _fputwc_r
 .text._malloc_trim_r
                0x000000000800a1c4       0xac /opt/Atollic_TrueSTUDIO_for_STM32_x86_64_9.3.0/ARMTools/bin/../lib/gcc/arm-atollic-eabi/6.3.1/../../../../arm-atollic-eabi/lib/armv7e-m/fpu/libc.a(lib_a-freer.o)
                0x000000000800a1c4                _malloc_trim_r
 .text._free_r  0x000000000800a270      0x178 /opt/Atollic_TrueSTUDIO_for_STM32_x86_64_9.3.0/ARMTools/bin/../lib/gcc/arm-atollic-eabi/6.3.1/../../../../arm-atollic-eabi/lib/armv7e-m/fpu/libc.a(lib_a-freer.o)
                0x000000000800a270                _free_r
 .text.__sfvwrite_r
                0x000000000800a3e8      0x29c /opt/Atollic_TrueSTUDIO_for_STM32_x86_64_9.3.0/ARMTools/bin/../lib/gcc/arm-atollic-eabi/6.3.1/../../../../arm-atollic-eabi/lib/armv7e-m/fpu/libc.a(lib_a-fvwrite.o)
                0x000000000800a3e8                __sfvwrite_r
 .text.__locale_mb_cur_max
                0x000000000800a684       0x1c /opt/Atollic_TrueSTUDIO_for_STM32_x86_64_9.3.0/ARMTools/bin/../lib/gcc/arm-atollic-eabi/6.3.1/../../../../arm-atollic-eabi/lib/armv7e-m/fpu/libc.a(lib_a-locale.o)
                0x000000000800a684                __locale_mb_cur_max
 .text._localeconv_r
                0x000000000800a6a0       0x1c /opt/Atollic_TrueSTUDIO_for_STM32_x86_64_9.3.0/ARMTools/bin/../lib/gcc/arm-atollic-eabi/6.3.1/../../../../arm-atollic-eabi/lib/armv7e-m/fpu/libc.a(lib_a-localeconv.o)
                0x000000000800a6a0                _localeconv_r
 .text._lseek_r
                0x000000000800a6bc       0x24 /opt/Atollic_TrueSTUDIO_for_STM32_x86_64_9.3.0/ARMTools/bin/../lib/gcc/arm-atollic-eabi/6.3.1/../../../../arm-atollic-eabi/lib/armv7e-m/fpu/libc.a(lib_a-lseekr.o)
                0x000000000800a6bc                _lseek_r
 .text.__swhatbuf_r
                0x000000000800a6e0       0x56 /opt/Atollic_TrueSTUDIO_for_STM32_x86_64_9.3.0/ARMTools/bin/../lib/gcc/arm-atollic-eabi/6.3.1/../../../../arm-atollic-eabi/lib/armv7e-m/fpu/libc.a(lib_a-makebuf.o)
                0x000000000800a6e0                __swhatbuf_r
 *fill*         0x000000000800a736        0x2 
 .text.__smakebuf_r
                0x000000000800a738       0x80 /opt/Atollic_TrueSTUDIO_for_STM32_x86_64_9.3.0/ARMTools/bin/../lib/gcc/arm-atollic-eabi/6.3.1/../../../../arm-atollic-eabi/lib/armv7e-m/fpu/libc.a(lib_a-makebuf.o)
                0x000000000800a738                __smakebuf_r
 .text.malloc   0x000000000800a7b8       0x10 /opt/Atollic_TrueSTUDIO_for_STM32_x86_64_9.3.0/ARMTools/bin/../lib/gcc/arm-atollic-eabi/6.3.1/../../../../arm-atollic-eabi/lib/armv7e-m/fpu/libc.a(lib_a-malloc.o)
                0x000000000800a7b8                malloc
 .text.__ascii_mbtowc
                0x000000000800a7c8       0x24 /opt/Atollic_TrueSTUDIO_for_STM32_x86_64_9.3.0/ARMTools/bin/../lib/gcc/arm-atollic-eabi/6.3.1/../../../../arm-atollic-eabi/lib/armv7e-m/fpu/libc.a(lib_a-mbtowc_r.o)
                0x000000000800a7c8                __ascii_mbtowc
 .text.memmove  0x000000000800a7ec       0x34 /opt/Atollic_TrueSTUDIO_for_STM32_x86_64_9.3.0/ARMTools/bin/../lib/gcc/arm-atollic-eabi/6.3.1/../../../../arm-atollic-eabi/lib/armv7e-m/fpu/libc.a(lib_a-memmove.o)
                0x000000000800a7ec                memmove
 .text._Balloc  0x000000000800a820       0x68 /opt/Atollic_TrueSTUDIO_for_STM32_x86_64_9.3.0/ARMTools/bin/../lib/gcc/arm-atollic-eabi/6.3.1/../../../../arm-atollic-eabi/lib/armv7e-m/fpu/libc.a(lib_a-mprec.o)
                0x000000000800a820                _Balloc
 .text._Bfree   0x000000000800a888       0x2e /opt/Atollic_TrueSTUDIO_for_STM32_x86_64_9.3.0/ARMTools/bin/../lib/gcc/arm-atollic-eabi/6.3.1/../../../../arm-atollic-eabi/lib/armv7e-m/fpu/libc.a(lib_a-mprec.o)
                0x000000000800a888                _Bfree
 .text.__multadd
                0x000000000800a8b6       0x76 /opt/Atollic_TrueSTUDIO_for_STM32_x86_64_9.3.0/ARMTools/bin/../lib/gcc/arm-atollic-eabi/6.3.1/../../../../arm-atollic-eabi/lib/armv7e-m/fpu/libc.a(lib_a-mprec.o)
                0x000000000800a8b6                __multadd
 .text.__hi0bits
                0x000000000800a92c       0x3e /opt/Atollic_TrueSTUDIO_for_STM32_x86_64_9.3.0/ARMTools/bin/../lib/gcc/arm-atollic-eabi/6.3.1/../../../../arm-atollic-eabi/lib/armv7e-m/fpu/libc.a(lib_a-mprec.o)
                0x000000000800a92c                __hi0bits
 .text.__lo0bits
                0x000000000800a96a       0x5e /opt/Atollic_TrueSTUDIO_for_STM32_x86_64_9.3.0/ARMTools/bin/../lib/gcc/arm-atollic-eabi/6.3.1/../../../../arm-atollic-eabi/lib/armv7e-m/fpu/libc.a(lib_a-mprec.o)
                0x000000000800a96a                __lo0bits
 .text.__i2b    0x000000000800a9c8       0x12 /opt/Atollic_TrueSTUDIO_for_STM32_x86_64_9.3.0/ARMTools/bin/../lib/gcc/arm-atollic-eabi/6.3.1/../../../../arm-atollic-eabi/lib/armv7e-m/fpu/libc.a(lib_a-mprec.o)
                0x000000000800a9c8                __i2b
 .text.__multiply
                0x000000000800a9da      0x11a /opt/Atollic_TrueSTUDIO_for_STM32_x86_64_9.3.0/ARMTools/bin/../lib/gcc/arm-atollic-eabi/6.3.1/../../../../arm-atollic-eabi/lib/armv7e-m/fpu/libc.a(lib_a-mprec.o)
                0x000000000800a9da                __multiply
 .text.__pow5mult
                0x000000000800aaf4       0x9c /opt/Atollic_TrueSTUDIO_for_STM32_x86_64_9.3.0/ARMTools/bin/../lib/gcc/arm-atollic-eabi/6.3.1/../../../../arm-atollic-eabi/lib/armv7e-m/fpu/libc.a(lib_a-mprec.o)
                0x000000000800aaf4                __pow5mult
 .text.__lshift
                0x000000000800ab90       0xa2 /opt/Atollic_TrueSTUDIO_for_STM32_x86_64_9.3.0/ARMTools/bin/../lib/gcc/arm-atollic-eabi/6.3.1/../../../../arm-atollic-eabi/lib/armv7e-m/fpu/libc.a(lib_a-mprec.o)
                0x000000000800ab90                __lshift
 .text.__mcmp   0x000000000800ac32       0x34 /opt/Atollic_TrueSTUDIO_for_STM32_x86_64_9.3.0/ARMTools/bin/../lib/gcc/arm-atollic-eabi/6.3.1/../../../../arm-atollic-eabi/lib/armv7e-m/fpu/libc.a(lib_a-mprec.o)
                0x000000000800ac32                __mcmp
 .text.__mdiff  0x000000000800ac66       0xbc /opt/Atollic_TrueSTUDIO_for_STM32_x86_64_9.3.0/ARMTools/bin/../lib/gcc/arm-atollic-eabi/6.3.1/../../../../arm-atollic-eabi/lib/armv7e-m/fpu/libc.a(lib_a-mprec.o)
                0x000000000800ac66                __mdiff
 .text.__d2b    0x000000000800ad22       0x9e /opt/Atollic_TrueSTUDIO_for_STM32_x86_64_9.3.0/ARMTools/bin/../lib/gcc/arm-atollic-eabi/6.3.1/../../../../arm-atollic-eabi/lib/armv7e-m/fpu/libc.a(lib_a-mprec.o)
                0x000000000800ad22                __d2b
 .text._read_r  0x000000000800adc0       0x24 /opt/Atollic_TrueSTUDIO_for_STM32_x86_64_9.3.0/ARMTools/bin/../lib/gcc/arm-atollic-eabi/6.3.1/../../../../arm-atollic-eabi/lib/armv7e-m/fpu/libc.a(lib_a-readr.o)
                0x000000000800adc0                _read_r
 .text._realloc_r
                0x000000000800ade4      0x300 /opt/Atollic_TrueSTUDIO_for_STM32_x86_64_9.3.0/ARMTools/bin/../lib/gcc/arm-atollic-eabi/6.3.1/../../../../arm-atollic-eabi/lib/armv7e-m/fpu/libc.a(lib_a-reallocr.o)
                0x000000000800ade4                _realloc_r
 .text._raise_r
                0x000000000800b0e4       0x50 /opt/Atollic_TrueSTUDIO_for_STM32_x86_64_9.3.0/ARMTools/bin/../lib/gcc/arm-atollic-eabi/6.3.1/../../../../arm-atollic-eabi/lib/armv7e-m/fpu/libc.a(lib_a-signal.o)
                0x000000000800b0e4                _raise_r
 .text.raise    0x000000000800b134       0x10 /opt/Atollic_TrueSTUDIO_for_STM32_x86_64_9.3.0/ARMTools/bin/../lib/gcc/arm-atollic-eabi/6.3.1/../../../../arm-atollic-eabi/lib/armv7e-m/fpu/libc.a(lib_a-signal.o)
                0x000000000800b134                raise
 .text._kill_r  0x000000000800b144       0x24 /opt/Atollic_TrueSTUDIO_for_STM32_x86_64_9.3.0/ARMTools/bin/../lib/gcc/arm-atollic-eabi/6.3.1/../../../../arm-atollic-eabi/lib/armv7e-m/fpu/libc.a(lib_a-signalr.o)
                0x000000000800b144                _kill_r
 .text._getpid_r
                0x000000000800b168        0x4 /opt/Atollic_TrueSTUDIO_for_STM32_x86_64_9.3.0/ARMTools/bin/../lib/gcc/arm-atollic-eabi/6.3.1/../../../../arm-atollic-eabi/lib/armv7e-m/fpu/libc.a(lib_a-signalr.o)
                0x000000000800b168                _getpid_r
 .text.__ssprint_r
                0x000000000800b16c       0xf4 /opt/Atollic_TrueSTUDIO_for_STM32_x86_64_9.3.0/ARMTools/bin/../lib/gcc/arm-atollic-eabi/6.3.1/../../../../arm-atollic-eabi/lib/armv7e-m/fpu/libc.a(lib_a-svfiprintf.o)
                0x000000000800b16c                __ssprint_r
 .text.__swbuf_r
                0x000000000800b260       0xbc /opt/Atollic_TrueSTUDIO_for_STM32_x86_64_9.3.0/ARMTools/bin/../lib/gcc/arm-atollic-eabi/6.3.1/../../../../arm-atollic-eabi/lib/armv7e-m/fpu/libc.a(lib_a-wbuf.o)
                0x000000000800b260                __swbuf_r
 .text._wcrtomb_r
                0x000000000800b31c       0x50 /opt/Atollic_TrueSTUDIO_for_STM32_x86_64_9.3.0/ARMTools/bin/../lib/gcc/arm-atollic-eabi/6.3.1/../../../../arm-atollic-eabi/lib/armv7e-m/fpu/libc.a(lib_a-wcrtomb.o)
                0x000000000800b31c                _wcrtomb_r
 .text.__ascii_wctomb
                0x000000000800b36c       0x1a /opt/Atollic_TrueSTUDIO_for_STM32_x86_64_9.3.0/ARMTools/bin/../lib/gcc/arm-atollic-eabi/6.3.1/../../../../arm-atollic-eabi/lib/armv7e-m/fpu/libc.a(lib_a-wctomb_r.o)
                0x000000000800b36c                __ascii_wctomb
 .text._calloc_r
                0x000000000800b386       0x5a /opt/Atollic_TrueSTUDIO_for_STM32_x86_64_9.3.0/ARMTools/bin/../lib/gcc/arm-atollic-eabi/6.3.1/../../../../arm-atollic-eabi/lib/armv7e-m/fpu/libc.a(lib_a-callocr.o)
                0x000000000800b386                _calloc_r
 .text._fstat_r
                0x000000000800b3e0       0x24 /opt/Atollic_TrueSTUDIO_for_STM32_x86_64_9.3.0/ARMTools/bin/../lib/gcc/arm-atollic-eabi/6.3.1/../../../../arm-atollic-eabi/lib/armv7e-m/fpu/libc.a(lib_a-fstatr.o)
                0x000000000800b3e0                _fstat_r
 .text._isatty_r
                0x000000000800b404       0x20 /opt/Atollic_TrueSTUDIO_for_STM32_x86_64_9.3.0/ARMTools/bin/../lib/gcc/arm-atollic-eabi/6.3.1/../../../../arm-atollic-eabi/lib/armv7e-m/fpu/libc.a(lib_a-isattyr.o)
                0x000000000800b404                _isatty_r
 *(.glue_7)
 .glue_7        0x000000000800b424        0x0 linker stubs
 *(.glue_7t)
 .glue_7t       0x000000000800b424        0x0 linker stubs
 *(.eh_frame)
 .eh_frame      0x000000000800b424        0x0 /opt/Atollic_TrueSTUDIO_for_STM32_x86_64_9.3.0/ARMTools/bin/../lib/gcc/arm-atollic-eabi/6.3.1/armv7e-m/fpu/crtbegin.o
 *(.init)
 .init          0x000000000800b424        0x4 /opt/Atollic_TrueSTUDIO_for_STM32_x86_64_9.3.0/ARMTools/bin/../lib/gcc/arm-atollic-eabi/6.3.1/armv7e-m/fpu/crti.o
                0x000000000800b424                _init
 .init          0x000000000800b428        0x8 /opt/Atollic_TrueSTUDIO_for_STM32_x86_64_9.3.0/ARMTools/bin/../lib/gcc/arm-atollic-eabi/6.3.1/armv7e-m/fpu/crtn.o
 *(.fini)
 .fini          0x000000000800b430        0x4 /opt/Atollic_TrueSTUDIO_for_STM32_x86_64_9.3.0/ARMTools/bin/../lib/gcc/arm-atollic-eabi/6.3.1/armv7e-m/fpu/crti.o
                0x000000000800b430                _fini
 .fini          0x000000000800b434        0x8 /opt/Atollic_TrueSTUDIO_for_STM32_x86_64_9.3.0/ARMTools/bin/../lib/gcc/arm-atollic-eabi/6.3.1/armv7e-m/fpu/crtn.o
                0x000000000800b43c                . = ALIGN (0x4)
                0x000000000800b43c                _etext = .

.vfp11_veneer   0x000000000800b43c        0x0
 .vfp11_veneer  0x000000000800b43c        0x0 linker stubs

.v4_bx          0x000000000800b43c        0x0
 .v4_bx         0x000000000800b43c        0x0 linker stubs

.iplt           0x000000000800b43c        0x0
 .iplt          0x000000000800b43c        0x0 /opt/Atollic_TrueSTUDIO_for_STM32_x86_64_9.3.0/ARMTools/bin/../lib/gcc/arm-atollic-eabi/6.3.1/armv7e-m/fpu/crtbegin.o

.rodata         0x000000000800b440     0x2240
                0x000000000800b440                . = ALIGN (0x4)
 *(.rodata)
 .rodata        0x000000000800b440       0x1c Src/bms.o
 .rodata        0x000000000800b45c       0x1c Src/can.o
 .rodata        0x000000000800b478       0x1c Src/modbus_helper.o
 *(.rodata*)
 .rodata.aPLLMULFactorTable
                0x000000000800b494       0x10 Drivers/STM32F3xx_HAL_Driver/Src/stm32f3xx_hal_rcc.o
                0x000000000800b494                aPLLMULFactorTable
 .rodata.aPredivFactorTable
                0x000000000800b4a4       0x10 Drivers/STM32F3xx_HAL_Driver/Src/stm32f3xx_hal_rcc.o
                0x000000000800b4a4                aPredivFactorTable
 .rodata.CSWTCH.52
                0x000000000800b4b4        0x4 Drivers/STM32F3xx_HAL_Driver/Src/stm32f3xx_hal_uart.o
 .rodata.CSWTCH.7
                0x000000000800b4b8        0x8 Middleware/Modbus/functions/mbutils.o
 .rodata.aucCRCHi
                0x000000000800b4c0      0x100 Middleware/Modbus/rtu/mbcrc.o
 .rodata.aucCRCLo
                0x000000000800b5c0      0x100 Middleware/Modbus/rtu/mbcrc.o
 .rodata.__func__.9356
                0x000000000800b6c0        0xe Middleware/Modbus/rtu/mbrtu.o
 .rodata.__func__.9369
                0x000000000800b6ce       0x11 Middleware/Modbus/rtu/mbrtu.o
 .rodata.__func__.9379
                0x000000000800b6df       0x12 Middleware/Modbus/rtu/mbrtu.o
 .rodata.__func__.9392
                0x000000000800b6f1       0x16 Middleware/Modbus/rtu/mbrtu.o
 .rodata.eMBRTUReceive.str1.1
                0x000000000800b707       0x46 Middleware/Modbus/rtu/mbrtu.o
 .rodata.xMBRTUReceiveFSM.str1.1
                0x000000000800b74d       0x1b Middleware/Modbus/rtu/mbrtu.o
 .rodata.xMBRTUTimerT35Expired.str1.1
                0x000000000800b768       0x63 Middleware/Modbus/rtu/mbrtu.o
 .rodata.xMBRTUTransmitFSM.str1.1
                0x000000000800b7cb       0x1b Middleware/Modbus/rtu/mbrtu.o
 .rodata.vTaskStartScheduler.str1.1
                0x000000000800b7e6       0x1b Middlewares/Third_Party/FreeRTOS/Source/tasks.o
                                          0x5 (size before relaxing)
 .rodata.InitBMS.str1.1
                0x000000000800b7e6        0x4 Src/bms.o
 .rodata.str1.1
                0x000000000800b7ea        0x8 Src/bms.o
 .rodata.updateOLED.str1.1
                0x000000000800b7f2       0x45 Src/bms.o
                                         0x50 (size before relaxing)
 .rodata.str1.1
                0x000000000800b837        0x8 Src/can.o
 *fill*         0x000000000800b83f        0x1 
 .rodata.Font16x26
                0x000000000800b840     0x134c Src/fonts.o
 .rodata.Font7x10
                0x000000000800cb8c      0x76c Src/fonts.o
 .rodata.enable_modbusrtu.str1.1
                0x000000000800d2f8       0x15 Src/modbus_helper.o
 .rodata.str1.1
                0x000000000800d30d        0xb Src/modbus_helper.o
 .rodata.AHBPrescTable
                0x000000000800d318       0x10 Src/system_stm32f3xx.o
                0x000000000800d318                AHBPrescTable
 .rodata.APBPrescTable
                0x000000000800d328        0x8 Src/system_stm32f3xx.o
                0x000000000800d328                APBPrescTable
 .rodata.__assert_func.str1.1
                0x000000000800d330       0x3c /opt/Atollic_TrueSTUDIO_for_STM32_x86_64_9.3.0/ARMTools/bin/../lib/gcc/arm-atollic-eabi/6.3.1/../../../../arm-atollic-eabi/lib/armv7e-m/fpu/libc.a(lib_a-assert.o)
                                         0x3d (size before relaxing)
 .rodata.__sf_fake_stderr
                0x000000000800d36c       0x20 /opt/Atollic_TrueSTUDIO_for_STM32_x86_64_9.3.0/ARMTools/bin/../lib/gcc/arm-atollic-eabi/6.3.1/../../../../arm-atollic-eabi/lib/armv7e-m/fpu/libc.a(lib_a-findfp.o)
                0x000000000800d36c                __sf_fake_stderr
 .rodata.__sf_fake_stdin
                0x000000000800d38c       0x20 /opt/Atollic_TrueSTUDIO_for_STM32_x86_64_9.3.0/ARMTools/bin/../lib/gcc/arm-atollic-eabi/6.3.1/../../../../arm-atollic-eabi/lib/armv7e-m/fpu/libc.a(lib_a-findfp.o)
                0x000000000800d38c                __sf_fake_stdin
 .rodata.__sf_fake_stdout
                0x000000000800d3ac       0x20 /opt/Atollic_TrueSTUDIO_for_STM32_x86_64_9.3.0/ARMTools/bin/../lib/gcc/arm-atollic-eabi/6.3.1/../../../../arm-atollic-eabi/lib/armv7e-m/fpu/libc.a(lib_a-findfp.o)
                0x000000000800d3ac                __sf_fake_stdout
 .rodata._global_impure_ptr
                0x000000000800d3cc        0x4 /opt/Atollic_TrueSTUDIO_for_STM32_x86_64_9.3.0/ARMTools/bin/../lib/gcc/arm-atollic-eabi/6.3.1/../../../../arm-atollic-eabi/lib/armv7e-m/fpu/libc.a(lib_a-impure.o)
                0x000000000800d3cc                _global_impure_ptr
 .rodata._svfprintf_r.str1.1
                0x000000000800d3d0       0x34 /opt/Atollic_TrueSTUDIO_for_STM32_x86_64_9.3.0/ARMTools/bin/../lib/gcc/arm-atollic-eabi/6.3.1/../../../../arm-atollic-eabi/lib/armv7e-m/fpu/libc.a(lib_a-svfprintf.o)
 .rodata.blanks.8359
                0x000000000800d404       0x10 /opt/Atollic_TrueSTUDIO_for_STM32_x86_64_9.3.0/ARMTools/bin/../lib/gcc/arm-atollic-eabi/6.3.1/../../../../arm-atollic-eabi/lib/armv7e-m/fpu/libc.a(lib_a-svfprintf.o)
 .rodata.zeroes.8360
                0x000000000800d414       0x10 /opt/Atollic_TrueSTUDIO_for_STM32_x86_64_9.3.0/ARMTools/bin/../lib/gcc/arm-atollic-eabi/6.3.1/../../../../arm-atollic-eabi/lib/armv7e-m/fpu/libc.a(lib_a-svfprintf.o)
 .rodata._vfiprintf_r.str1.1
                0x000000000800d424       0x22 /opt/Atollic_TrueSTUDIO_for_STM32_x86_64_9.3.0/ARMTools/bin/../lib/gcc/arm-atollic-eabi/6.3.1/../../../../arm-atollic-eabi/lib/armv7e-m/fpu/libc.a(lib_a-vfiprintf.o)
 .rodata.blanks.8353
                0x000000000800d424       0x10 /opt/Atollic_TrueSTUDIO_for_STM32_x86_64_9.3.0/ARMTools/bin/../lib/gcc/arm-atollic-eabi/6.3.1/../../../../arm-atollic-eabi/lib/armv7e-m/fpu/libc.a(lib_a-vfiprintf.o)
 .rodata.zeroes.8354
                0x000000000800d434       0x10 /opt/Atollic_TrueSTUDIO_for_STM32_x86_64_9.3.0/ARMTools/bin/../lib/gcc/arm-atollic-eabi/6.3.1/../../../../arm-atollic-eabi/lib/armv7e-m/fpu/libc.a(lib_a-vfiprintf.o)
 .rodata._vfprintf_r.str1.1
                0x000000000800d444       0x34 /opt/Atollic_TrueSTUDIO_for_STM32_x86_64_9.3.0/ARMTools/bin/../lib/gcc/arm-atollic-eabi/6.3.1/../../../../arm-atollic-eabi/lib/armv7e-m/fpu/libc.a(lib_a-vfprintf.o)
 .rodata.blanks.8374
                0x000000000800d444       0x10 /opt/Atollic_TrueSTUDIO_for_STM32_x86_64_9.3.0/ARMTools/bin/../lib/gcc/arm-atollic-eabi/6.3.1/../../../../arm-atollic-eabi/lib/armv7e-m/fpu/libc.a(lib_a-vfprintf.o)
 .rodata.zeroes.8375
                0x000000000800d454       0x10 /opt/Atollic_TrueSTUDIO_for_STM32_x86_64_9.3.0/ARMTools/bin/../lib/gcc/arm-atollic-eabi/6.3.1/../../../../arm-atollic-eabi/lib/armv7e-m/fpu/libc.a(lib_a-vfprintf.o)
 .rodata._dtoa_r.str1.1
                0x000000000800d464        0xd /opt/Atollic_TrueSTUDIO_for_STM32_x86_64_9.3.0/ARMTools/bin/../lib/gcc/arm-atollic-eabi/6.3.1/../../../../arm-atollic-eabi/lib/armv7e-m/fpu/libc.a(lib_a-dtoa.o)
                                          0xf (size before relaxing)
 .rodata._setlocale_r.str1.1
                0x000000000800d471        0x8 /opt/Atollic_TrueSTUDIO_for_STM32_x86_64_9.3.0/ARMTools/bin/../lib/gcc/arm-atollic-eabi/6.3.1/../../../../arm-atollic-eabi/lib/armv7e-m/fpu/libc.a(lib_a-locale.o)
                                          0x9 (size before relaxing)
 .rodata.str1.1
                0x000000000800d479        0x2 /opt/Atollic_TrueSTUDIO_for_STM32_x86_64_9.3.0/ARMTools/bin/../lib/gcc/arm-atollic-eabi/6.3.1/../../../../arm-atollic-eabi/lib/armv7e-m/fpu/libc.a(lib_a-locale.o)
 *fill*         0x000000000800d47b        0x5 
 .rodata.__mprec_bigtens
                0x000000000800d480       0x28 /opt/Atollic_TrueSTUDIO_for_STM32_x86_64_9.3.0/ARMTools/bin/../lib/gcc/arm-atollic-eabi/6.3.1/../../../../arm-atollic-eabi/lib/armv7e-m/fpu/libc.a(lib_a-mprec.o)
                0x000000000800d480                __mprec_bigtens
 .rodata.__mprec_tens
                0x000000000800d4a8       0xc8 /opt/Atollic_TrueSTUDIO_for_STM32_x86_64_9.3.0/ARMTools/bin/../lib/gcc/arm-atollic-eabi/6.3.1/../../../../arm-atollic-eabi/lib/armv7e-m/fpu/libc.a(lib_a-mprec.o)
                0x000000000800d4a8                __mprec_tens
 .rodata.p05.7196
                0x000000000800d570        0xc /opt/Atollic_TrueSTUDIO_for_STM32_x86_64_9.3.0/ARMTools/bin/../lib/gcc/arm-atollic-eabi/6.3.1/../../../../arm-atollic-eabi/lib/armv7e-m/fpu/libc.a(lib_a-mprec.o)
 .rodata._ctype_
                0x000000000800d57c      0x101 /opt/Atollic_TrueSTUDIO_for_STM32_x86_64_9.3.0/ARMTools/bin/../lib/gcc/arm-atollic-eabi/6.3.1/../../../../arm-atollic-eabi/lib/armv7e-m/fpu/libc.a(lib_a-ctype_.o)
                0x000000000800d57c                _ctype_
                0x000000000800d680                . = ALIGN (0x4)
 *fill*         0x000000000800d67d        0x3 

.ARM.extab
 *(.ARM.extab* .gnu.linkonce.armextab.*)

.ARM            0x000000000800d680        0x8
                0x000000000800d680                __exidx_start = .
 *(.ARM.exidx*)
 .ARM.exidx     0x000000000800d680        0x8 /opt/Atollic_TrueSTUDIO_for_STM32_x86_64_9.3.0/ARMTools/bin/../lib/gcc/arm-atollic-eabi/6.3.1/armv7e-m/fpu/libgcc.a(_udivmoddi4.o)
                0x000000000800d688                __exidx_end = .

.rel.dyn        0x000000000800d688        0x0
 .rel.iplt      0x000000000800d688        0x0 /opt/Atollic_TrueSTUDIO_for_STM32_x86_64_9.3.0/ARMTools/bin/../lib/gcc/arm-atollic-eabi/6.3.1/armv7e-m/fpu/crtbegin.o

.preinit_array  0x000000000800d688        0x0
                0x000000000800d688                PROVIDE (__preinit_array_start, .)
 *(.preinit_array*)
                0x000000000800d688                PROVIDE (__preinit_array_end, .)

.init_array     0x000000000800d688        0x4
                0x000000000800d688                PROVIDE (__init_array_start, .)
 *(SORT(.init_array.*))
 *(.init_array*)
 .init_array    0x000000000800d688        0x4 /opt/Atollic_TrueSTUDIO_for_STM32_x86_64_9.3.0/ARMTools/bin/../lib/gcc/arm-atollic-eabi/6.3.1/armv7e-m/fpu/crtbegin.o
                0x000000000800d68c                PROVIDE (__init_array_end, .)

.fini_array     0x000000000800d68c        0x4
                [!provide]                        PROVIDE (__fini_array_start, .)
 *(SORT(.fini_array.*))
 *(.fini_array*)
 .fini_array    0x000000000800d68c        0x4 /opt/Atollic_TrueSTUDIO_for_STM32_x86_64_9.3.0/ARMTools/bin/../lib/gcc/arm-atollic-eabi/6.3.1/armv7e-m/fpu/crtbegin.o
                [!provide]                        PROVIDE (__fini_array_end, .)
                0x000000000800d690                _sidata = LOADADDR (.data)

.data           0x0000000020000000      0x808 load address 0x000000000800d690
                0x0000000020000000                . = ALIGN (0x4)
                0x0000000020000000                _sdata = .
 *(.data)
 *(.data*)
 .data.uwTickFreq
                0x0000000020000000        0x1 Drivers/STM32F3xx_HAL_Driver/Src/stm32f3xx_hal.o
                0x0000000020000000                uwTickFreq
 *fill*         0x0000000020000001        0x3 
 .data.uwTickPrio
                0x0000000020000004        0x4 Drivers/STM32F3xx_HAL_Driver/Src/stm32f3xx_hal.o
                0x0000000020000004                uwTickPrio
 .data.eMBState
                0x0000000020000008        0x1 Middleware/Modbus/mb.o
 *fill*         0x0000000020000009        0x3 
 .data.xFuncHandlers
                0x000000002000000c       0x80 Middleware/Modbus/mb.o
 .data.uxCriticalNesting
                0x000000002000008c        0x4 Middlewares/Third_Party/FreeRTOS/Source/portable/GCC/ARM_CM4F/port.o
 .data.OwnID    0x0000000020000090        0x2 Src/can.o
                0x0000000020000090                OwnID
 .data.RemoteID
                0x0000000020000092        0x2 Src/can.o
                0x0000000020000092                RemoteID
 .data.defaultOcvTable
                0x0000000020000094       0x3c Src/energy.o
 .data.defaultSocTable
                0x00000000200000d0       0x3c Src/energy.o
 .data.Font_16x26
                0x000000002000010c        0x8 Src/fonts.o
                0x000000002000010c                Font_16x26
 .data.Font_7x10
                0x0000000020000114        0x8 Src/fonts.o
                0x0000000020000114                Font_7x10
 .data.defaultOcvTable
                0x000000002000011c       0x3c Src/soc.o
 .data.defaultSocTable
                0x0000000020000158       0x3c Src/soc.o
 .data.SystemCoreClock
                0x0000000020000194        0x4 Src/system_stm32f3xx.o
                0x0000000020000194                SystemCoreClock
 .data._impure_ptr
                0x0000000020000198        0x4 /opt/Atollic_TrueSTUDIO_for_STM32_x86_64_9.3.0/ARMTools/bin/../lib/gcc/arm-atollic-eabi/6.3.1/../../../../arm-atollic-eabi/lib/armv7e-m/fpu/libc.a(lib_a-impure.o)
                0x0000000020000198                _impure_ptr
 .data.impure_data
                0x000000002000019c       0xf0 /opt/Atollic_TrueSTUDIO_for_STM32_x86_64_9.3.0/ARMTools/bin/../lib/gcc/arm-atollic-eabi/6.3.1/../../../../arm-atollic-eabi/lib/armv7e-m/fpu/libc.a(lib_a-impure.o)
 .data.__malloc_av_
                0x000000002000028c      0x408 /opt/Atollic_TrueSTUDIO_for_STM32_x86_64_9.3.0/ARMTools/bin/../lib/gcc/arm-atollic-eabi/6.3.1/../../../../arm-atollic-eabi/lib/armv7e-m/fpu/libc.a(lib_a-mallocr.o)