Archive member included to satisfy reference by file (symbol)

/opt/Atollic_TrueSTUDIO_for_STM32_x86_64_9.3.0/ARMTools/bin/../lib/gcc/arm-atollic-eabi/6.3.1/../../../../arm-atollic-eabi/lib/armv7e-m/fpu/libc.a(lib_a-assert.o)
                              Middleware/Modbus/functions/mbutils.o (__assert_func)
/opt/Atollic_TrueSTUDIO_for_STM32_x86_64_9.3.0/ARMTools/bin/../lib/gcc/arm-atollic-eabi/6.3.1/../../../../arm-atollic-eabi/lib/armv7e-m/fpu/libc.a(lib_a-errno.o)
                              Src/syscalls.o (__errno)
/opt/Atollic_TrueSTUDIO_for_STM32_x86_64_9.3.0/ARMTools/bin/../lib/gcc/arm-atollic-eabi/6.3.1/../../../../arm-atollic-eabi/lib/armv7e-m/fpu/libc.a(lib_a-fiprintf.o)
                              /opt/Atollic_TrueSTUDIO_for_STM32_x86_64_9.3.0/ARMTools/bin/../lib/gcc/arm-atollic-eabi/6.3.1/../../../../arm-atollic-eabi/lib/armv7e-m/fpu/libc.a(lib_a-assert.o) (fiprintf)
/opt/Atollic_TrueSTUDIO_for_STM32_x86_64_9.3.0/ARMTools/bin/../lib/gcc/arm-atollic-eabi/6.3.1/../../../../arm-atollic-eabi/lib/armv7e-m/fpu/libc.a(lib_a-impure.o)
                              /opt/Atollic_TrueSTUDIO_for_STM32_x86_64_9.3.0/ARMTools/bin/../lib/gcc/arm-atollic-eabi/6.3.1/../../../../arm-atollic-eabi/lib/armv7e-m/fpu/libc.a(lib_a-assert.o) (_impure_ptr)
/opt/Atollic_TrueSTUDIO_for_STM32_x86_64_9.3.0/ARMTools/bin/../lib/gcc/arm-atollic-eabi/6.3.1/../../../../arm-atollic-eabi/lib/armv7e-m/fpu/libc.a(lib_a-init.o)
                              startup/startup_stm32f303xe.o (__libc_init_array)
/opt/Atollic_TrueSTUDIO_for_STM32_x86_64_9.3.0/ARMTools/bin/../lib/gcc/arm-atollic-eabi/6.3.1/../../../../arm-atollic-eabi/lib/armv7e-m/fpu/libc.a(lib_a-memcpy-stub.o)
                              Middleware/Modbus/functions/mbfuncother.o (memcpy)
/opt/Atollic_TrueSTUDIO_for_STM32_x86_64_9.3.0/ARMTools/bin/../lib/gcc/arm-atollic-eabi/6.3.1/../../../../arm-atollic-eabi/lib/armv7e-m/fpu/libc.a(lib_a-memset.o)
                              Middlewares/Third_Party/FreeRTOS/Source/stream_buffer.o (memset)
/opt/Atollic_TrueSTUDIO_for_STM32_x86_64_9.3.0/ARMTools/bin/../lib/gcc/arm-atollic-eabi/6.3.1/../../../../arm-atollic-eabi/lib/armv7e-m/fpu/libc.a(lib_a-sprintf.o)
                              Src/main.o (sprintf)
/opt/Atollic_TrueSTUDIO_for_STM32_x86_64_9.3.0/ARMTools/bin/../lib/gcc/arm-atollic-eabi/6.3.1/../../../../arm-atollic-eabi/lib/armv7e-m/fpu/libc.a(lib_a-svfprintf.o)
                              /opt/Atollic_TrueSTUDIO_for_STM32_x86_64_9.3.0/ARMTools/bin/../lib/gcc/arm-atollic-eabi/6.3.1/../../../../arm-atollic-eabi/lib/armv7e-m/fpu/libc.a(lib_a-sprintf.o) (_svfprintf_r)
/opt/Atollic_TrueSTUDIO_for_STM32_x86_64_9.3.0/ARMTools/bin/../lib/gcc/arm-atollic-eabi/6.3.1/../../../../arm-atollic-eabi/lib/armv7e-m/fpu/libc.a(lib_a-vfiprintf.o)
                              /opt/Atollic_TrueSTUDIO_for_STM32_x86_64_9.3.0/ARMTools/bin/../lib/gcc/arm-atollic-eabi/6.3.1/../../../../arm-atollic-eabi/lib/armv7e-m/fpu/libc.a(lib_a-fiprintf.o) (_vfiprintf_r)
/opt/Atollic_TrueSTUDIO_for_STM32_x86_64_9.3.0/ARMTools/bin/../lib/gcc/arm-atollic-eabi/6.3.1/../../../../arm-atollic-eabi/lib/armv7e-m/fpu/libc.a(lib_a-wsetup.o)
                              /opt/Atollic_TrueSTUDIO_for_STM32_x86_64_9.3.0/ARMTools/bin/../lib/gcc/arm-atollic-eabi/6.3.1/../../../../arm-atollic-eabi/lib/armv7e-m/fpu/libc.a(lib_a-vfiprintf.o) (__swsetup_r)
/opt/Atollic_TrueSTUDIO_for_STM32_x86_64_9.3.0/ARMTools/bin/../lib/gcc/arm-atollic-eabi/6.3.1/../../../../arm-atollic-eabi/lib/armv7e-m/fpu/libc.a(lib_a-abort.o)
                              /opt/Atollic_TrueSTUDIO_for_STM32_x86_64_9.3.0/ARMTools/bin/../lib/gcc/arm-atollic-eabi/6.3.1/../../../../arm-atollic-eabi/lib/armv7e-m/fpu/libc.a(lib_a-assert.o) (abort)
/opt/Atollic_TrueSTUDIO_for_STM32_x86_64_9.3.0/ARMTools/bin/../lib/gcc/arm-atollic-eabi/6.3.1/../../../../arm-atollic-eabi/lib/armv7e-m/fpu/libc.a(lib_a-dtoa.o)
                              /opt/Atollic_TrueSTUDIO_for_STM32_x86_64_9.3.0/ARMTools/bin/../lib/gcc/arm-atollic-eabi/6.3.1/../../../../arm-atollic-eabi/lib/armv7e-m/fpu/libc.a(lib_a-svfprintf.o) (_dtoa_r)
/opt/Atollic_TrueSTUDIO_for_STM32_x86_64_9.3.0/ARMTools/bin/../lib/gcc/arm-atollic-eabi/6.3.1/../../../../arm-atollic-eabi/lib/armv7e-m/fpu/libc.a(lib_a-fflush.o)
                              /opt/Atollic_TrueSTUDIO_for_STM32_x86_64_9.3.0/ARMTools/bin/../lib/gcc/arm-atollic-eabi/6.3.1/../../../../arm-atollic-eabi/lib/armv7e-m/fpu/libc.a(lib_a-vfiprintf.o) (_fflush_r)
/opt/Atollic_TrueSTUDIO_for_STM32_x86_64_9.3.0/ARMTools/bin/../lib/gcc/arm-atollic-eabi/6.3.1/../../../../arm-atollic-eabi/lib/armv7e-m/fpu/libc.a(lib_a-findfp.o)
                              /opt/Atollic_TrueSTUDIO_for_STM32_x86_64_9.3.0/ARMTools/bin/../lib/gcc/arm-atollic-eabi/6.3.1/../../../../arm-atollic-eabi/lib/armv7e-m/fpu/libc.a(lib_a-vfiprintf.o) (__sinit)
/opt/Atollic_TrueSTUDIO_for_STM32_x86_64_9.3.0/ARMTools/bin/../lib/gcc/arm-atollic-eabi/6.3.1/../../../../arm-atollic-eabi/lib/armv7e-m/fpu/libc.a(lib_a-fputwc.o)
[...]
Memory Configuration

Name             Origin             Length             Attributes
RAM              0x0000000020000000 0x0000000000010000 xrw
CCMRAM           0x0000000010000000 0x0000000000004000 xrw
FLASH            0x0000000008000000 0x0000000000080000 xr
*default*        0x0000000000000000 0xffffffffffffffff

Linker script and memory map

LOAD /opt/Atollic_TrueSTUDIO_for_STM32_x86_64_9.3.0/ARMTools/bin/../lib/gcc/arm-atollic-eabi/6.3.1/armv7e-m/fpu/crti.o
LOAD /opt/Atollic_TrueSTUDIO_for_STM32_x86_64_9.3.0/ARMTools/bin/../lib/gcc/arm-atollic-eabi/6.3.1/armv7e-m/fpu/crtbegin.o
LOAD Drivers/STM32F3xx_HAL_Driver/Src/stm32f3xx_hal.o
LOAD Drivers/STM32F3xx_HAL_Driver/Src/stm32f3xx_hal_cortex.o
LOAD Drivers/STM32F3xx_HAL_Driver/Src/stm32f3xx_hal_dac.o
LOAD Drivers/STM32F3xx_HAL_Driver/Src/stm32f3xx_hal_dac_ex.o
LOAD Drivers/STM32F3xx_HAL_Driver/Src/stm32f3xx_hal_dma.o
LOAD Drivers/STM32F3xx_HAL_Driver/Src/stm32f3xx_hal_exti.o
LOAD Drivers/STM32F3xx_HAL_Driver/Src/stm32f3xx_hal_flash.o
LOAD Drivers/STM32F3xx_HAL_Driver/Src/stm32f3xx_hal_flash_ex.o
LOAD Drivers/STM32F3xx_HAL_Driver/Src/stm32f3xx_hal_gpio.o
LOAD Drivers/STM32F3xx_HAL_Driver/Src/stm32f3xx_hal_i2c.o
LOAD Drivers/STM32F3xx_HAL_Driver/Src/stm32f3xx_hal_i2c_ex.o
LOAD Drivers/STM32F3xx_HAL_Driver/Src/stm32f3xx_hal_pwr.o
LOAD Drivers/STM32F3xx_HAL_Driver/Src/stm32f3xx_hal_pwr_ex.o
LOAD Drivers/STM32F3xx_HAL_Driver/Src/stm32f3xx_hal_rcc.o
LOAD Drivers/STM32F3xx_HAL_Driver/Src/stm32f3xx_hal_rcc_ex.o
LOAD Drivers/STM32F3xx_HAL_Driver/Src/stm32f3xx_hal_tim.o
LOAD Drivers/STM32F3xx_HAL_Driver/Src/stm32f3xx_hal_tim_ex.o
LOAD Drivers/STM32F3xx_HAL_Driver/Src/stm32f3xx_hal_uart.o
LOAD Drivers/STM32F3xx_HAL_Driver/Src/stm32f3xx_hal_uart_ex.o
LOAD Middleware/Modbus/functions/mbfunccoils.o
LOAD Middleware/Modbus/functions/mbfuncdiag.o
LOAD Middleware/Modbus/functions/mbfuncdisc.o
LOAD Middleware/Modbus/functions/mbfuncholding.o
LOAD Middleware/Modbus/functions/mbfuncinput.o
LOAD Middleware/Modbus/functions/mbfuncother.o
LOAD Middleware/Modbus/functions/mbutils.o
LOAD Middleware/Modbus/mb.o
LOAD Middleware/Modbus/port/portevent.o
LOAD Middleware/Modbus/port/portserial.o
LOAD Middleware/Modbus/port/porttimer.o
LOAD Middleware/Modbus/rtu/mbcrc.o
LOAD Middleware/Modbus/rtu/mbrtu.o
LOAD Middlewares/Third_Party/FreeRTOS/Source/CMSIS_RTOS/cmsis_os.o
LOAD Middlewares/Third_Party/FreeRTOS/Source/croutine.o
LOAD Middlewares/Third_Party/FreeRTOS/Source/event_groups.o
LOAD Middlewares/Third_Party/FreeRTOS/Source/list.o
LOAD Middlewares/Third_Party/FreeRTOS/Source/portable/GCC/ARM_CM4F/port.o
LOAD Middlewares/Third_Party/FreeRTOS/Source/queue.o
LOAD Middlewares/Third_Party/FreeRTOS/Source/stream_buffer.o
LOAD Middlewares/Third_Party/FreeRTOS/Source/tasks.o
LOAD Middlewares/Third_Party/FreeRTOS/Source/timers.o
LOAD Src/adc.o
LOAD Src/energy.o
LOAD Src/fonts.o
LOAD Src/freertos.o
LOAD Src/main.o
LOAD Src/oled.o
LOAD Src/power.o
LOAD Src/soc.o
LOAD Src/sochelper.o
LOAD Src/stm32f3xx_hal_msp.o
LOAD Src/stm32f3xx_it.o
LOAD Src/syscalls.o
LOAD Src/system_stm32f3xx.o
LOAD startup/startup_stm32f303xe.o
                0x0000000000000080                malloc_getpagesize_P = 0x80
START GROUP
LOAD /opt/Atollic_TrueSTUDIO_for_STM32_x86_64_9.3.0/ARMTools/bin/../lib/gcc/arm-atollic-eabi/6.3.1/../../../../arm-atollic-eabi/lib/armv7e-m/fpu/libc.a
LOAD /opt/Atollic_TrueSTUDIO_for_STM32_x86_64_9.3.0/ARMTools/bin/../lib/gcc/arm-atollic-eabi/6.3.1/../../../../arm-atollic-eabi/lib/armv7e-m/fpu/libm.a
END GROUP
START GROUP
LOAD /opt/Atollic_TrueSTUDIO_for_STM32_x86_64_9.3.0/ARMTools/bin/../lib/gcc/arm-atollic-eabi/6.3.1/armv7e-m/fpu/libgcc.a
LOAD /opt/Atollic_TrueSTUDIO_for_STM32_x86_64_9.3.0/ARMTools/bin/../lib/gcc/arm-atollic-eabi/6.3.1/../../../../arm-atollic-eabi/lib/armv7e-m/fpu/libc.a
END GROUP
START GROUP
LOAD /opt/Atollic_TrueSTUDIO_for_STM32_x86_64_9.3.0/ARMTools/bin/../lib/gcc/arm-atollic-eabi/6.3.1/armv7e-m/fpu/libgcc.a
LOAD /opt/Atollic_TrueSTUDIO_for_STM32_x86_64_9.3.0/ARMTools/bin/../lib/gcc/arm-atollic-eabi/6.3.1/../../../../arm-atollic-eabi/lib/armv7e-m/fpu/libc.a
LOAD /opt/Atollic_TrueSTUDIO_for_STM32_x86_64_9.3.0/ARMTools/bin/../lib/gcc/arm-atollic-eabi/6.3.1/../../../../arm-atollic-eabi/lib/armv7e-m/fpu/libnosys.a
END GROUP
LOAD /opt/Atollic_TrueSTUDIO_for_STM32_x86_64_9.3.0/ARMTools/bin/../lib/gcc/arm-atollic-eabi/6.3.1/armv7e-m/fpu/crtend.o
LOAD /opt/Atollic_TrueSTUDIO_for_STM32_x86_64_9.3.0/ARMTools/bin/../lib/gcc/arm-atollic-eabi/6.3.1/armv7e-m/fpu/crtn.o
                0x0000000020010000                _estack = 0x20010000
                0x0000000000000200                _Min_Heap_Size = 0x200
                0x0000000000000400                _Min_Stack_Size = 0x400

.isr_vector     0x0000000008000000      0x194
                0x0000000008000000                . = ALIGN (0x4)
 *(.isr_vector)
 .isr_vector    0x0000000008000000      0x194 startup/startup_stm32f303xe.o
                0x0000000008000000                g_pfnVectors
                0x0000000008000194                . = ALIGN (0x4)

.text           0x00000000080001a0     0x999c
                0x00000000080001a0                . = ALIGN (0x4)
 *(.text)
 .text          0x00000000080001a0       0x40 /opt/Atollic_TrueSTUDIO_for_STM32_x86_64_9.3.0/ARMTools/bin/../lib/gcc/arm-atollic-eabi/6.3.1/armv7e-m/fpu/crtbegin.o
 .text          0x00000000080001e0       0xa0 /opt/Atollic_TrueSTUDIO_for_STM32_x86_64_9.3.0/ARMTools/bin/../lib/gcc/arm-atollic-eabi/6.3.1/../../../../arm-atollic-eabi/lib/armv7e-m/fpu/libc.a(lib_a-memchr.o)
                0x00000000080001e0                memchr
 .text          0x0000000008000280       0x10 /opt/Atollic_TrueSTUDIO_for_STM32_x86_64_9.3.0/ARMTools/bin/../lib/gcc/arm-atollic-eabi/6.3.1/../../../../arm-atollic-eabi/lib/armv7e-m/fpu/libc.a(lib_a-strlen.o)
                0x0000000008000280                strlen
 .text          0x0000000008000290      0x370 /opt/Atollic_TrueSTUDIO_for_STM32_x86_64_9.3.0/ARMTools/bin/../lib/gcc/arm-atollic-eabi/6.3.1/armv7e-m/fpu/libgcc.a(_arm_addsubdf3.o)
                0x0000000008000290                __aeabi_drsub
                0x0000000008000298                __aeabi_dsub
                0x0000000008000298                __subdf3
                0x000000000800029c                __adddf3
                0x000000000800029c                __aeabi_dadd
                0x0000000008000514                __aeabi_ui2d
                0x0000000008000514                __floatunsidf
                0x0000000008000534                __floatsidf
                0x0000000008000534                __aeabi_i2d
                0x0000000008000558                __extendsfdf2
                0x0000000008000558                __aeabi_f2d
                0x0000000008000594                __aeabi_ul2d
                0x0000000008000594                __floatundidf
                0x00000000080005a4                __floatdidf
                0x00000000080005a4                __aeabi_l2d
 .text          0x0000000008000600      0x424 /opt/Atollic_TrueSTUDIO_for_STM32_x86_64_9.3.0/ARMTools/bin/../lib/gcc/arm-atollic-eabi/6.3.1/armv7e-m/fpu/libgcc.a(_arm_muldivdf3.o)
                0x0000000008000600                __aeabi_dmul
                0x0000000008000600                __muldf3
                0x0000000008000854                __aeabi_ddiv
                0x0000000008000854                __divdf3
 .text          0x0000000008000a24      0x110 /opt/Atollic_TrueSTUDIO_for_STM32_x86_64_9.3.0/ARMTools/bin/../lib/gcc/arm-atollic-eabi/6.3.1/armv7e-m/fpu/libgcc.a(_arm_cmpdf2.o)
                0x0000000008000a24                __gtdf2
                0x0000000008000a24                __gedf2
                0x0000000008000a2c                __ltdf2
                0x0000000008000a2c                __ledf2
                0x0000000008000a34                __cmpdf2
                0x0000000008000a34                __eqdf2
                0x0000000008000a34                __nedf2
                0x0000000008000ab0                __aeabi_cdrcmple
                0x0000000008000ac0                __aeabi_cdcmple
                0x0000000008000ac0                __aeabi_cdcmpeq
                0x0000000008000ad0                __aeabi_dcmpeq
                0x0000000008000ae4                __aeabi_dcmplt
                0x0000000008000af8                __aeabi_dcmple
                0x0000000008000b0c                __aeabi_dcmpge
                0x0000000008000b20                __aeabi_dcmpgt
 .text          0x0000000008000b34       0x2c /opt/Atollic_TrueSTUDIO_for_STM32_x86_64_9.3.0/ARMTools/bin/../lib/gcc/arm-atollic-eabi/6.3.1/armv7e-m/fpu/libgcc.a(_arm_unorddf2.o)
                0x0000000008000b34                __aeabi_dcmpun
                0x0000000008000b34                __unorddf2
 .text          0x0000000008000b60       0x50 /opt/Atollic_TrueSTUDIO_for_STM32_x86_64_9.3.0/ARMTools/bin/../lib/gcc/arm-atollic-eabi/6.3.1/armv7e-m/fpu/libgcc.a(_arm_fixdfsi.o)
                0x0000000008000b60                __fixdfsi
                0x0000000008000b60                __aeabi_d2iz
 .text          0x0000000008000bb0       0x40 /opt/Atollic_TrueSTUDIO_for_STM32_x86_64_9.3.0/ARMTools/bin/../lib/gcc/arm-atollic-eabi/6.3.1/armv7e-m/fpu/libgcc.a(_arm_fixunsdfsi.o)
                0x0000000008000bb0                __fixunsdfsi
                0x0000000008000bb0                __aeabi_d2uiz
 .text          0x0000000008000bf0       0xa0 /opt/Atollic_TrueSTUDIO_for_STM32_x86_64_9.3.0/ARMTools/bin/../lib/gcc/arm-atollic-eabi/6.3.1/armv7e-m/fpu/libgcc.a(_arm_truncdfsf2.o)
                0x0000000008000bf0                __aeabi_d2f
                0x0000000008000bf0                __truncdfsf2
 .text          0x0000000008000c90       0x30 /opt/Atollic_TrueSTUDIO_for_STM32_x86_64_9.3.0/ARMTools/bin/../lib/gcc/arm-atollic-eabi/6.3.1/armv7e-m/fpu/libgcc.a(_aeabi_uldivmod.o)
                0x0000000008000c90                __aeabi_uldivmod
 .text          0x0000000008000cc0      0x2dc /opt/Atollic_TrueSTUDIO_for_STM32_x86_64_9.3.0/ARMTools/bin/../lib/gcc/arm-atollic-eabi/6.3.1/armv7e-m/fpu/libgcc.a(_udivmoddi4.o)
                0x0000000008000cc0                __udivmoddi4
 .text          0x0000000008000f9c        0x4 /opt/Atollic_TrueSTUDIO_for_STM32_x86_64_9.3.0/ARMTools/bin/../lib/gcc/arm-atollic-eabi/6.3.1/armv7e-m/fpu/libgcc.a(_dvmd_tls.o)
                0x0000000008000f9c                __aeabi_ldiv0
                0x0000000008000f9c                __aeabi_idiv0
 *(.text*)
 .text.HAL_InitTick
                0x0000000008000fa0       0x48 Drivers/STM32F3xx_HAL_Driver/Src/stm32f3xx_hal.o
                0x0000000008000fa0                HAL_InitTick
 .text.HAL_Init
                0x0000000008000fe8       0x24 Drivers/STM32F3xx_HAL_Driver/Src/stm32f3xx_hal.o
                0x0000000008000fe8                HAL_Init
 .text.HAL_IncTick
                0x000000000800100c       0x18 Drivers/STM32F3xx_HAL_Driver/Src/stm32f3xx_hal.o
                0x000000000800100c                HAL_IncTick
 .text.HAL_GetTick
                0x0000000008001024        0xc Drivers/STM32F3xx_HAL_Driver/Src/stm32f3xx_hal.o
                0x0000000008001024                HAL_GetTick
 .text.HAL_Delay
                0x0000000008001030       0x28 Drivers/STM32F3xx_HAL_Driver/Src/stm32f3xx_hal.o
                0x0000000008001030                HAL_Delay
 .text.HAL_NVIC_SetPriorityGrouping
                0x0000000008001058       0x24 Drivers/STM32F3xx_HAL_Driver/Src/stm32f3xx_hal_cortex.o
                0x0000000008001058                HAL_NVIC_SetPriorityGrouping
 .text.HAL_NVIC_SetPriority
                0x000000000800107c       0x68 Drivers/STM32F3xx_HAL_Driver/Src/stm32f3xx_hal_cortex.o
                0x000000000800107c                HAL_NVIC_SetPriority
 .text.HAL_NVIC_EnableIRQ
                0x00000000080010e4       0x1c Drivers/STM32F3xx_HAL_Driver/Src/stm32f3xx_hal_cortex.o
                0x00000000080010e4                HAL_NVIC_EnableIRQ
 .text.HAL_SYSTICK_Config
                0x0000000008001100       0x2c Drivers/STM32F3xx_HAL_Driver/Src/stm32f3xx_hal_cortex.o
                0x0000000008001100                HAL_SYSTICK_Config
 .text.HAL_DAC_Init
                0x000000000800112c       0x26 Drivers/STM32F3xx_HAL_Driver/Src/stm32f3xx_hal_dac.o
                0x000000000800112c                HAL_DAC_Init
 .text.HAL_DAC_DMAUnderrunCallbackCh1
                0x0000000008001152        0x2 Drivers/STM32F3xx_HAL_Driver/Src/stm32f3xx_hal_dac.o
                0x0000000008001152                HAL_DAC_DMAUnderrunCallbackCh1
 .text.HAL_DAC_SetValue
                0x0000000008001154       0x24 Drivers/STM32F3xx_HAL_Driver/Src/stm32f3xx_hal_dac_ex.o
                0x0000000008001154                HAL_DAC_SetValue
 .text.HAL_DAC_Start
                0x0000000008001178       0x4e Drivers/STM32F3xx_HAL_Driver/Src/stm32f3xx_hal_dac_ex.o
                0x0000000008001178                HAL_DAC_Start
 .text.HAL_DAC_ConfigChannel
                0x00000000080011c6       0x40 Drivers/STM32F3xx_HAL_Driver/Src/stm32f3xx_hal_dac_ex.o
                0x00000000080011c6                HAL_DAC_ConfigChannel
 .text.HAL_DACEx_DMAUnderrunCallbackCh2
                0x0000000008001206        0x2 Drivers/STM32F3xx_HAL_Driver/Src/stm32f3xx_hal_dac_ex.o
                0x0000000008001206                HAL_DACEx_DMAUnderrunCallbackCh2
 .text.HAL_DAC_IRQHandler
                0x0000000008001208       0x60 Drivers/STM32F3xx_HAL_Driver/Src/stm32f3xx_hal_dac_ex.o
                0x0000000008001208                HAL_DAC_IRQHandler
 .text.HAL_DMA_Abort_IT
                0x0000000008001268       0x48 Drivers/STM32F3xx_HAL_Driver/Src/stm32f3xx_hal_dma.o
                0x0000000008001268                HAL_DMA_Abort_IT
 .text.HAL_GPIO_Init
                0x00000000080012b0      0x1a0 Drivers/STM32F3xx_HAL_Driver/Src/stm32f3xx_hal_gpio.o
                0x00000000080012b0                HAL_GPIO_Init
 .text.HAL_GPIO_ReadPin
                0x0000000008001450        0xc Drivers/STM32F3xx_HAL_Driver/Src/stm32f3xx_hal_gpio.o
                0x0000000008001450                HAL_GPIO_ReadPin
 .text.HAL_GPIO_WritePin
                0x000000000800145c        0xa Drivers/STM32F3xx_HAL_Driver/Src/stm32f3xx_hal_gpio.o
                0x000000000800145c                HAL_GPIO_WritePin
 .text.HAL_GPIO_TogglePin
                0x0000000008001466        0xc Drivers/STM32F3xx_HAL_Driver/Src/stm32f3xx_hal_gpio.o
                0x0000000008001466                HAL_GPIO_TogglePin
 *fill*         0x0000000008001472        0x2 
 .text.HAL_GPIO_EXTI_IRQHandler
                0x0000000008001474       0x18 Drivers/STM32F3xx_HAL_Driver/Src/stm32f3xx_hal_gpio.o
                0x0000000008001474                HAL_GPIO_EXTI_IRQHandler
 .text.I2C_Flush_TXDR
                0x000000000800148c       0x1c Drivers/STM32F3xx_HAL_Driver/Src/stm32f3xx_hal_i2c.o
 .text.I2C_TransferConfig
                0x00000000080014a8       0x34 Drivers/STM32F3xx_HAL_Driver/Src/stm32f3xx_hal_i2c.o
 .text.I2C_WaitOnFlagUntilTimeout
                0x00000000080014dc       0x56 Drivers/STM32F3xx_HAL_Driver/Src/stm32f3xx_hal_i2c.o
 .text.I2C_IsAcknowledgeFailed
                0x0000000008001532       0x7a Drivers/STM32F3xx_HAL_Driver/Src/stm32f3xx_hal_i2c.o
 .text.I2C_WaitOnTXISFlagUntilTimeout
                0x00000000080015ac       0x4e Drivers/STM32F3xx_HAL_Driver/Src/stm32f3xx_hal_i2c.o
 *fill*         0x00000000080015fa        0x2 
 .text.I2C_RequestMemoryWrite
                0x00000000080015fc       0x64 Drivers/STM32F3xx_HAL_Driver/Src/stm32f3xx_hal_i2c.o
 .text.I2C_RequestMemoryRead
                0x0000000008001660       0x64 Drivers/STM32F3xx_HAL_Driver/Src/stm32f3xx_hal_i2c.o
 .text.I2C_WaitOnSTOPFlagUntilTimeout
                0x00000000080016c4       0x4a Drivers/STM32F3xx_HAL_Driver/Src/stm32f3xx_hal_i2c.o
 .text.HAL_I2C_Init
                0x000000000800170e       0xa2 Drivers/STM32F3xx_HAL_Driver/Src/stm32f3xx_hal_i2c.o
                0x000000000800170e                HAL_I2C_Init
 .text.HAL_I2C_Mem_Write
                0x00000000080017b0      0x16e Drivers/STM32F3xx_HAL_Driver/Src/stm32f3xx_hal_i2c.o
                0x00000000080017b0                HAL_I2C_Mem_Write
 *fill*         0x000000000800191e        0x2 
 .text.HAL_I2C_Mem_Read
                0x0000000008001920      0x17c Drivers/STM32F3xx_HAL_Driver/Src/stm32f3xx_hal_i2c.o
                0x0000000008001920                HAL_I2C_Mem_Read
 .text.HAL_I2CEx_ConfigAnalogFilter
                0x0000000008001a9c       0x4c Drivers/STM32F3xx_HAL_Driver/Src/stm32f3xx_hal_i2c_ex.o
                0x0000000008001a9c                HAL_I2CEx_ConfigAnalogFilter
 .text.HAL_I2CEx_ConfigDigitalFilter
                0x0000000008001ae8       0x4a Drivers/STM32F3xx_HAL_Driver/Src/stm32f3xx_hal_i2c_ex.o
                0x0000000008001ae8                HAL_I2CEx_ConfigDigitalFilter
 *fill*         0x0000000008001b32        0x2 
 .text.HAL_RCC_OscConfig
                0x0000000008001b34      0x538 Drivers/STM32F3xx_HAL_Driver/Src/stm32f3xx_hal_rcc.o
                0x0000000008001b34                HAL_RCC_OscConfig
 .text.HAL_RCC_GetSysClockFreq
                0x000000000800206c       0x58 Drivers/STM32F3xx_HAL_Driver/Src/stm32f3xx_hal_rcc.o
                0x000000000800206c                HAL_RCC_GetSysClockFreq
 .text.HAL_RCC_ClockConfig
                0x00000000080020c4      0x15c Drivers/STM32F3xx_HAL_Driver/Src/stm32f3xx_hal_rcc.o
                0x00000000080020c4                HAL_RCC_ClockConfig
 .text.HAL_RCC_GetPCLK1Freq
                0x0000000008002220       0x30 Drivers/STM32F3xx_HAL_Driver/Src/stm32f3xx_hal_rcc.o
                0x0000000008002220                HAL_RCC_GetPCLK1Freq
 .text.HAL_RCC_GetPCLK2Freq
                0x0000000008002250       0x30 Drivers/STM32F3xx_HAL_Driver/Src/stm32f3xx_hal_rcc.o
                0x0000000008002250                HAL_RCC_GetPCLK2Freq
 .text.HAL_RCCEx_PeriphCLKConfig
                0x0000000008002280      0x288 Drivers/STM32F3xx_HAL_Driver/Src/stm32f3xx_hal_rcc_ex.o
                0x0000000008002280                HAL_RCCEx_PeriphCLKConfig
 .text.HAL_TIM_Base_Start_IT
                0x0000000008002508       0x2c Drivers/STM32F3xx_HAL_Driver/Src/stm32f3xx_hal_tim.o
                0x0000000008002508                HAL_TIM_Base_Start_IT
 .text.HAL_TIM_Base_Stop_IT
                0x0000000008002534       0x2a Drivers/STM32F3xx_HAL_Driver/Src/stm32f3xx_hal_tim.o
                0x0000000008002534                HAL_TIM_Base_Stop_IT
 .text.HAL_TIM_OC_DelayElapsedCallback
                0x000000000800255e        0x2 Drivers/STM32F3xx_HAL_Driver/Src/stm32f3xx_hal_tim.o
                0x000000000800255e                HAL_TIM_OC_DelayElapsedCallback
 .text.HAL_TIM_IC_CaptureCallback
                0x0000000008002560        0x2 Drivers/STM32F3xx_HAL_Driver/Src/stm32f3xx_hal_tim.o
                0x0000000008002560                HAL_TIM_IC_CaptureCallback
 .text.HAL_TIM_PWM_PulseFinishedCallback
                0x0000000008002562        0x2 Drivers/STM32F3xx_HAL_Driver/Src/stm32f3xx_hal_tim.o
                0x0000000008002562                HAL_TIM_PWM_PulseFinishedCallback
 .text.HAL_TIM_TriggerCallback
                0x0000000008002564        0x2 Drivers/STM32F3xx_HAL_Driver/Src/stm32f3xx_hal_tim.o
                0x0000000008002564                HAL_TIM_TriggerCallback
 .text.HAL_TIM_IRQHandler
                0x0000000008002566      0x160 Drivers/STM32F3xx_HAL_Driver/Src/stm32f3xx_hal_tim.o
                0x0000000008002566                HAL_TIM_IRQHandler
 *fill*         0x00000000080026c6        0x2 
 .text.TIM_Base_SetConfig
                0x00000000080026c8       0xd4 Drivers/STM32F3xx_HAL_Driver/Src/stm32f3xx_hal_tim.o
                0x00000000080026c8                TIM_Base_SetConfig
 .text.HAL_TIM_Base_Init
                0x000000000800279c       0x34 Drivers/STM32F3xx_HAL_Driver/Src/stm32f3xx_hal_tim.o
                0x000000000800279c                HAL_TIM_Base_Init
 .text.HAL_TIMEx_MasterConfigSynchronization
                0x00000000080027d0       0x98 Drivers/STM32F3xx_HAL_Driver/Src/stm32f3xx_hal_tim_ex.o
                0x00000000080027d0                HAL_TIMEx_MasterConfigSynchronization
 .text.HAL_TIMEx_CommutCallback
                0x0000000008002868        0x2 Drivers/STM32F3xx_HAL_Driver/Src/stm32f3xx_hal_tim_ex.o
                0x0000000008002868                HAL_TIMEx_CommutCallback
 .text.HAL_TIMEx_BreakCallback
                0x000000000800286a        0x2 Drivers/STM32F3xx_HAL_Driver/Src/stm32f3xx_hal_tim_ex.o
                0x000000000800286a                HAL_TIMEx_BreakCallback
 .text.HAL_TIMEx_Break2Callback
                0x000000000800286c        0x2 Drivers/STM32F3xx_HAL_Driver/Src/stm32f3xx_hal_tim_ex.o
                0x000000000800286c                HAL_TIMEx_Break2Callback
 .text.UART_EndRxTransfer
                0x000000000800286e       0x1c Drivers/STM32F3xx_HAL_Driver/Src/stm32f3xx_hal_uart.o
 .text.HAL_UART_TxCpltCallback
                0x000000000800288a        0x2 Drivers/STM32F3xx_HAL_Driver/Src/stm32f3xx_hal_uart.o
                0x000000000800288a                HAL_UART_TxCpltCallback
 .text.HAL_UART_ErrorCallback
                0x000000000800288c        0x2 Drivers/STM32F3xx_HAL_Driver/Src/stm32f3xx_hal_uart.o
                0x000000000800288c                HAL_UART_ErrorCallback
 *fill*         0x000000000800288e        0x2 
 .text.HAL_UART_IRQHandler
                0x0000000008002890      0x148 Drivers/STM32F3xx_HAL_Driver/Src/stm32f3xx_hal_uart.o
                0x0000000008002890                HAL_UART_IRQHandler
 .text.UART_DMAAbortOnError
                0x00000000080029d8       0x14 Drivers/STM32F3xx_HAL_Driver/Src/stm32f3xx_hal_uart.o
 .text.UART_SetConfig
                0x00000000080029ec      0x220 Drivers/STM32F3xx_HAL_Driver/Src/stm32f3xx_hal_uart.o
                0x00000000080029ec                UART_SetConfig
 .text.UART_AdvFeatureConfig
                0x0000000008002c0c       0xa8 Drivers/STM32F3xx_HAL_Driver/Src/stm32f3xx_hal_uart.o
                0x0000000008002c0c                UART_AdvFeatureConfig
 .text.UART_WaitOnFlagUntilTimeout
                0x0000000008002cb4       0x86 Drivers/STM32F3xx_HAL_Driver/Src/stm32f3xx_hal_uart.o
                0x0000000008002cb4                UART_WaitOnFlagUntilTimeout
 .text.HAL_UART_Transmit
                0x0000000008002d3a       0xae Drivers/STM32F3xx_HAL_Driver/Src/stm32f3xx_hal_uart.o
                0x0000000008002d3a                HAL_UART_Transmit
 .text.UART_CheckIdleState
                0x0000000008002de8       0x60 Drivers/STM32F3xx_HAL_Driver/Src/stm32f3xx_hal_uart.o
                0x0000000008002de8                UART_CheckIdleState
 .text.HAL_UART_Init
                0x0000000008002e48       0x5c Drivers/STM32F3xx_HAL_Driver/Src/stm32f3xx_hal_uart.o
                0x0000000008002e48                HAL_UART_Init
 .text.HAL_UARTEx_WakeupCallback
                0x0000000008002ea4        0x2 Drivers/STM32F3xx_HAL_Driver/Src/stm32f3xx_hal_uart_ex.o
                0x0000000008002ea4                HAL_UARTEx_WakeupCallback
 .text.eMBFuncReadCoils
                0x0000000008002ea6       0x6c Middleware/Modbus/functions/mbfunccoils.o
                0x0000000008002ea6                eMBFuncReadCoils
 .text.eMBFuncWriteCoil
                0x0000000008002f12       0x4a Middleware/Modbus/functions/mbfunccoils.o
                0x0000000008002f12                eMBFuncWriteCoil
 .text.eMBFuncWriteMultipleCoils
                0x0000000008002f5c       0x58 Middleware/Modbus/functions/mbfunccoils.o
                0x0000000008002f5c                eMBFuncWriteMultipleCoils
 .text.eMBFuncReadDiscreteInputs
                0x0000000008002fb4       0x6a Middleware/Modbus/functions/mbfuncdisc.o
                0x0000000008002fb4                eMBFuncReadDiscreteInputs
 .text.eMBFuncWriteHoldingRegister
                0x000000000800301e       0x2e Middleware/Modbus/functions/mbfuncholding.o
                0x000000000800301e                eMBFuncWriteHoldingRegister
 .text.eMBFuncWriteMultipleHoldingRegister
                0x000000000800304c       0x4a Middleware/Modbus/functions/mbfuncholding.o
                0x000000000800304c                eMBFuncWriteMultipleHoldingRegister
 .text.eMBFuncReadHoldingRegister
                0x0000000008003096       0x58 Middleware/Modbus/functions/mbfuncholding.o
                0x0000000008003096                eMBFuncReadHoldingRegister
 .text.eMBFuncReadWriteMultipleHoldingRegister
                0x00000000080030ee       0x9c Middleware/Modbus/functions/mbfuncholding.o
                0x00000000080030ee                eMBFuncReadWriteMultipleHoldingRegister
 .text.eMBFuncReadInputRegister
                0x000000000800318a       0x58 Middleware/Modbus/functions/mbfuncinput.o
                0x000000000800318a                eMBFuncReadInputRegister
 *fill*         0x00000000080031e2        0x2 
 .text.eMBFuncReportSlaveID
                0x00000000080031e4       0x24 Middleware/Modbus/functions/mbfuncother.o
                0x00000000080031e4                eMBFuncReportSlaveID
 .text.prveMBError2Exception
                0x0000000008003208       0x10 Middleware/Modbus/functions/mbutils.o
                0x0000000008003208                prveMBError2Exception
 .text.eMBInit  0x0000000008003218       0xb0 Middleware/Modbus/mb.o
                0x0000000008003218                eMBInit
 .text.eMBEnable
                0x00000000080032c8       0x24 Middleware/Modbus/mb.o
                0x00000000080032c8                eMBEnable
 .text.eMBPoll  0x00000000080032ec       0xec Middleware/Modbus/mb.o
                0x00000000080032ec                eMBPoll
 .text.xMBPortEventInit
                0x00000000080033d8       0x10 Middleware/Modbus/port/portevent.o
                0x00000000080033d8                xMBPortEventInit
 .text.xMBPortEventPost
                0x00000000080033e8       0x18 Middleware/Modbus/port/portevent.o
                0x00000000080033e8                xMBPortEventPost
 .text.xMBPortEventGet
                0x0000000008003400       0x20 Middleware/Modbus/port/portevent.o
                0x0000000008003400                xMBPortEventGet
 .text.vMBPortSerialEnable
                0x0000000008003420       0x30 Middleware/Modbus/port/portserial.o
                0x0000000008003420                vMBPortSerialEnable
 .text.xMBPortSerialInit
                0x0000000008003450        0x4 Middleware/Modbus/port/portserial.o
                0x0000000008003450                xMBPortSerialInit
 .text.xMBPortSerialPutByte
                0x0000000008003454       0x24 Middleware/Modbus/port/portserial.o
                0x0000000008003454                xMBPortSerialPutByte
 .text.xMBPortSerialGetByte
                0x0000000008003478       0x10 Middleware/Modbus/port/portserial.o
                0x0000000008003478                xMBPortSerialGetByte
 .text.xMBPortTimersInit
                0x0000000008003488       0x58 Middleware/Modbus/port/porttimer.o
                0x0000000008003488                xMBPortTimersInit
 .text.vMBPortTimersEnable
                0x00000000080034e0       0x1c Middleware/Modbus/port/porttimer.o
                0x00000000080034e0                vMBPortTimersEnable
 .text.vMBPortTimersDisable
                0x00000000080034fc        0xc Middleware/Modbus/port/porttimer.o
                0x00000000080034fc                vMBPortTimersDisable
 .text.usMBCRC16
                0x0000000008003508       0x2c Middleware/Modbus/rtu/mbcrc.o
                0x0000000008003508                usMBCRC16
 .text.eMBRTUInit
                0x0000000008003534       0x38 Middleware/Modbus/rtu/mbrtu.o
                0x0000000008003534                eMBRTUInit
 .text.eMBRTUStart
                0x000000000800356c       0x1c Middleware/Modbus/rtu/mbrtu.o
                0x000000000800356c                eMBRTUStart
 .text.eMBRTUStop
                0x0000000008003588       0x12 Middleware/Modbus/rtu/mbrtu.o
                0x0000000008003588                eMBRTUStop
 *fill*         0x000000000800359a        0x2 
 .text.eMBRTUReceive
                0x000000000800359c       0x68 Middleware/Modbus/rtu/mbrtu.o
                0x000000000800359c                eMBRTUReceive
 .text.eMBRTUSend
                0x0000000008003604       0x78 Middleware/Modbus/rtu/mbrtu.o
                0x0000000008003604                eMBRTUSend
 .text.xMBRTUReceiveFSM
                0x000000000800367c       0x94 Middleware/Modbus/rtu/mbrtu.o
                0x000000000800367c                xMBRTUReceiveFSM
 .text.xMBRTUTransmitFSM
                0x0000000008003710       0x88 Middleware/Modbus/rtu/mbrtu.o
                0x0000000008003710                xMBRTUTransmitFSM
 .text.xMBRTUTimerT35Expired
                0x0000000008003798       0x64 Middleware/Modbus/rtu/mbrtu.o
                0x0000000008003798                xMBRTUTimerT35Expired
 .text.osKernelStart
                0x00000000080037fc        0xa Middlewares/Third_Party/FreeRTOS/Source/CMSIS_RTOS/cmsis_os.o
                0x00000000080037fc                osKernelStart
 .text.osThreadCreate
                0x0000000008003806       0x2a Middlewares/Third_Party/FreeRTOS/Source/CMSIS_RTOS/cmsis_os.o
                0x0000000008003806                osThreadCreate
 .text.osDelay  0x0000000008003830       0x10 Middlewares/Third_Party/FreeRTOS/Source/CMSIS_RTOS/cmsis_os.o
                0x0000000008003830                osDelay
 .text.vListInitialise
                0x0000000008003840       0x16 Middlewares/Third_Party/FreeRTOS/Source/list.o
                0x0000000008003840                vListInitialise
 .text.vListInitialiseItem
                0x0000000008003856        0x6 Middlewares/Third_Party/FreeRTOS/Source/list.o
                0x0000000008003856                vListInitialiseItem
 .text.vListInsertEnd
                0x000000000800385c       0x18 Middlewares/Third_Party/FreeRTOS/Source/list.o
                0x000000000800385c                vListInsertEnd
 .text.vListInsert
                0x0000000008003874       0x2e Middlewares/Third_Party/FreeRTOS/Source/list.o
                0x0000000008003874                vListInsert
 .text.uxListRemove
                0x00000000080038a2       0x22 Middlewares/Third_Party/FreeRTOS/Source/list.o
                0x00000000080038a2                uxListRemove
 .text.prvTaskExitError
                0x00000000080038c4       0x40 Middlewares/Third_Party/FreeRTOS/Source/portable/GCC/ARM_CM4F/port.o
 .text.unlikely.prvPortStartFirstTask
                0x0000000008003904       0x28 Middlewares/Third_Party/FreeRTOS/Source/portable/GCC/ARM_CM4F/port.o
 .text.unlikely.vPortEnableVFP
                0x000000000800392c       0x14 Middlewares/Third_Party/FreeRTOS/Source/portable/GCC/ARM_CM4F/port.o
 .text.pxPortInitialiseStack
                0x0000000008003940       0x2c Middlewares/Third_Party/FreeRTOS/Source/portable/GCC/ARM_CM4F/port.o
                0x0000000008003940                pxPortInitialiseStack
 *fill*         0x000000000800396c        0x4 
 .text.SVC_Handler
                0x0000000008003970       0x24 Middlewares/Third_Party/FreeRTOS/Source/portable/GCC/ARM_CM4F/port.o
                0x0000000008003970                SVC_Handler
 .text.vPortEnterCritical
                0x0000000008003994       0x44 Middlewares/Third_Party/FreeRTOS/Source/portable/GCC/ARM_CM4F/port.o
                0x0000000008003994                vPortEnterCritical
 .text.vPortExitCritical
                0x00000000080039d8       0x28 Middlewares/Third_Party/FreeRTOS/Source/portable/GCC/ARM_CM4F/port.o
                0x00000000080039d8                vPortExitCritical
 .text.PendSV_Handler
                0x0000000008003a00       0x64 Middlewares/Third_Party/FreeRTOS/Source/portable/GCC/ARM_CM4F/port.o
                0x0000000008003a00                PendSV_Handler
 .text.xPortSysTickHandler
                0x0000000008003a64       0x2c Middlewares/Third_Party/FreeRTOS/Source/portable/GCC/ARM_CM4F/port.o
                0x0000000008003a64                xPortSysTickHandler
 .text.vPortSetupTimerInterrupt
                0x0000000008003a90       0x34 Middlewares/Third_Party/FreeRTOS/Source/portable/GCC/ARM_CM4F/port.o
                0x0000000008003a90                vPortSetupTimerInterrupt
 .text.xPortStartScheduler
                0x0000000008003ac4      0x10c Middlewares/Third_Party/FreeRTOS/Source/portable/GCC/ARM_CM4F/port.o
                0x0000000008003ac4                xPortStartScheduler
 .text.prvIdleTask
                0x0000000008003bd0       0x5c Middlewares/Third_Party/FreeRTOS/Source/tasks.o
 .text.prvResetNextTaskUnblockTime
                0x0000000008003c2c       0x24 Middlewares/Third_Party/FreeRTOS/Source/tasks.o
 .text.prvAddCurrentTaskToDelayedList
                0x0000000008003c50       0x8c Middlewares/Third_Party/FreeRTOS/Source/tasks.o
 .text.xTaskCreateStatic
                0x0000000008003cdc      0x1b8 Middlewares/Third_Party/FreeRTOS/Source/tasks.o
                0x0000000008003cdc                xTaskCreateStatic
 .text.vTaskStartScheduler
                0x0000000008003e94       0x6c Middlewares/Third_Party/FreeRTOS/Source/tasks.o
                0x0000000008003e94                vTaskStartScheduler
 .text.vTaskSuspendAll
                0x0000000008003f00       0x10 Middlewares/Third_Party/FreeRTOS/Source/tasks.o
                0x0000000008003f00                vTaskSuspendAll
 .text.xTaskIncrementTick
                0x0000000008003f10      0x124 Middlewares/Third_Party/FreeRTOS/Source/tasks.o
                0x0000000008003f10                xTaskIncrementTick
 .text.xTaskResumeAll
                0x0000000008004034       0xf0 Middlewares/Third_Party/FreeRTOS/Source/tasks.o
                0x0000000008004034                xTaskResumeAll
 .text.vTaskDelay
                0x0000000008004124       0x48 Middlewares/Third_Party/FreeRTOS/Source/tasks.o
                0x0000000008004124                vTaskDelay
 .text.vTaskSwitchContext
                0x000000000800416c       0x74 Middlewares/Third_Party/FreeRTOS/Source/tasks.o
                0x000000000800416c                vTaskSwitchContext
 .text.xTaskGetSchedulerState
                0x00000000080041e0       0x20 Middlewares/Third_Party/FreeRTOS/Source/tasks.o
                0x00000000080041e0                xTaskGetSchedulerState
 .text.LTC2990_ConfigureControlReg
                0x0000000008004200       0x24 Src/adc.o
                0x0000000008004200                LTC2990_ConfigureControlReg
 .text.LTC2990_Trigger
                0x0000000008004224       0x24 Src/adc.o
                0x0000000008004224                LTC2990_Trigger
 .text.LTC2990_WaitForConversion
                0x0000000008004248       0x52 Src/adc.o
                0x0000000008004248                LTC2990_WaitForConversion
 *fill*         0x000000000800429a        0x6 
 .text.LTC2990_ReadVcc
                0x00000000080042a0       0x94 Src/adc.o
                0x00000000080042a0                LTC2990_ReadVcc
 *fill*         0x0000000008004334        0x4 
 .text.LTC2990_ReadV2
                0x0000000008004338       0x90 Src/adc.o
                0x0000000008004338                LTC2990_ReadV2
 .text.LTC2990_ReadV1
                0x00000000080043c8       0x90 Src/adc.o
                0x00000000080043c8                LTC2990_ReadV1
 .text.LTC2990_ReadCurrent
                0x0000000008004458       0x3c Src/adc.o
                0x0000000008004458                LTC2990_ReadCurrent
 .text.LTC2990_ReadVoltage
                0x0000000008004494       0x24 Src/adc.o
                0x0000000008004494                LTC2990_ReadVoltage
 .text.vApplicationGetIdleTaskMemory
                0x00000000080044b8       0x18 Src/freertos.o
                0x00000000080044b8                vApplicationGetIdleTaskMemory
 .text.SystemClock_Config
                0x00000000080044d0       0x78 Src/main.o
                0x00000000080044d0                SystemClock_Config
 .text.startup.main
                0x0000000008004548      0x2d0 Src/main.o
                0x0000000008004548                main
 .text.getLatestADCValues
                0x0000000008004818       0x5c Src/main.o
                0x0000000008004818                getLatestADCValues
 .text.updateOLED
                0x0000000008004874      0x1b0 Src/main.o
                0x0000000008004874                updateOLED
 .text.updateModbusInputRegisters
                0x0000000008004a24       0xa0 Src/main.o
                0x0000000008004a24                updateModbusInputRegisters
 .text.calcSOC  0x0000000008004ac4       0x54 Src/main.o
                0x0000000008004ac4                calcSOC
 .text.StartDefaultTask
                0x0000000008004b18       0x44 Src/main.o
                0x0000000008004b18                StartDefaultTask
 .text.HAL_GPIO_EXTI_Callback
                0x0000000008004b5c       0x18 Src/main.o
                0x0000000008004b5c                HAL_GPIO_EXTI_Callback
 *fill*         0x0000000008004b74        0x4 
 .text.Discharging_Set
                0x0000000008004b78       0x5c Src/main.o
                0x0000000008004b78                Discharging_Set
 .text.Change_State.part.2
                0x0000000008004bd4       0x1c Src/main.o
 .text.Charging_Enable
                0x0000000008004bf0       0x18 Src/main.o
                0x0000000008004bf0                Charging_Enable
 .text.Change_State
                0x0000000008004c08       0x38 Src/main.o
                0x0000000008004c08                Change_State
 .text.HAL_TIM_PeriodElapsedCallback
                0x0000000008004c40      0x118 Src/main.o
                0x0000000008004c40                HAL_TIM_PeriodElapsedCallback
 .text.eMBRegInputCB
                0x0000000008004d58       0x40 Src/main.o
                0x0000000008004d58                eMBRegInputCB
 .text.eMBRegHoldingCB
                0x0000000008004d98       0x68 Src/main.o
                0x0000000008004d98                eMBRegHoldingCB
 .text.eMBRegCoilsCB
                0x0000000008004e00        0x4 Src/main.o
                0x0000000008004e00                eMBRegCoilsCB
 .text.eMBRegDiscreteCB
                0x0000000008004e04        0x4 Src/main.o
                0x0000000008004e04                eMBRegDiscreteCB
 .text.ssd1306_WriteCommand
                0x0000000008004e08       0x28 Src/oled.o
                0x0000000008004e08                ssd1306_WriteCommand
 .text.ssd1306_Fill
                0x0000000008004e30       0x1c Src/oled.o
                0x0000000008004e30                ssd1306_Fill
 .text.ssd1306_UpdateScreen
                0x0000000008004e4c       0x4c Src/oled.o
                0x0000000008004e4c                ssd1306_UpdateScreen
 .text.ssd1306_Init
                0x0000000008004e98       0xcc Src/oled.o
                0x0000000008004e98                ssd1306_Init
 .text.ssd1306_DrawPixel
                0x0000000008004f64       0x48 Src/oled.o
                0x0000000008004f64                ssd1306_DrawPixel
 .text.ssd1306_WriteChar
                0x0000000008004fac       0x9c Src/oled.o
                0x0000000008004fac                ssd1306_WriteChar
 .text.ssd1306_WriteString
                0x0000000008005048       0x2a Src/oled.o
                0x0000000008005048                ssd1306_WriteString
 *fill*         0x0000000008005072        0x2 
 .text.ssd1306_SetCursor
                0x0000000008005074        0xc Src/oled.o
                0x0000000008005074                ssd1306_SetCursor
 .text.computePower
                0x0000000008005080       0x48 Src/power.o
                0x0000000008005080                computePower
 .text.calcdeltaAh
                0x00000000080050c8       0x14 Src/soc.o
                0x00000000080050c8                calcdeltaAh
 .text.socByOCV
                0x00000000080050dc       0x14 Src/soc.o
                0x00000000080050dc                socByOCV
 .text.lookupSOCByOCV
                0x00000000080050f0       0x84 Src/sochelper.o
                0x00000000080050f0                lookupSOCByOCV
 .text.HAL_MspInit
                0x0000000008005174       0x40 Src/stm32f3xx_hal_msp.o
                0x0000000008005174                HAL_MspInit
 .text.HAL_DAC_MspInit
                0x00000000080051b4       0x6c Src/stm32f3xx_hal_msp.o
                0x00000000080051b4                HAL_DAC_MspInit
 .text.HAL_I2C_MspInit
                0x0000000008005220       0x68 Src/stm32f3xx_hal_msp.o
                0x0000000008005220                HAL_I2C_MspInit
 .text.HAL_TIM_Base_MspInit
                0x0000000008005288       0xc0 Src/stm32f3xx_hal_msp.o
                0x0000000008005288                HAL_TIM_Base_MspInit
 .text.HAL_UART_MspInit
                0x0000000008005348       0xc4 Src/stm32f3xx_hal_msp.o
                0x0000000008005348                HAL_UART_MspInit
 .text.NMI_Handler
                0x000000000800540c        0x2 Src/stm32f3xx_it.o
                0x000000000800540c                NMI_Handler
 .text.HardFault_Handler
                0x000000000800540e       0x1a Src/stm32f3xx_it.o
                0x000000000800540e                HardFault_Handler
 .text.MemManage_Handler
                0x0000000008005428        0x2 Src/stm32f3xx_it.o
                0x0000000008005428                MemManage_Handler
 .text.BusFault_Handler
                0x000000000800542a        0x2 Src/stm32f3xx_it.o
                0x000000000800542a                BusFault_Handler
 .text.UsageFault_Handler
                0x000000000800542c        0x2 Src/stm32f3xx_it.o
                0x000000000800542c                UsageFault_Handler
 .text.DebugMon_Handler
                0x000000000800542e        0x2 Src/stm32f3xx_it.o
                0x000000000800542e                DebugMon_Handler
 .text.SysTick_Handler
                0x0000000008005430       0x18 Src/stm32f3xx_it.o
                0x0000000008005430                SysTick_Handler
 .text.EXTI9_5_IRQHandler
                0x0000000008005448       0x16 Src/stm32f3xx_it.o
                0x0000000008005448                EXTI9_5_IRQHandler
 *fill*         0x000000000800545e        0x2 
 .text.TIM1_UP_TIM16_IRQHandler
                0x0000000008005460        0xc Src/stm32f3xx_it.o
                0x0000000008005460                TIM1_UP_TIM16_IRQHandler
 .text.TIM1_TRG_COM_TIM17_IRQHandler
                0x000000000800546c        0xc Src/stm32f3xx_it.o
                0x000000000800546c                TIM1_TRG_COM_TIM17_IRQHandler
 .text.USART1_IRQHandler
                0x0000000008005478       0x4c Src/stm32f3xx_it.o
                0x0000000008005478                USART1_IRQHandler
 .text.TIM6_DAC_IRQHandler
                0x00000000080054c4       0x1c Src/stm32f3xx_it.o
                0x00000000080054c4                TIM6_DAC_IRQHandler
 .text.TIM7_IRQHandler
                0x00000000080054e0       0x40 Src/stm32f3xx_it.o
                0x00000000080054e0                TIM7_IRQHandler
 .text.prvGetRegistersFromStack
                0x0000000008005520       0x24 Src/stm32f3xx_it.o
                0x0000000008005520                prvGetRegistersFromStack
 .text._getpid  0x0000000008005544        0x4 Src/syscalls.o
                0x0000000008005544                _getpid
 .text._kill    0x0000000008005548       0x10 Src/syscalls.o
                0x0000000008005548                _kill
 .text._exit    0x0000000008005558        0xc Src/syscalls.o
                0x0000000008005558                _exit
 .text._read    0x0000000008005564       0x1c Src/syscalls.o
                0x0000000008005564                _read
 .text._write   0x0000000008005580       0x1c Src/syscalls.o
                0x0000000008005580                _write
 .text._sbrk    0x000000000800559c       0x34 Src/syscalls.o
                0x000000000800559c                _sbrk
 .text._close   0x00000000080055d0        0x6 Src/syscalls.o
                0x00000000080055d0                _close
 .text._fstat   0x00000000080055d6        0xa Src/syscalls.o
                0x00000000080055d6                _fstat
 .text._isatty  0x00000000080055e0        0x4 Src/syscalls.o
                0x00000000080055e0                _isatty
 .text._lseek   0x00000000080055e4        0x4 Src/syscalls.o
                0x00000000080055e4                _lseek
 .text.SystemInit
                0x00000000080055e8       0x1c Src/system_stm32f3xx.o
                0x00000000080055e8                SystemInit
 .text.Reset_Handler
                0x0000000008005604       0x50 startup/startup_stm32f303xe.o
                0x0000000008005604                Reset_Handler
 .text.Default_Handler
                0x0000000008005654        0x2 startup/startup_stm32f303xe.o
                0x0000000008005654                RTC_Alarm_IRQHandler
                0x0000000008005654                TIM8_TRG_COM_IRQHandler
                0x0000000008005654                TIM8_CC_IRQHandler
                0x0000000008005654                SPI4_IRQHandler
                0x0000000008005654                TIM1_CC_IRQHandler
                0x0000000008005654                USB_HP_IRQHandler
                0x0000000008005654                PVD_IRQHandler
                0x0000000008005654                TAMP_STAMP_IRQHandler
                0x0000000008005654                EXTI3_IRQHandler
                0x0000000008005654                I2C3_ER_IRQHandler
                0x0000000008005654                USB_HP_CAN_TX_IRQHandler
                0x0000000008005654                EXTI0_IRQHandler
                0x0000000008005654                I2C2_EV_IRQHandler
                0x0000000008005654                FPU_IRQHandler
                0x0000000008005654                ADC1_2_IRQHandler
                0x0000000008005654                SPI1_IRQHandler
                0x0000000008005654                CAN_SCE_IRQHandler
                0x0000000008005654                TIM8_UP_IRQHandler
                0x0000000008005654                DMA2_Channel2_IRQHandler
                0x0000000008005654                DMA1_Channel4_IRQHandler
                0x0000000008005654                TIM20_TRG_COM_IRQHandler
                0x0000000008005654                USART3_IRQHandler
                0x0000000008005654                DMA1_Channel7_IRQHandler
                0x0000000008005654                UART5_IRQHandler
                0x0000000008005654                ADC3_IRQHandler
                0x0000000008005654                TIM4_IRQHandler
                0x0000000008005654                CAN_RX1_IRQHandler
                0x0000000008005654                DMA2_Channel1_IRQHandler
                0x0000000008005654                I2C1_EV_IRQHandler
                0x0000000008005654                DMA1_Channel6_IRQHandler
                0x0000000008005654                UART4_IRQHandler
                0x0000000008005654                DMA2_Channel4_IRQHandler
                0x0000000008005654                TIM3_IRQHandler
                0x0000000008005654                RCC_IRQHandler
                0x0000000008005654                TIM20_UP_IRQHandler
                0x0000000008005654                DMA1_Channel1_IRQHandler
                0x0000000008005654                Default_Handler
                0x0000000008005654                USBWakeUp_RMP_IRQHandler
                0x0000000008005654                EXTI15_10_IRQHandler
                0x0000000008005654                I2C3_EV_IRQHandler
                0x0000000008005654                RTC_WKUP_IRQHandler
                0x0000000008005654                SPI2_IRQHandler
                0x0000000008005654                USB_LP_CAN_RX0_IRQHandler
                0x0000000008005654                DMA2_Channel5_IRQHandler
                0x0000000008005654                DMA1_Channel5_IRQHandler
                0x0000000008005654                USB_LP_IRQHandler
                0x0000000008005654                EXTI4_IRQHandler
                0x0000000008005654                DMA1_Channel3_IRQHandler
                0x0000000008005654                ADC4_IRQHandler
                0x0000000008005654                WWDG_IRQHandler
                0x0000000008005654                TIM2_IRQHandler
                0x0000000008005654                COMP7_IRQHandler
                0x0000000008005654                COMP1_2_3_IRQHandler
                0x0000000008005654                EXTI1_IRQHandler
                0x0000000008005654                USART2_IRQHandler
                0x0000000008005654                COMP4_5_6_IRQHandler
                0x0000000008005654                TIM20_BRK_IRQHandler
                0x0000000008005654                I2C2_ER_IRQHandler
                0x0000000008005654                DMA1_Channel2_IRQHandler
                0x0000000008005654                TIM8_BRK_IRQHandler
                0x0000000008005654                FLASH_IRQHandler
                0x0000000008005654                TIM20_CC_IRQHandler
                0x0000000008005654                SPI3_IRQHandler
                0x0000000008005654                I2C1_ER_IRQHandler
                0x0000000008005654                FMC_IRQHandler
                0x0000000008005654                USBWakeUp_IRQHandler
                0x0000000008005654                DMA2_Channel3_IRQHandler
                0x0000000008005654                EXTI2_TSC_IRQHandler
                0x0000000008005654                TIM1_BRK_TIM15_IRQHandler
 *fill*         0x0000000008005656        0x2 
 .text.__assert_func
                0x0000000008005658       0x3c /opt/Atollic_TrueSTUDIO_for_STM32_x86_64_9.3.0/ARMTools/bin/../lib/gcc/arm-atollic-eabi/6.3.1/../../../../arm-atollic-eabi/lib/armv7e-m/fpu/libc.a(lib_a-assert.o)
                0x0000000008005658                __assert_func
 .text.__errno  0x0000000008005694        0xc /opt/Atollic_TrueSTUDIO_for_STM32_x86_64_9.3.0/ARMTools/bin/../lib/gcc/arm-atollic-eabi/6.3.1/../../../../arm-atollic-eabi/lib/armv7e-m/fpu/libc.a(lib_a-errno.o)
                0x0000000008005694                __errno
 .text.fiprintf
                0x00000000080056a0       0x24 /opt/Atollic_TrueSTUDIO_for_STM32_x86_64_9.3.0/ARMTools/bin/../lib/gcc/arm-atollic-eabi/6.3.1/../../../../arm-atollic-eabi/lib/armv7e-m/fpu/libc.a(lib_a-fiprintf.o)
                0x00000000080056a0                fiprintf
 .text.__libc_init_array
                0x00000000080056c4       0x48 /opt/Atollic_TrueSTUDIO_for_STM32_x86_64_9.3.0/ARMTools/bin/../lib/gcc/arm-atollic-eabi/6.3.1/../../../../arm-atollic-eabi/lib/armv7e-m/fpu/libc.a(lib_a-init.o)
                0x00000000080056c4                __libc_init_array
 .text.memcpy   0x000000000800570c       0x16 /opt/Atollic_TrueSTUDIO_for_STM32_x86_64_9.3.0/ARMTools/bin/../lib/gcc/arm-atollic-eabi/6.3.1/../../../../arm-atollic-eabi/lib/armv7e-m/fpu/libc.a(lib_a-memcpy-stub.o)
                0x000000000800570c                memcpy
 .text.memset   0x0000000008005722       0x10 /opt/Atollic_TrueSTUDIO_for_STM32_x86_64_9.3.0/ARMTools/bin/../lib/gcc/arm-atollic-eabi/6.3.1/../../../../arm-atollic-eabi/lib/armv7e-m/fpu/libc.a(lib_a-memset.o)
                0x0000000008005722                memset
 *fill*         0x0000000008005732        0x2 
 .text.sprintf  0x0000000008005734       0x48 /opt/Atollic_TrueSTUDIO_for_STM32_x86_64_9.3.0/ARMTools/bin/../lib/gcc/arm-atollic-eabi/6.3.1/../../../../arm-atollic-eabi/lib/armv7e-m/fpu/libc.a(lib_a-sprintf.o)
                0x0000000008005734                sprintf
 *fill*         0x000000000800577c        0x4 
 .text._svfprintf_r
                0x0000000008005780      0xfa8 /opt/Atollic_TrueSTUDIO_for_STM32_x86_64_9.3.0/ARMTools/bin/../lib/gcc/arm-atollic-eabi/6.3.1/../../../../arm-atollic-eabi/lib/armv7e-m/fpu/libc.a(lib_a-svfprintf.o)
                0x0000000008005780                _svfprintf_r
 .text.__sprint_r
                0x0000000008006728       0x6a /opt/Atollic_TrueSTUDIO_for_STM32_x86_64_9.3.0/ARMTools/bin/../lib/gcc/arm-atollic-eabi/6.3.1/../../../../arm-atollic-eabi/lib/armv7e-m/fpu/libc.a(lib_a-vfiprintf.o)
                0x0000000008006728                __sprint_r
 *fill*         0x0000000008006792        0x2 
 .text._vfiprintf_r
                0x0000000008006794      0x8ac /opt/Atollic_TrueSTUDIO_for_STM32_x86_64_9.3.0/ARMTools/bin/../lib/gcc/arm-atollic-eabi/6.3.1/../../../../arm-atollic-eabi/lib/armv7e-m/fpu/libc.a(lib_a-vfiprintf.o)
                0x0000000008006794                _vfiprintf_r
 .text.__sbprintf
                0x0000000008007040       0x80 /opt/Atollic_TrueSTUDIO_for_STM32_x86_64_9.3.0/ARMTools/bin/../lib/gcc/arm-atollic-eabi/6.3.1/../../../../arm-atollic-eabi/lib/armv7e-m/fpu/libc.a(lib_a-vfiprintf.o)
 .text.__swsetup_r
                0x00000000080070c0       0xdc /opt/Atollic_TrueSTUDIO_for_STM32_x86_64_9.3.0/ARMTools/bin/../lib/gcc/arm-atollic-eabi/6.3.1/../../../../arm-atollic-eabi/lib/armv7e-m/fpu/libc.a(lib_a-wsetup.o)
                0x00000000080070c0                __swsetup_r
 .text.abort    0x000000000800719c        0xe /opt/Atollic_TrueSTUDIO_for_STM32_x86_64_9.3.0/ARMTools/bin/../lib/gcc/arm-atollic-eabi/6.3.1/../../../../arm-atollic-eabi/lib/armv7e-m/fpu/libc.a(lib_a-abort.o)
                0x000000000800719c                abort
 .text.quorem   0x00000000080071aa      0x118 /opt/Atollic_TrueSTUDIO_for_STM32_x86_64_9.3.0/ARMTools/bin/../lib/gcc/arm-atollic-eabi/6.3.1/../../../../arm-atollic-eabi/lib/armv7e-m/fpu/libc.a(lib_a-dtoa.o)
 *fill*         0x00000000080072c2        0x6 
 .text._dtoa_r  0x00000000080072c8      0xb9c /opt/Atollic_TrueSTUDIO_for_STM32_x86_64_9.3.0/ARMTools/bin/../lib/gcc/arm-atollic-eabi/6.3.1/../../../../arm-atollic-eabi/lib/armv7e-m/fpu/libc.a(lib_a-dtoa.o)
                0x00000000080072c8                _dtoa_r
 .text.__sflush_r
                0x0000000008007e64      0x124 /opt/Atollic_TrueSTUDIO_for_STM32_x86_64_9.3.0/ARMTools/bin/../lib/gcc/arm-atollic-eabi/6.3.1/../../../../arm-atollic-eabi/lib/armv7e-m/fpu/libc.a(lib_a-fflush.o)
                0x0000000008007e64                __sflush_r
 .text._fflush_r
                0x0000000008007f88       0x78 /opt/Atollic_TrueSTUDIO_for_STM32_x86_64_9.3.0/ARMTools/bin/../lib/gcc/arm-atollic-eabi/6.3.1/../../../../arm-atollic-eabi/lib/armv7e-m/fpu/libc.a(lib_a-fflush.o)
                0x0000000008007f88                _fflush_r
 .text._cleanup_r
                0x0000000008008000        0xc /opt/Atollic_TrueSTUDIO_for_STM32_x86_64_9.3.0/ARMTools/bin/../lib/gcc/arm-atollic-eabi/6.3.1/../../../../arm-atollic-eabi/lib/armv7e-m/fpu/libc.a(lib_a-findfp.o)
                0x0000000008008000                _cleanup_r
 .text.std.isra.0
                0x000000000800800c       0x48 /opt/Atollic_TrueSTUDIO_for_STM32_x86_64_9.3.0/ARMTools/bin/../lib/gcc/arm-atollic-eabi/6.3.1/../../../../arm-atollic-eabi/lib/armv7e-m/fpu/libc.a(lib_a-findfp.o)
 .text.__sfmoreglue
                0x0000000008008054       0x2c /opt/Atollic_TrueSTUDIO_for_STM32_x86_64_9.3.0/ARMTools/bin/../lib/gcc/arm-atollic-eabi/6.3.1/../../../../arm-atollic-eabi/lib/armv7e-m/fpu/libc.a(lib_a-findfp.o)
                0x0000000008008054                __sfmoreglue
 .text.__sfp_lock_acquire
                0x0000000008008080        0xc /opt/Atollic_TrueSTUDIO_for_STM32_x86_64_9.3.0/ARMTools/bin/../lib/gcc/arm-atollic-eabi/6.3.1/../../../../arm-atollic-eabi/lib/armv7e-m/fpu/libc.a(lib_a-findfp.o)
                0x0000000008008080                __sfp_lock_acquire
 .text.__sfp_lock_release
                0x000000000800808c        0xc /opt/Atollic_TrueSTUDIO_for_STM32_x86_64_9.3.0/ARMTools/bin/../lib/gcc/arm-atollic-eabi/6.3.1/../../../../arm-atollic-eabi/lib/armv7e-m/fpu/libc.a(lib_a-findfp.o)
                0x000000000800808c                __sfp_lock_release
 .text.__sinit_lock_acquire
                0x0000000008008098        0xc /opt/Atollic_TrueSTUDIO_for_STM32_x86_64_9.3.0/ARMTools/bin/../lib/gcc/arm-atollic-eabi/6.3.1/../../../../arm-atollic-eabi/lib/armv7e-m/fpu/libc.a(lib_a-findfp.o)
                0x0000000008008098                __sinit_lock_acquire
 .text.__sinit_lock_release
                0x00000000080080a4        0xc /opt/Atollic_TrueSTUDIO_for_STM32_x86_64_9.3.0/ARMTools/bin/../lib/gcc/arm-atollic-eabi/6.3.1/../../../../arm-atollic-eabi/lib/armv7e-m/fpu/libc.a(lib_a-findfp.o)
                0x00000000080080a4                __sinit_lock_release
 .text.__sinit  0x00000000080080b0       0x74 /opt/Atollic_TrueSTUDIO_for_STM32_x86_64_9.3.0/ARMTools/bin/../lib/gcc/arm-atollic-eabi/6.3.1/../../../../arm-atollic-eabi/lib/armv7e-m/fpu/libc.a(lib_a-findfp.o)
                0x00000000080080b0                __sinit
 .text.__sfp    0x0000000008008124       0x8c /opt/Atollic_TrueSTUDIO_for_STM32_x86_64_9.3.0/ARMTools/bin/../lib/gcc/arm-atollic-eabi/6.3.1/../../../../arm-atollic-eabi/lib/armv7e-m/fpu/libc.a(lib_a-findfp.o)
                0x0000000008008124                __sfp
 .text.__fputwc
                0x00000000080081b0       0x82 /opt/Atollic_TrueSTUDIO_for_STM32_x86_64_9.3.0/ARMTools/bin/../lib/gcc/arm-atollic-eabi/6.3.1/../../../../arm-atollic-eabi/lib/armv7e-m/fpu/libc.a(lib_a-fputwc.o)
                0x00000000080081b0                __fputwc
 .text._fputwc_r
                0x0000000008008232       0x52 /opt/Atollic_TrueSTUDIO_for_STM32_x86_64_9.3.0/ARMTools/bin/../lib/gcc/arm-atollic-eabi/6.3.1/../../../../arm-atollic-eabi/lib/armv7e-m/fpu/libc.a(lib_a-fputwc.o)
                0x0000000008008232                _fputwc_r
 .text._malloc_trim_r
                0x0000000008008284       0xac /opt/Atollic_TrueSTUDIO_for_STM32_x86_64_9.3.0/ARMTools/bin/../lib/gcc/arm-atollic-eabi/6.3.1/../../../../arm-atollic-eabi/lib/armv7e-m/fpu/libc.a(lib_a-freer.o)
                0x0000000008008284                _malloc_trim_r
 .text._free_r  0x0000000008008330      0x178 /opt/Atollic_TrueSTUDIO_for_STM32_x86_64_9.3.0/ARMTools/bin/../lib/gcc/arm-atollic-eabi/6.3.1/../../../../arm-atollic-eabi/lib/armv7e-m/fpu/libc.a(lib_a-freer.o)
                0x0000000008008330                _free_r
 .text.__sfvwrite_r
                0x00000000080084a8      0x29c /opt/Atollic_TrueSTUDIO_for_STM32_x86_64_9.3.0/ARMTools/bin/../lib/gcc/arm-atollic-eabi/6.3.1/../../../../arm-atollic-eabi/lib/armv7e-m/fpu/libc.a(lib_a-fvwrite.o)
                0x00000000080084a8                __sfvwrite_r
 .text._fwalk_reent
                0x0000000008008744       0x3c /opt/Atollic_TrueSTUDIO_for_STM32_x86_64_9.3.0/ARMTools/bin/../lib/gcc/arm-atollic-eabi/6.3.1/../../../../arm-atollic-eabi/lib/armv7e-m/fpu/libc.a(lib_a-fwalk.o)
                0x0000000008008744                _fwalk_reent
 .text.__locale_mb_cur_max
                0x0000000008008780       0x1c /opt/Atollic_TrueSTUDIO_for_STM32_x86_64_9.3.0/ARMTools/bin/../lib/gcc/arm-atollic-eabi/6.3.1/../../../../arm-atollic-eabi/lib/armv7e-m/fpu/libc.a(lib_a-locale.o)
                0x0000000008008780                __locale_mb_cur_max
 .text._localeconv_r
                0x000000000800879c       0x1c /opt/Atollic_TrueSTUDIO_for_STM32_x86_64_9.3.0/ARMTools/bin/../lib/gcc/arm-atollic-eabi/6.3.1/../../../../arm-atollic-eabi/lib/armv7e-m/fpu/libc.a(lib_a-localeconv.o)
                0x000000000800879c                _localeconv_r
 .text.__retarget_lock_init_recursive
                0x00000000080087b8        0x2 /opt/Atollic_TrueSTUDIO_for_STM32_x86_64_9.3.0/ARMTools/bin/../lib/gcc/arm-atollic-eabi/6.3.1/../../../../arm-atollic-eabi/lib/armv7e-m/fpu/libc.a(lib_a-lock.o)
                0x00000000080087b8                __retarget_lock_init_recursive
 .text.__retarget_lock_close_recursive
                0x00000000080087ba        0x2 /opt/Atollic_TrueSTUDIO_for_STM32_x86_64_9.3.0/ARMTools/bin/../lib/gcc/arm-atollic-eabi/6.3.1/../../../../arm-atollic-eabi/lib/armv7e-m/fpu/libc.a(lib_a-lock.o)
                0x00000000080087ba                __retarget_lock_close_recursive
 .text.__retarget_lock_acquire_recursive
                0x00000000080087bc        0x2 /opt/Atollic_TrueSTUDIO_for_STM32_x86_64_9.3.0/ARMTools/bin/../lib/gcc/arm-atollic-eabi/6.3.1/../../../../arm-atollic-eabi/lib/armv7e-m/fpu/libc.a(lib_a-lock.o)
                0x00000000080087bc                __retarget_lock_acquire_recursive
 .text.__retarget_lock_release_recursive
                0x00000000080087be        0x2 /opt/Atollic_TrueSTUDIO_for_STM32_x86_64_9.3.0/ARMTools/bin/../lib/gcc/arm-atollic-eabi/6.3.1/../../../../arm-atollic-eabi/lib/armv7e-m/fpu/libc.a(lib_a-lock.o)
                0x00000000080087be                __retarget_lock_release_recursive
 .text.__swhatbuf_r
                0x00000000080087c0       0x56 /opt/Atollic_TrueSTUDIO_for_STM32_x86_64_9.3.0/ARMTools/bin/../lib/gcc/arm-atollic-eabi/6.3.1/../../../../arm-atollic-eabi/lib/armv7e-m/fpu/libc.a(lib_a-makebuf.o)
                0x00000000080087c0                __swhatbuf_r
 *fill*         0x0000000008008816        0x2 
 .text.__smakebuf_r
                0x0000000008008818       0x80 /opt/Atollic_TrueSTUDIO_for_STM32_x86_64_9.3.0/ARMTools/bin/../lib/gcc/arm-atollic-eabi/6.3.1/../../../../arm-atollic-eabi/lib/armv7e-m/fpu/libc.a(lib_a-makebuf.o)
                0x0000000008008818                __smakebuf_r
 .text.malloc   0x0000000008008898       0x10 /opt/Atollic_TrueSTUDIO_for_STM32_x86_64_9.3.0/ARMTools/bin/../lib/gcc/arm-atollic-eabi/6.3.1/../../../../arm-atollic-eabi/lib/armv7e-m/fpu/libc.a(lib_a-malloc.o)
                0x0000000008008898                malloc
 .text._malloc_r
                0x00000000080088a8      0x41c /opt/Atollic_TrueSTUDIO_for_STM32_x86_64_9.3.0/ARMTools/bin/../lib/gcc/arm-atollic-eabi/6.3.1/../../../../arm-atollic-eabi/lib/armv7e-m/fpu/libc.a(lib_a-mallocr.o)
                0x00000000080088a8                _malloc_r
 .text.__ascii_mbtowc
                0x0000000008008cc4       0x24 /opt/Atollic_TrueSTUDIO_for_STM32_x86_64_9.3.0/ARMTools/bin/../lib/gcc/arm-atollic-eabi/6.3.1/../../../../arm-atollic-eabi/lib/armv7e-m/fpu/libc.a(lib_a-mbtowc_r.o)
                0x0000000008008cc4                __ascii_mbtowc
 .text.memmove  0x0000000008008ce8       0x34 /opt/Atollic_TrueSTUDIO_for_STM32_x86_64_9.3.0/ARMTools/bin/../lib/gcc/arm-atollic-eabi/6.3.1/../../../../arm-atollic-eabi/lib/armv7e-m/fpu/libc.a(lib_a-memmove.o)
                0x0000000008008ce8                memmove
 .text.__malloc_lock
                0x0000000008008d1c        0xc /opt/Atollic_TrueSTUDIO_for_STM32_x86_64_9.3.0/ARMTools/bin/../lib/gcc/arm-atollic-eabi/6.3.1/../../../../arm-atollic-eabi/lib/armv7e-m/fpu/libc.a(lib_a-mlock.o)
                0x0000000008008d1c                __malloc_lock
 .text.__malloc_unlock
                0x0000000008008d28        0xc /opt/Atollic_TrueSTUDIO_for_STM32_x86_64_9.3.0/ARMTools/bin/../lib/gcc/arm-atollic-eabi/6.3.1/../../../../arm-atollic-eabi/lib/armv7e-m/fpu/libc.a(lib_a-mlock.o)
                0x0000000008008d28                __malloc_unlock
 .text._Balloc  0x0000000008008d34       0x68 /opt/Atollic_TrueSTUDIO_for_STM32_x86_64_9.3.0/ARMTools/bin/../lib/gcc/arm-atollic-eabi/6.3.1/../../../../arm-atollic-eabi/lib/armv7e-m/fpu/libc.a(lib_a-mprec.o)
                0x0000000008008d34                _Balloc
 .text._Bfree   0x0000000008008d9c       0x2e /opt/Atollic_TrueSTUDIO_for_STM32_x86_64_9.3.0/ARMTools/bin/../lib/gcc/arm-atollic-eabi/6.3.1/../../../../arm-atollic-eabi/lib/armv7e-m/fpu/libc.a(lib_a-mprec.o)
                0x0000000008008d9c                _Bfree
 .text.__multadd
                0x0000000008008dca       0x76 /opt/Atollic_TrueSTUDIO_for_STM32_x86_64_9.3.0/ARMTools/bin/../lib/gcc/arm-atollic-eabi/6.3.1/../../../../arm-atollic-eabi/lib/armv7e-m/fpu/libc.a(lib_a-mprec.o)
                0x0000000008008dca                __multadd
 .text.__hi0bits
                0x0000000008008e40       0x3e /opt/Atollic_TrueSTUDIO_for_STM32_x86_64_9.3.0/ARMTools/bin/../lib/gcc/arm-atollic-eabi/6.3.1/../../../../arm-atollic-eabi/lib/armv7e-m/fpu/libc.a(lib_a-mprec.o)
                0x0000000008008e40                __hi0bits
 .text.__lo0bits
                0x0000000008008e7e       0x5e /opt/Atollic_TrueSTUDIO_for_STM32_x86_64_9.3.0/ARMTools/bin/../lib/gcc/arm-atollic-eabi/6.3.1/../../../../arm-atollic-eabi/lib/armv7e-m/fpu/libc.a(lib_a-mprec.o)
                0x0000000008008e7e                __lo0bits
 .text.__i2b    0x0000000008008edc       0x12 /opt/Atollic_TrueSTUDIO_for_STM32_x86_64_9.3.0/ARMTools/bin/../lib/gcc/arm-atollic-eabi/6.3.1/../../../../arm-atollic-eabi/lib/armv7e-m/fpu/libc.a(lib_a-mprec.o)
                0x0000000008008edc                __i2b
 .text.__multiply
                0x0000000008008eee      0x11a /opt/Atollic_TrueSTUDIO_for_STM32_x86_64_9.3.0/ARMTools/bin/../lib/gcc/arm-atollic-eabi/6.3.1/../../../../arm-atollic-eabi/lib/armv7e-m/fpu/libc.a(lib_a-mprec.o)
                0x0000000008008eee                __multiply
 .text.__pow5mult
                0x0000000008009008       0x9c /opt/Atollic_TrueSTUDIO_for_STM32_x86_64_9.3.0/ARMTools/bin/../lib/gcc/arm-atollic-eabi/6.3.1/../../../../arm-atollic-eabi/lib/armv7e-m/fpu/libc.a(lib_a-mprec.o)
                0x0000000008009008                __pow5mult
 .text.__lshift
                0x00000000080090a4       0xa2 /opt/Atollic_TrueSTUDIO_for_STM32_x86_64_9.3.0/ARMTools/bin/../lib/gcc/arm-atollic-eabi/6.3.1/../../../../arm-atollic-eabi/lib/armv7e-m/fpu/libc.a(lib_a-mprec.o)
                0x00000000080090a4                __lshift
 .text.__mcmp   0x0000000008009146       0x34 /opt/Atollic_TrueSTUDIO_for_STM32_x86_64_9.3.0/ARMTools/bin/../lib/gcc/arm-atollic-eabi/6.3.1/../../../../arm-atollic-eabi/lib/armv7e-m/fpu/libc.a(lib_a-mprec.o)
                0x0000000008009146                __mcmp
 .text.__mdiff  0x000000000800917a       0xbc /opt/Atollic_TrueSTUDIO_for_STM32_x86_64_9.3.0/ARMTools/bin/../lib/gcc/arm-atollic-eabi/6.3.1/../../../../arm-atollic-eabi/lib/armv7e-m/fpu/libc.a(lib_a-mprec.o)
                0x000000000800917a                __mdiff
 .text.__d2b    0x0000000008009236       0x9e /opt/Atollic_TrueSTUDIO_for_STM32_x86_64_9.3.0/ARMTools/bin/../lib/gcc/arm-atollic-eabi/6.3.1/../../../../arm-atollic-eabi/lib/armv7e-m/fpu/libc.a(lib_a-mprec.o)
                0x0000000008009236                __d2b
 .text._realloc_r
                0x00000000080092d4      0x300 /opt/Atollic_TrueSTUDIO_for_STM32_x86_64_9.3.0/ARMTools/bin/../lib/gcc/arm-atollic-eabi/6.3.1/../../../../arm-atollic-eabi/lib/armv7e-m/fpu/libc.a(lib_a-reallocr.o)
                0x00000000080092d4                _realloc_r
 .text._sbrk_r  0x00000000080095d4       0x20 /opt/Atollic_TrueSTUDIO_for_STM32_x86_64_9.3.0/ARMTools/bin/../lib/gcc/arm-atollic-eabi/6.3.1/../../../../arm-atollic-eabi/lib/armv7e-m/fpu/libc.a(lib_a-sbrkr.o)
                0x00000000080095d4                _sbrk_r
 .text._raise_r
                0x00000000080095f4       0x50 /opt/Atollic_TrueSTUDIO_for_STM32_x86_64_9.3.0/ARMTools/bin/../lib/gcc/arm-atollic-eabi/6.3.1/../../../../arm-atollic-eabi/lib/armv7e-m/fpu/libc.a(lib_a-signal.o)
                0x00000000080095f4                _raise_r
 .text.raise    0x0000000008009644       0x10 /opt/Atollic_TrueSTUDIO_for_STM32_x86_64_9.3.0/ARMTools/bin/../lib/gcc/arm-atollic-eabi/6.3.1/../../../../arm-atollic-eabi/lib/armv7e-m/fpu/libc.a(lib_a-signal.o)
                0x0000000008009644                raise
 .text._kill_r  0x0000000008009654       0x24 /opt/Atollic_TrueSTUDIO_for_STM32_x86_64_9.3.0/ARMTools/bin/../lib/gcc/arm-atollic-eabi/6.3.1/../../../../arm-atollic-eabi/lib/armv7e-m/fpu/libc.a(lib_a-signalr.o)
                0x0000000008009654                _kill_r
 .text._getpid_r
                0x0000000008009678        0x4 /opt/Atollic_TrueSTUDIO_for_STM32_x86_64_9.3.0/ARMTools/bin/../lib/gcc/arm-atollic-eabi/6.3.1/../../../../arm-atollic-eabi/lib/armv7e-m/fpu/libc.a(lib_a-signalr.o)
                0x0000000008009678                _getpid_r
 .text.__sread  0x000000000800967c       0x22 /opt/Atollic_TrueSTUDIO_for_STM32_x86_64_9.3.0/ARMTools/bin/../lib/gcc/arm-atollic-eabi/6.3.1/../../../../arm-atollic-eabi/lib/armv7e-m/fpu/libc.a(lib_a-stdio.o)
                0x000000000800967c                __sread
 .text.__swrite
                0x000000000800969e       0x38 /opt/Atollic_TrueSTUDIO_for_STM32_x86_64_9.3.0/ARMTools/bin/../lib/gcc/arm-atollic-eabi/6.3.1/../../../../arm-atollic-eabi/lib/armv7e-m/fpu/libc.a(lib_a-stdio.o)
                0x000000000800969e                __swrite
 .text.__sseek  0x00000000080096d6       0x24 /opt/Atollic_TrueSTUDIO_for_STM32_x86_64_9.3.0/ARMTools/bin/../lib/gcc/arm-atollic-eabi/6.3.1/../../../../arm-atollic-eabi/lib/armv7e-m/fpu/libc.a(lib_a-stdio.o)
                0x00000000080096d6                __sseek
 .text.__sclose
                0x00000000080096fa        0x8 /opt/Atollic_TrueSTUDIO_for_STM32_x86_64_9.3.0/ARMTools/bin/../lib/gcc/arm-atollic-eabi/6.3.1/../../../../arm-atollic-eabi/lib/armv7e-m/fpu/libc.a(lib_a-stdio.o)
                0x00000000080096fa                __sclose
 .text.__ssprint_r
                0x0000000008009702       0xf4 /opt/Atollic_TrueSTUDIO_for_STM32_x86_64_9.3.0/ARMTools/bin/../lib/gcc/arm-atollic-eabi/6.3.1/../../../../arm-atollic-eabi/lib/armv7e-m/fpu/libc.a(lib_a-svfiprintf.o)
                0x0000000008009702                __ssprint_r
 *fill*         0x00000000080097f6        0x2 
 .text.__swbuf_r
                0x00000000080097f8       0xbc /opt/Atollic_TrueSTUDIO_for_STM32_x86_64_9.3.0/ARMTools/bin/../lib/gcc/arm-atollic-eabi/6.3.1/../../../../arm-atollic-eabi/lib/armv7e-m/fpu/libc.a(lib_a-wbuf.o)
                0x00000000080097f8                __swbuf_r
 .text._wcrtomb_r
                0x00000000080098b4       0x50 /opt/Atollic_TrueSTUDIO_for_STM32_x86_64_9.3.0/ARMTools/bin/../lib/gcc/arm-atollic-eabi/6.3.1/../../../../arm-atollic-eabi/lib/armv7e-m/fpu/libc.a(lib_a-wcrtomb.o)
                0x00000000080098b4                _wcrtomb_r
 .text.__ascii_wctomb
                0x0000000008009904       0x1a /opt/Atollic_TrueSTUDIO_for_STM32_x86_64_9.3.0/ARMTools/bin/../lib/gcc/arm-atollic-eabi/6.3.1/../../../../arm-atollic-eabi/lib/armv7e-m/fpu/libc.a(lib_a-wctomb_r.o)
                0x0000000008009904                __ascii_wctomb
 *fill*         0x000000000800991e        0x2 
 .text._write_r
                0x0000000008009920       0x24 /opt/Atollic_TrueSTUDIO_for_STM32_x86_64_9.3.0/ARMTools/bin/../lib/gcc/arm-atollic-eabi/6.3.1/../../../../arm-atollic-eabi/lib/armv7e-m/fpu/libc.a(lib_a-writer.o)
                0x0000000008009920                _write_r
 .text._calloc_r
                0x0000000008009944       0x5a /opt/Atollic_TrueSTUDIO_for_STM32_x86_64_9.3.0/ARMTools/bin/../lib/gcc/arm-atollic-eabi/6.3.1/../../../../arm-atollic-eabi/lib/armv7e-m/fpu/libc.a(lib_a-callocr.o)
                0x0000000008009944                _calloc_r
 *fill*         0x000000000800999e        0x2 
 .text._close_r
                0x00000000080099a0       0x20 /opt/Atollic_TrueSTUDIO_for_STM32_x86_64_9.3.0/ARMTools/bin/../lib/gcc/arm-atollic-eabi/6.3.1/../../../../arm-atollic-eabi/lib/armv7e-m/fpu/libc.a(lib_a-closer.o)
                0x00000000080099a0                _close_r
 .text._fclose_r
                0x00000000080099c0       0xd8 /opt/Atollic_TrueSTUDIO_for_STM32_x86_64_9.3.0/ARMTools/bin/../lib/gcc/arm-atollic-eabi/6.3.1/../../../../arm-atollic-eabi/lib/armv7e-m/fpu/libc.a(lib_a-fclose.o)
                0x00000000080099c0                _fclose_r
 .text._fstat_r
                0x0000000008009a98       0x24 /opt/Atollic_TrueSTUDIO_for_STM32_x86_64_9.3.0/ARMTools/bin/../lib/gcc/arm-atollic-eabi/6.3.1/../../../../arm-atollic-eabi/lib/armv7e-m/fpu/libc.a(lib_a-fstatr.o)
                0x0000000008009a98                _fstat_r
 .text._isatty_r
                0x0000000008009abc       0x20 /opt/Atollic_TrueSTUDIO_for_STM32_x86_64_9.3.0/ARMTools/bin/../lib/gcc/arm-atollic-eabi/6.3.1/../../../../arm-atollic-eabi/lib/armv7e-m/fpu/libc.a(lib_a-isattyr.o)
                0x0000000008009abc                _isatty_r
 .text._lseek_r
                0x0000000008009adc       0x24 /opt/Atollic_TrueSTUDIO_for_STM32_x86_64_9.3.0/ARMTools/bin/../lib/gcc/arm-atollic-eabi/6.3.1/../../../../arm-atollic-eabi/lib/armv7e-m/fpu/libc.a(lib_a-lseekr.o)
                0x0000000008009adc                _lseek_r
 .text._read_r  0x0000000008009b00       0x24 /opt/Atollic_TrueSTUDIO_for_STM32_x86_64_9.3.0/ARMTools/bin/../lib/gcc/arm-atollic-eabi/6.3.1/../../../../arm-atollic-eabi/lib/armv7e-m/fpu/libc.a(lib_a-readr.o)
                0x0000000008009b00                _read_r
 *(.glue_7)
 .glue_7        0x0000000008009b24        0x0 linker stubs
 *(.glue_7t)
 .glue_7t       0x0000000008009b24        0x0 linker stubs
 *(.eh_frame)
 .eh_frame      0x0000000008009b24        0x0 /opt/Atollic_TrueSTUDIO_for_STM32_x86_64_9.3.0/ARMTools/bin/../lib/gcc/arm-atollic-eabi/6.3.1/armv7e-m/fpu/crtbegin.o
 *(.init)
 .init          0x0000000008009b24        0x4 /opt/Atollic_TrueSTUDIO_for_STM32_x86_64_9.3.0/ARMTools/bin/../lib/gcc/arm-atollic-eabi/6.3.1/armv7e-m/fpu/crti.o
                0x0000000008009b24                _init
 .init          0x0000000008009b28        0x8 /opt/Atollic_TrueSTUDIO_for_STM32_x86_64_9.3.0/ARMTools/bin/../lib/gcc/arm-atollic-eabi/6.3.1/armv7e-m/fpu/crtn.o
 *(.fini)
 .fini          0x0000000008009b30        0x4 /opt/Atollic_TrueSTUDIO_for_STM32_x86_64_9.3.0/ARMTools/bin/../lib/gcc/arm-atollic-eabi/6.3.1/armv7e-m/fpu/crti.o
                0x0000000008009b30                _fini
 .fini          0x0000000008009b34        0x8 /opt/Atollic_TrueSTUDIO_for_STM32_x86_64_9.3.0/ARMTools/bin/../lib/gcc/arm-atollic-eabi/6.3.1/armv7e-m/fpu/crtn.o
                0x0000000008009b3c                . = ALIGN (0x4)
                0x0000000008009b3c                _etext = .

.vfp11_veneer   0x0000000008009b3c        0x0
 .vfp11_veneer  0x0000000008009b3c        0x0 linker stubs

.v4_bx          0x0000000008009b3c        0x0
 .v4_bx         0x0000000008009b3c        0x0 linker stubs

.iplt           0x0000000008009b3c        0x0
 .iplt          0x0000000008009b3c        0x0 /opt/Atollic_TrueSTUDIO_for_STM32_x86_64_9.3.0/ARMTools/bin/../lib/gcc/arm-atollic-eabi/6.3.1/armv7e-m/fpu/crtbegin.o

.rodata         0x0000000008009b40      0xe80
                0x0000000008009b40                . = ALIGN (0x4)
 *(.rodata)
 .rodata        0x0000000008009b40       0x1c Src/main.o
 *(.rodata*)
 .rodata.aPLLMULFactorTable
                0x0000000008009b5c       0x10 Drivers/STM32F3xx_HAL_Driver/Src/stm32f3xx_hal_rcc.o
                0x0000000008009b5c                aPLLMULFactorTable
 .rodata.aPredivFactorTable
                0x0000000008009b6c       0x10 Drivers/STM32F3xx_HAL_Driver/Src/stm32f3xx_hal_rcc.o
                0x0000000008009b6c                aPredivFactorTable
 .rodata.CSWTCH.52
                0x0000000008009b7c        0x4 Drivers/STM32F3xx_HAL_Driver/Src/stm32f3xx_hal_uart.o
 .rodata.CSWTCH.7
                0x0000000008009b80        0x8 Middleware/Modbus/functions/mbutils.o
 .rodata.aucCRCHi
                0x0000000008009b88      0x100 Middleware/Modbus/rtu/mbcrc.o
 .rodata.aucCRCLo
                0x0000000008009c88      0x100 Middleware/Modbus/rtu/mbcrc.o
 .rodata.__func__.9215
                0x0000000008009d88        0xe Middleware/Modbus/rtu/mbrtu.o
 .rodata.__func__.9228
                0x0000000008009d96       0x11 Middleware/Modbus/rtu/mbrtu.o
 .rodata.__func__.9238
                0x0000000008009da7       0x12 Middleware/Modbus/rtu/mbrtu.o
 .rodata.__func__.9251
                0x0000000008009db9       0x16 Middleware/Modbus/rtu/mbrtu.o
 .rodata.eMBRTUReceive.str1.1
                0x0000000008009dcf       0x46 Middleware/Modbus/rtu/mbrtu.o
 .rodata.xMBRTUReceiveFSM.str1.1
                0x0000000008009e15       0x1b Middleware/Modbus/rtu/mbrtu.o
 .rodata.xMBRTUTimerT35Expired.str1.1
                0x0000000008009e30       0x63 Middleware/Modbus/rtu/mbrtu.o
 .rodata.xMBRTUTransmitFSM.str1.1
                0x0000000008009e93       0x1b Middleware/Modbus/rtu/mbrtu.o
 .rodata.vTaskStartScheduler.str1.1
                0x0000000008009eae       0x1b Middlewares/Third_Party/FreeRTOS/Source/tasks.o
                                          0x5 (size before relaxing)
 .rodata.Font7x10
                0x0000000008009eae      0x76c Src/fonts.o
 .rodata.str1.1
                0x000000000800a61a        0xc Src/main.o
 .rodata.updateModbusInputRegisters.str1.1
                0x000000000800a626        0x8 Src/main.o
 .rodata.updateOLED.str1.1
                0x000000000800a62e       0x46 Src/main.o
                                         0x51 (size before relaxing)
 .rodata.AHBPrescTable
                0x000000000800a674       0x10 Src/system_stm32f3xx.o
                0x000000000800a674                AHBPrescTable
 .rodata.APBPrescTable
                0x000000000800a684        0x8 Src/system_stm32f3xx.o
                0x000000000800a684                APBPrescTable
 .rodata.__assert_func.str1.1
                0x000000000800a68c       0x3c /opt/Atollic_TrueSTUDIO_for_STM32_x86_64_9.3.0/ARMTools/bin/../lib/gcc/arm-atollic-eabi/6.3.1/../../../../arm-atollic-eabi/lib/armv7e-m/fpu/libc.a(lib_a-assert.o)
                                         0x3d (size before relaxing)
 .rodata._global_impure_ptr
                0x000000000800a6c8        0x4 /opt/Atollic_TrueSTUDIO_for_STM32_x86_64_9.3.0/ARMTools/bin/../lib/gcc/arm-atollic-eabi/6.3.1/../../../../arm-atollic-eabi/lib/armv7e-m/fpu/libc.a(lib_a-impure.o)
                0x000000000800a6c8                _global_impure_ptr
 .rodata._svfprintf_r.str1.1
                0x000000000800a6cc       0x34 /opt/Atollic_TrueSTUDIO_for_STM32_x86_64_9.3.0/ARMTools/bin/../lib/gcc/arm-atollic-eabi/6.3.1/../../../../arm-atollic-eabi/lib/armv7e-m/fpu/libc.a(lib_a-svfprintf.o)
 .rodata.blanks.8359
                0x000000000800a700       0x10 /opt/Atollic_TrueSTUDIO_for_STM32_x86_64_9.3.0/ARMTools/bin/../lib/gcc/arm-atollic-eabi/6.3.1/../../../../arm-atollic-eabi/lib/armv7e-m/fpu/libc.a(lib_a-svfprintf.o)
 .rodata.zeroes.8360
                0x000000000800a710       0x10 /opt/Atollic_TrueSTUDIO_for_STM32_x86_64_9.3.0/ARMTools/bin/../lib/gcc/arm-atollic-eabi/6.3.1/../../../../arm-atollic-eabi/lib/armv7e-m/fpu/libc.a(lib_a-svfprintf.o)
 .rodata._vfiprintf_r.str1.1
                0x000000000800a720       0x22 /opt/Atollic_TrueSTUDIO_for_STM32_x86_64_9.3.0/ARMTools/bin/../lib/gcc/arm-atollic-eabi/6.3.1/../../../../arm-atollic-eabi/lib/armv7e-m/fpu/libc.a(lib_a-vfiprintf.o)
 .rodata.blanks.8353
                0x000000000800a720       0x10 /opt/Atollic_TrueSTUDIO_for_STM32_x86_64_9.3.0/ARMTools/bin/../lib/gcc/arm-atollic-eabi/6.3.1/../../../../arm-atollic-eabi/lib/armv7e-m/fpu/libc.a(lib_a-vfiprintf.o)
 .rodata.zeroes.8354
                0x000000000800a730       0x10 /opt/Atollic_TrueSTUDIO_for_STM32_x86_64_9.3.0/ARMTools/bin/../lib/gcc/arm-atollic-eabi/6.3.1/../../../../arm-atollic-eabi/lib/armv7e-m/fpu/libc.a(lib_a-vfiprintf.o)
 .rodata._dtoa_r.str1.1
                0x000000000800a740        0xd /opt/Atollic_TrueSTUDIO_for_STM32_x86_64_9.3.0/ARMTools/bin/../lib/gcc/arm-atollic-eabi/6.3.1/../../../../arm-atollic-eabi/lib/armv7e-m/fpu/libc.a(lib_a-dtoa.o)
                                          0xf (size before relaxing)
 *fill*         0x000000000800a74d        0x3 
 .rodata.__sf_fake_stderr
                0x000000000800a750       0x20 /opt/Atollic_TrueSTUDIO_for_STM32_x86_64_9.3.0/ARMTools/bin/../lib/gcc/arm-atollic-eabi/6.3.1/../../../../arm-atollic-eabi/lib/armv7e-m/fpu/libc.a(lib_a-findfp.o)
                0x000000000800a750                __sf_fake_stderr
 .rodata.__sf_fake_stdin
                0x000000000800a770       0x20 /opt/Atollic_TrueSTUDIO_for_STM32_x86_64_9.3.0/ARMTools/bin/../lib/gcc/arm-atollic-eabi/6.3.1/../../../../arm-atollic-eabi/lib/armv7e-m/fpu/libc.a(lib_a-findfp.o)
                0x000000000800a770                __sf_fake_stdin
 .rodata.__sf_fake_stdout
                0x000000000800a790       0x20 /opt/Atollic_TrueSTUDIO_for_STM32_x86_64_9.3.0/ARMTools/bin/../lib/gcc/arm-atollic-eabi/6.3.1/../../../../arm-atollic-eabi/lib/armv7e-m/fpu/libc.a(lib_a-findfp.o)
                0x000000000800a790                __sf_fake_stdout
 .rodata._setlocale_r.str1.1
                0x000000000800a7b0        0x8 /opt/Atollic_TrueSTUDIO_for_STM32_x86_64_9.3.0/ARMTools/bin/../lib/gcc/arm-atollic-eabi/6.3.1/../../../../arm-atollic-eabi/lib/armv7e-m/fpu/libc.a(lib_a-locale.o)
                                          0x9 (size before relaxing)
 .rodata.str1.1
                0x000000000800a7b8        0x2 /opt/Atollic_TrueSTUDIO_for_STM32_x86_64_9.3.0/ARMTools/bin/../lib/gcc/arm-atollic-eabi/6.3.1/../../../../arm-atollic-eabi/lib/armv7e-m/fpu/libc.a(lib_a-locale.o)
 *fill*         0x000000000800a7ba        0x6 
 .rodata.__mprec_bigtens
                0x000000000800a7c0       0x28 /opt/Atollic_TrueSTUDIO_for_STM32_x86_64_9.3.0/ARMTools/bin/../lib/gcc/arm-atollic-eabi/6.3.1/../../../../arm-atollic-eabi/lib/armv7e-m/fpu/libc.a(lib_a-mprec.o)
                0x000000000800a7c0                __mprec_bigtens
 .rodata.__mprec_tens
                0x000000000800a7e8       0xc8 /opt/Atollic_TrueSTUDIO_for_STM32_x86_64_9.3.0/ARMTools/bin/../lib/gcc/arm-atollic-eabi/6.3.1/../../../../arm-atollic-eabi/lib/armv7e-m/fpu/libc.a(lib_a-mprec.o)
                0x000000000800a7e8                __mprec_tens
 .rodata.p05.7196
                0x000000000800a8b0        0xc /opt/Atollic_TrueSTUDIO_for_STM32_x86_64_9.3.0/ARMTools/bin/../lib/gcc/arm-atollic-eabi/6.3.1/../../../../arm-atollic-eabi/lib/armv7e-m/fpu/libc.a(lib_a-mprec.o)
 .rodata._ctype_
                0x000000000800a8bc      0x101 /opt/Atollic_TrueSTUDIO_for_STM32_x86_64_9.3.0/ARMTools/bin/../lib/gcc/arm-atollic-eabi/6.3.1/../../../../arm-atollic-eabi/lib/armv7e-m/fpu/libc.a(lib_a-ctype_.o)
                0x000000000800a8bc                _ctype_
                0x000000000800a9c0                . = ALIGN (0x4)
 *fill*         0x000000000800a9bd        0x3 

.ARM.extab
 *(.ARM.extab* .gnu.linkonce.armextab.*)

.ARM            0x000000000800a9c0        0x8
                0x000000000800a9c0                __exidx_start = .
 *(.ARM.exidx*)
 .ARM.exidx     0x000000000800a9c0        0x8 /opt/Atollic_TrueSTUDIO_for_STM32_x86_64_9.3.0/ARMTools/bin/../lib/gcc/arm-atollic-eabi/6.3.1/armv7e-m/fpu/libgcc.a(_udivmoddi4.o)
                0x000000000800a9c8                __exidx_end = .

.rel.dyn        0x000000000800a9c8        0x0
 .rel.iplt      0x000000000800a9c8        0x0 /opt/Atollic_TrueSTUDIO_for_STM32_x86_64_9.3.0/ARMTools/bin/../lib/gcc/arm-atollic-eabi/6.3.1/armv7e-m/fpu/crtbegin.o

.preinit_array  0x000000000800a9c8        0x0
                0x000000000800a9c8                PROVIDE (__preinit_array_start, .)
 *(.preinit_array*)
                0x000000000800a9c8                PROVIDE (__preinit_array_end, .)

.init_array     0x000000000800a9c8        0x4
                0x000000000800a9c8                PROVIDE (__init_array_start, .)
 *(SORT(.init_array.*))
 *(.init_array*)
 .init_array    0x000000000800a9c8        0x4 /opt/Atollic_TrueSTUDIO_for_STM32_x86_64_9.3.0/ARMTools/bin/../lib/gcc/arm-atollic-eabi/6.3.1/armv7e-m/fpu/crtbegin.o
                0x000000000800a9cc                PROVIDE (__init_array_end, .)

.fini_array     0x000000000800a9cc        0x4
                [!provide]                        PROVIDE (__fini_array_start, .)
 *(SORT(.fini_array.*))
 *(.fini_array*)
 .fini_array    0x000000000800a9cc        0x4 /opt/Atollic_TrueSTUDIO_for_STM32_x86_64_9.3.0/ARMTools/bin/../lib/gcc/arm-atollic-eabi/6.3.1/armv7e-m/fpu/crtbegin.o
                [!provide]                        PROVIDE (__fini_array_end, .)
                0x000000000800a9d0                _sidata = LOADADDR (.data)

.data           0x0000000020000000      0x784 load address 0x000000000800a9d0
                0x0000000020000000                . = ALIGN (0x4)
                0x0000000020000000                _sdata = .
 *(.data)
 *(.data*)
 .data.uwTickFreq
                0x0000000020000000        0x1 Drivers/STM32F3xx_HAL_Driver/Src/stm32f3xx_hal.o
                0x0000000020000000                uwTickFreq
 *fill*         0x0000000020000001        0x3 
 .data.uwTickPrio
                0x0000000020000004        0x4 Drivers/STM32F3xx_HAL_Driver/Src/stm32f3xx_hal.o
                0x0000000020000004                uwTickPrio
 .data.eMBState
                0x0000000020000008        0x1 Middleware/Modbus/mb.o
 *fill*         0x0000000020000009        0x3 
 .data.xFuncHandlers
                0x000000002000000c       0x80 Middleware/Modbus/mb.o
 .data.uxCriticalNesting
                0x000000002000008c        0x4 Middlewares/Third_Party/FreeRTOS/Source/portable/GCC/ARM_CM4F/port.o
 .data.Font_7x10
                0x0000000020000090        0x8 Src/fonts.o
                0x0000000020000090                Font_7x10
 .data.defaultOcvTable
                0x0000000020000098       0x3c Src/soc.o
 .data.defaultSocTable
                0x00000000200000d4       0x3c Src/soc.o
 .data.SystemCoreClock
                0x0000000020000110        0x4 Src/system_stm32f3xx.o
                0x0000000020000110                SystemCoreClock
 .data._impure_ptr
                0x0000000020000114        0x4 /opt/Atollic_TrueSTUDIO_for_STM32_x86_64_9.3.0/ARMTools/bin/../lib/gcc/arm-atollic-eabi/6.3.1/../../../../arm-atollic-eabi/lib/armv7e-m/fpu/libc.a(lib_a-impure.o)
                0x0000000020000114                _impure_ptr
 .data.impure_data
                0x0000000020000118       0xf0 /opt/Atollic_TrueSTUDIO_for_STM32_x86_64_9.3.0/ARMTools/bin/../lib/gcc/arm-atollic-eabi/6.3.1/../../../../arm-atollic-eabi/lib/armv7e-m/fpu/libc.a(lib_a-impure.o)
 .data.__global_locale
                0x0000000020000208      0x16c /opt/Atollic_TrueSTUDIO_for_STM32_x86_64_9.3.0/ARMTools/bin/../lib/gcc/arm-atollic-eabi/6.3.1/../../../../arm-atollic-eabi/lib/armv7e-m/fpu/libc.a(lib_a-locale.o)
                0x0000000020000208                __global_locale
 .data.__malloc_av_
                0x0000000020000374      0x408 /opt/Atollic_TrueSTUDIO_for_STM32_x86_64_9.3.0/ARMTools/bin/../lib/gcc/arm-atollic-eabi/6.3.1/../../../../arm-atollic-eabi/lib/armv7e-m/fpu/libc.a(lib_a-mallocr.o)
                0x0000000020000374                __malloc_av_
 .data.__malloc_sbrk_base
                0x000000002000077c        0x4 /opt/Atollic_TrueSTUDIO_for_STM32_x86_64_9.3.0/ARMTools/bin/../lib/gcc/arm-atollic-eabi/6.3.1/../../../../arm-atollic-eabi/lib/armv7e-m/fpu/libc.a(lib_a-mallocr.o)
                0x000000002000077c                __malloc_sbrk_base
 .data.__malloc_trim_threshold
                0x0000000020000780        0x4 /opt/Atollic_TrueSTUDIO_for_STM32_x86_64_9.3.0/ARMTools/bin/../lib/gcc/arm-atollic-eabi/6.3.1/../../../../arm-atollic-eabi/lib/armv7e-m/fpu/libc.a(lib_a-mallocr.o)
                0x0000000020000780                __malloc_trim_threshold
                0x0000000020000784                . = ALIGN (0x4)
                0x0000000020000784                _edata = .
                0x000000000800b154                _siccmram = LOADADDR (.ccmram)

.igot.plt       0x0000000020000784        0x0 load address 0x000000000800b154
 .igot.plt      0x0000000020000784        0x0 /opt/Atollic_TrueSTUDIO_for_STM32_x86_64_9.3.0/ARMTools/bin/../lib/gcc/arm-atollic-eabi/6.3.1/armv7e-m/fpu/crtbegin.o

.ccmram         0x0000000010000000        0x0 load address 0x000000000800b154
                0x0000000010000000                . = ALIGN (0x4)
                0x0000000010000000                _sccmram = .
 *(.ccmram)
 *(.ccmram*)
                0x0000000010000000                . = ALIGN (0x4)
                0x0000000010000000                _eccmram = .
                0x0000000010000000                . = ALIGN (0x4)

.bss            0x0000000020000784     0x2a7c
                0x0000000020000784                _sbss = .
                0x0000000020000784                __bss_start__ = _sbss
 *(.bss)
 .bss           0x0000000020000784       0x1c /opt/Atollic_TrueSTUDIO_for_STM32_x86_64_9.3.0/ARMTools/bin/../lib/gcc/arm-atollic-eabi/6.3.1/armv7e-m/fpu/crtbegin.o
 *(.bss*)
 .bss.ucMBSlaveID
                0x00000000200007a0       0x20 Middleware/Modbus/functions/mbfuncother.o
 .bss.usMBSlaveIDLen
                0x00000000200007c0        0x2 Middleware/Modbus/functions/mbfuncother.o
 .bss.eException.9270
                0x00000000200007c2        0x1 Middleware/Modbus/mb.o
 *fill*         0x00000000200007c3        0x1 
 .bss.peMBFrameReceiveCur
                0x00000000200007c4        0x4 Middleware/Modbus/mb.o
 .bss.peMBFrameSendCur
                0x00000000200007c8        0x4 Middleware/Modbus/mb.o
 .bss.pvMBFrameCloseCur
                0x00000000200007cc        0x4 Middleware/Modbus/mb.o
 .bss.pvMBFrameStartCur
                0x00000000200007d0        0x4 Middleware/Modbus/mb.o
 .bss.pvMBFrameStopCur
                0x00000000200007d4        0x4 Middleware/Modbus/mb.o
 .bss.ucFunctionCode.9268
                0x00000000200007d8        0x1 Middleware/Modbus/mb.o
 .bss.ucMBAddress
                0x00000000200007d9        0x1 Middleware/Modbus/mb.o
 *fill*         0x00000000200007da        0x2 
 .bss.ucMBFrame.9266
                0x00000000200007dc        0x4 Middleware/Modbus/mb.o
 .bss.ucRcvAddress.9267
                0x00000000200007e0        0x1 Middleware/Modbus/mb.o
 *fill*         0x00000000200007e1        0x1 
 .bss.usLength.9269
                0x00000000200007e2        0x2 Middleware/Modbus/mb.o
 .bss.eQueuedEvent
                0x00000000200007e4        0x1 Middleware/Modbus/port/portevent.o
 .bss.xEventInQueue
                0x00000000200007e5        0x1 Middleware/Modbus/port/portevent.o
 .bss.downcounter
                0x00000000200007e6        0x2 Middleware/Modbus/port/porttimer.o
                0x00000000200007e6                downcounter
 .bss.timeout   0x00000000200007e8        0x2 Middleware/Modbus/port/porttimer.o
                0x00000000200007e8                timeout
 .bss.eRcvState
                0x00000000200007ea        0x1 Middleware/Modbus/rtu/mbrtu.o
 .bss.eSndState
                0x00000000200007eb        0x1 Middleware/Modbus/rtu/mbrtu.o
 .bss.pucSndBufferCur
                0x00000000200007ec        0x4 Middleware/Modbus/rtu/mbrtu.o
 .bss.usRcvBufferPos
                0x00000000200007f0        0x2 Middleware/Modbus/rtu/mbrtu.o
 .bss.usSndBufferCount
                0x00000000200007f2        0x2 Middleware/Modbus/rtu/mbrtu.o
 .bss.ucMaxSysCallPriority
                0x00000000200007f4        0x1 Middlewares/Third_Party/FreeRTOS/Source/portable/GCC/ARM_CM4F/port.o
 *fill*         0x00000000200007f5        0x3 
 .bss.ulMaxPRIGROUPValue
                0x00000000200007f8        0x4 Middlewares/Third_Party/FreeRTOS/Source/portable/GCC/ARM_CM4F/port.o
 .bss.pxCurrentTCB
                0x00000000200007fc        0x4 Middlewares/Third_Party/FreeRTOS/Source/tasks.o
                0x00000000200007fc                pxCurrentTCB
 .bss.pxDelayedTaskList
                0x0000000020000800        0x4 Middlewares/Third_Party/FreeRTOS/Source/tasks.o
 .bss.pxOverflowDelayedTaskList
                0x0000000020000804        0x4 Middlewares/Third_Party/FreeRTOS/Source/tasks.o
 .bss.pxReadyTasksLists
                0x0000000020000808       0x8c Middlewares/Third_Party/FreeRTOS/Source/tasks.o
 .bss.uxCurrentNumberOfTasks
                0x0000000020000894        0x4 Middlewares/Third_Party/FreeRTOS/Source/tasks.o
 .bss.uxDeletedTasksWaitingCleanUp
                0x0000000020000898        0x4 Middlewares/Third_Party/FreeRTOS/Source/tasks.o
 .bss.uxPendedTicks
                0x000000002000089c        0x4 Middlewares/Third_Party/FreeRTOS/Source/tasks.o
 .bss.uxSchedulerSuspended
                0x00000000200008a0        0x4 Middlewares/Third_Party/FreeRTOS/Source/tasks.o
 .bss.uxTaskNumber
                0x00000000200008a4        0x4 Middlewares/Third_Party/FreeRTOS/Source/tasks.o
 .bss.uxTopReadyPriority
                0x00000000200008a8        0x4 Middlewares/Third_Party/FreeRTOS/Source/tasks.o
 .bss.xDelayedTaskList1
                0x00000000200008ac       0x14 Middlewares/Third_Party/FreeRTOS/Source/tasks.o
 .bss.xDelayedTaskList2
                0x00000000200008c0       0x14 Middlewares/Third_Party/FreeRTOS/Source/tasks.o
 .bss.xNextTaskUnblockTime
                0x00000000200008d4        0x4 Middlewares/Third_Party/FreeRTOS/Source/tasks.o
 .bss.xNumOfOverflows
                0x00000000200008d8        0x4 Middlewares/Third_Party/FreeRTOS/Source/tasks.o
 .bss.xPendingReadyList
                0x00000000200008dc       0x14 Middlewares/Third_Party/FreeRTOS/Source/tasks.o
 .bss.xSchedulerRunning
                0x00000000200008f0        0x4 Middlewares/Third_Party/FreeRTOS/Source/tasks.o
 .bss.xSuspendedTaskList
                0x00000000200008f4       0x14 Middlewares/Third_Party/FreeRTOS/Source/tasks.o
 .bss.xTasksWaitingTermination
                0x0000000020000908       0x14 Middlewares/Third_Party/FreeRTOS/Source/tasks.o
 .bss.xTickCount
                0x000000002000091c        0x4 Middlewares/Third_Party/FreeRTOS/Source/tasks.o
 .bss.xYieldPending
                0x0000000020000920        0x4 Middlewares/Third_Party/FreeRTOS/Source/tasks.o
 .bss.xIdleStack
                0x0000000020000924     0x1000 Src/freertos.o
 .bss.xIdleTaskTCBBuffer
                0x0000000020001924       0x54 Src/freertos.o
 .bss.currChargeRemaining
                0x0000000020001978        0x4 Src/main.o
 .bss.currentCellSOC
                0x000000002000197c        0x4 Src/main.o
 .bss.currentDchgPct
                0x0000000020001980        0x1 Src/main.o
                0x0000000020001980                currentDchgPct
 .bss.currentState
                0x0000000020001981        0x1 Src/main.o
                0x0000000020001981                currentState
 *fill*         0x0000000020001982        0x2 
 .bss.lastComputedPower
                0x0000000020001984        0x4 Src/main.o
 .bss.lastReadBattV
                0x0000000020001988        0x4 Src/main.o
 .bss.lastReadCurr_mA
                0x000000002000198c        0x4 Src/main.o
 .bss.usRegHoldingBuf
                0x0000000020001990       0x10 Src/main.o
 .bss.usRegInputBuf
                0x00000000200019a0       0x12 Src/main.o
 .bss.SSD1306   0x00000000200019b2        0x6 Src/oled.o
 .bss.SSD1306_Buffer
                0x00000000200019b8      0x400 Src/oled.o
 .bss.heap_end.7031
                0x0000000020001db8        0x4 Src/syscalls.o
 .bss.__malloc_current_mallinfo