main.c:261:6:SystemClock_Config	168	static
main.c:161:5:main	64	static
main.c:716:6:getLatestADCValues	24	static
main.c:735:6:updateOLED	8	static
main.c:784:6:updateSerialPort	56	static
main.c:819:6:calcSOC	24	static
main.c:927:6:StartDefaultTask	8	static
main.c:831:6:HAL_GPIO_EXTI_Callback	0	static
main.c:841:6:Discharging_Set	16	static
main.c:874:6:Change_State.part.2	8	static
main.c:862:6:Charging_Enable	0	static
main.c:874:6:Change_State	8	static
main.c:656:6:HAL_TIM_PeriodElapsedCallback	16	static
main.c:902:6:Safety_Loop	0	static
main.c:953:6:Error_Handler	0	static
