main.c:278:6:SystemClock_Config	168	static
main.c:734:6:getLatestADCValues	24	static
main.c:753:6:updateOLED	56	static
main.c:814:6:updateSerialPort	56	static
main.c:849:6:updateModbusInputRegisters	32	static
main.c:866:6:calcSOC	24	static
main.c:183:5:main	80	static
main.c:878:6:HAL_GPIO_EXTI_Callback	0	static
main.c:888:6:Discharging_Set	16	static
main.c:921:6:Change_State.part.2	8	static
main.c:909:6:Charging_Enable	0	static
main.c:921:6:Change_State	8	static
main.c:674:6:HAL_TIM_PeriodElapsedCallback	16	static
main.c:949:6:Safety_Loop	0	static
main.c:968:1:eMBRegInputCB	8	static
main.c:997:1:eMBRegHoldingCB	8	static
main.c:1041:1:eMBRegCoilsCB	0	static
main.c:1048:1:eMBRegDiscreteCB	0	static
main.c:1059:6:Error_Handler	0	static
