stm32f3xx_it.c:74:6:NMI_Handler	0	static
stm32f3xx_it.c:87:6:HardFault_Handler	0	static
stm32f3xx_it.c:102:6:MemManage_Handler	0	static
stm32f3xx_it.c:117:6:BusFault_Handler	0	static
stm32f3xx_it.c:132:6:UsageFault_Handler	0	static
stm32f3xx_it.c:147:6:SVC_Handler	0	static
stm32f3xx_it.c:160:6:DebugMon_Handler	0	static
stm32f3xx_it.c:173:6:PendSV_Handler	0	static
stm32f3xx_it.c:186:6:SysTick_Handler	0	static
stm32f3xx_it.c:207:6:EXTI9_5_IRQHandler	8	static
stm32f3xx_it.c:222:6:TIM1_UP_TIM16_IRQHandler	0	static
stm32f3xx_it.c:236:6:TIM1_TRG_COM_TIM17_IRQHandler	0	static
stm32f3xx_it.c:250:6:TIM6_DAC_IRQHandler	8	static
stm32f3xx_it.c:265:6:TIM7_IRQHandler	0	static
