stm32f3xx_hal_msp.c:64:6:HAL_MspInit	16	static
stm32f3xx_hal_msp.c:88:6:HAL_CAN_MspInit	40	static
stm32f3xx_hal_msp.c:127:6:HAL_CAN_MspDeInit	8	static
stm32f3xx_hal_msp.c:158:6:HAL_DAC_MspInit	40	static
stm32f3xx_hal_msp.c:194:6:HAL_DAC_MspDeInit	0	static
stm32f3xx_hal_msp.c:231:6:HAL_I2C_MspInit	40	static
stm32f3xx_hal_msp.c:267:6:HAL_I2C_MspDeInit	0	static
stm32f3xx_hal_msp.c:296:6:HAL_TIM_Base_MspInit	24	static
stm32f3xx_hal_msp.c:363:6:HAL_TIM_Base_MspDeInit	0	static
stm32f3xx_hal_msp.c:437:6:HAL_UART_MspInit	48	static
stm32f3xx_hal_msp.c:500:6:HAL_UART_MspDeInit	8	static
