stm32f3xx_it.c:84:6:NMI_Handler	0	static
stm32f3xx_it.c:97:6:HardFault_Handler	0	static
stm32f3xx_it.c:124:6:MemManage_Handler	0	static
stm32f3xx_it.c:139:6:BusFault_Handler	0	static
stm32f3xx_it.c:154:6:UsageFault_Handler	0	static
stm32f3xx_it.c:169:6:DebugMon_Handler	0	static
stm32f3xx_it.c:182:6:SysTick_Handler	8	static
stm32f3xx_it.c:211:6:USB_LP_CAN_RX0_IRQHandler	0	static
stm32f3xx_it.c:225:6:EXTI9_5_IRQHandler	8	static
stm32f3xx_it.c:240:6:TIM1_UP_TIM16_IRQHandler	0	static
stm32f3xx_it.c:254:6:TIM1_TRG_COM_TIM17_IRQHandler	0	static
stm32f3xx_it.c:268:6:USART1_IRQHandler	8	static
stm32f3xx_it.c:297:6:TIM6_DAC_IRQHandler	8	static
stm32f3xx_it.c:312:6:TIM7_IRQHandler	8	static
stm32f3xx_it.c:334:6:prvGetRegistersFromStack	32	static
